
*** Running vivado
    with args -log run_led.vdi -applog -m64 -product Vivado -messageDb vivado.pb -mode batch -source run_led.tcl -notrace



****** Vivado v2024.2 (64-bit)
  **** SW Build 5239630 on Fri Nov 08 22:35:27 MST 2024
  **** IP Build 5239520 on Sun Nov 10 16:12:51 MST 2024
  **** SharedData Build 5239561 on Fri Nov 08 14:39:27 MST 2024
  **** Start of session at: Sat Aug  2 23:30:42 2025
    ** Copyright 1986-2022 Xilinx, Inc. All Rights Reserved.
    ** Copyright 2022-2024 Advanced Micro Devices, Inc. All Rights Reserved.

source run_led.tcl -notrace
create_project: Time (s): cpu = 00:00:09 ; elapsed = 00:00:09 . Memory (MB): peak = 620.332 ; gain = 191.441
Command: link_design -top run_led -part xcku5p-ffvb676-2-i
Design is defaulting to srcset: sources_1
Design is defaulting to constrset: constrs_1
INFO: [Device 21-403] Loading part xcku5p-ffvb676-2-i
Netlist sorting complete. Time (s): cpu = 00:00:00 ; elapsed = 00:00:00.001 . Memory (MB): peak = 1718.727 ; gain = 0.000
INFO: [Netlist 29-17] Analyzing 6 Unisim elements for replacement
INFO: [Netlist 29-28] Unisim Transformation completed in 0 CPU seconds
INFO: [Project 1-479] Netlist was created with Vivado 2024.2
INFO: [Project 1-570] Preparing netlist for logic optimization
Parsing XDC File [D:/GitHub/fpga_learing/XI_run_led/XI_run_led.srcs/constrs_1/new/mlk_h7_ku5p_pin.xdc]
Finished Parsing XDC File [D:/GitHub/fpga_learing/XI_run_led/XI_run_led.srcs/constrs_1/new/mlk_h7_ku5p_pin.xdc]
INFO: [Opt 31-138] Pushed 0 inverter(s) to 0 load pin(s).
Netlist sorting complete. Time (s): cpu = 00:00:00 ; elapsed = 00:00:00 . Memory (MB): peak = 1970.559 ; gain = 0.000
INFO: [Project 1-111] Unisim Transformation Summary:
  A total of 2 instances were transformed.
  IBUF => IBUF (IBUFCTRL, INBUF): 2 instances

7 Infos, 0 Warnings, 0 Critical Warnings and 0 Errors encountered.
link_design completed successfully
link_design: Time (s): cpu = 00:00:18 ; elapsed = 00:00:20 . Memory (MB): peak = 1970.559 ; gain = 1350.227
Command: opt_design
Attempting to get a license for feature 'Implementation' and/or device 'xcku5p'
INFO: [Common 17-349] Got license for feature 'Implementation' and/or device 'xcku5p'
Running DRC as a precondition to command opt_design

Starting DRC Task
INFO: [DRC 23-27] Running DRC with 2 threads
INFO: [Project 1-461] DRC finished with 0 Errors
INFO: [Project 1-462] Please refer to the DRC report (report_drc) for more information.

Time (s): cpu = 00:00:04 ; elapsed = 00:00:02 . Memory (MB): peak = 2019.367 ; gain = 48.809

Starting Cache Timing Information Task
INFO: [Timing 38-35] Done setting XDC timing constraints.
Ending Cache Timing Information Task | Checksum: 23d0c6a85

Time (s): cpu = 00:00:04 ; elapsed = 00:00:04 . Memory (MB): peak = 2336.637 ; gain = 317.270

Starting Logic Optimization Task

Phase 1 Initialization

Phase 1.1 Core Generation And Design Setup
Phase 1.1 Core Generation And Design Setup | Checksum: 23d0c6a85

Time (s): cpu = 00:00:00 ; elapsed = 00:00:00.010 . Memory (MB): peak = 2748.477 ; gain = 0.000

Phase 1.2 Setup Constraints And Sort Netlist
Phase 1.2 Setup Constraints And Sort Netlist | Checksum: 23d0c6a85

Time (s): cpu = 00:00:00 ; elapsed = 00:00:00.013 . Memory (MB): peak = 2748.477 ; gain = 0.000
Phase 1 Initialization | Checksum: 23d0c6a85

Time (s): cpu = 00:00:00 ; elapsed = 00:00:00.013 . Memory (MB): peak = 2748.477 ; gain = 0.000

Phase 2 Timer Update And Timing Data Collection

Phase 2.1 Timer Update
Phase 2.1 Timer Update | Checksum: 23d0c6a85

Time (s): cpu = 00:00:00 ; elapsed = 00:00:00.025 . Memory (MB): peak = 2748.477 ; gain = 0.000

Phase 2.2 Timing Data Collection
Phase 2.2 Timing Data Collection | Checksum: 23d0c6a85

Time (s): cpu = 00:00:00 ; elapsed = 00:00:00.040 . Memory (MB): peak = 2748.477 ; gain = 0.000
Phase 2 Timer Update And Timing Data Collection | Checksum: 23d0c6a85

Time (s): cpu = 00:00:00 ; elapsed = 00:00:00.041 . Memory (MB): peak = 2748.477 ; gain = 0.000

Phase 3 Retarget
INFO: [Opt 31-1851] Number of loadless carry chains removed were: 0
INFO: [Opt 31-1834] Total Chains To Be Transformed Were: 0 AND Number of Transformed insts Created are: 0
INFO: [Opt 31-138] Pushed 1 inverter(s) to 31 load pin(s).
INFO: [Opt 31-49] Retargeted 0 cell(s).
Phase 3 Retarget | Checksum: 310f8bdf1

Time (s): cpu = 00:00:00 ; elapsed = 00:00:00.063 . Memory (MB): peak = 2748.477 ; gain = 0.000
Retarget | Checksum: 310f8bdf1
INFO: [Opt 31-389] Phase Retarget created 0 cells and removed 1 cells

Phase 4 Constant propagation
INFO: [Opt 31-138] Pushed 0 inverter(s) to 0 load pin(s).
Phase 4 Constant propagation | Checksum: 310f8bdf1

Time (s): cpu = 00:00:00 ; elapsed = 00:00:00.066 . Memory (MB): peak = 2748.477 ; gain = 0.000
Constant propagation | Checksum: 310f8bdf1
INFO: [Opt 31-389] Phase Constant propagation created 0 cells and removed 0 cells

Phase 5 Sweep
INFO: [Constraints 18-11670] Building netlist checker database with flags, 0x8
Done building netlist checker database: Time (s): cpu = 00:00:00 ; elapsed = 00:00:00 . Memory (MB): peak = 2748.477 ; gain = 0.000
Phase 5 Sweep | Checksum: 28ef76a66

Time (s): cpu = 00:00:00 ; elapsed = 00:00:00.071 . Memory (MB): peak = 2748.477 ; gain = 0.000
Sweep | Checksum: 28ef76a66
INFO: [Opt 31-389] Phase Sweep created 0 cells and removed 0 cells

Phase 6 BUFG optimization
INFO: [Opt 31-1077] Phase BUFG optimization inserted 0 global clock buffer(s) for CLOCK_LOW_FANOUT.
Phase 6 BUFG optimization | Checksum: 28ef76a66

Time (s): cpu = 00:00:00 ; elapsed = 00:00:00.121 . Memory (MB): peak = 2748.477 ; gain = 0.000
BUFG optimization | Checksum: 28ef76a66
INFO: [Opt 31-662] Phase BUFG optimization created 0 cells of which 0 are BUFGs and removed 0 cells.

Phase 7 Shift Register Optimization
INFO: [Opt 31-1064] SRL Remap converted 0 SRLs to 0 registers and converted 0 registers of register chains to 0 SRLs
Phase 7 Shift Register Optimization | Checksum: 28ef76a66

Time (s): cpu = 00:00:00 ; elapsed = 00:00:00.124 . Memory (MB): peak = 2748.477 ; gain = 0.000
Shift Register Optimization | Checksum: 28ef76a66
INFO: [Opt 31-389] Phase Shift Register Optimization created 0 cells and removed 0 cells

Phase 8 Post Processing Netlist
Phase 8 Post Processing Netlist | Checksum: 28ef76a66

Time (s): cpu = 00:00:00 ; elapsed = 00:00:00.126 . Memory (MB): peak = 2748.477 ; gain = 0.000
Post Processing Netlist | Checksum: 28ef76a66
INFO: [Opt 31-389] Phase Post Processing Netlist created 0 cells and removed 0 cells

Phase 9 Finalization

Phase 9.1 Finalizing Design Cores and Updating Shapes
Phase 9.1 Finalizing Design Cores and Updating Shapes | Checksum: 2a9074d04

Time (s): cpu = 00:00:00 ; elapsed = 00:00:00.132 . Memory (MB): peak = 2748.477 ; gain = 0.000

Phase 9.2 Verifying Netlist Connectivity

Starting Connectivity Check Task

Time (s): cpu = 00:00:00 ; elapsed = 00:00:00.009 . Memory (MB): peak = 2748.477 ; gain = 0.000
Phase 9.2 Verifying Netlist Connectivity | Checksum: 2a9074d04

Time (s): cpu = 00:00:00 ; elapsed = 00:00:00.142 . Memory (MB): peak = 2748.477 ; gain = 0.000
Phase 9 Finalization | Checksum: 2a9074d04

Time (s): cpu = 00:00:00 ; elapsed = 00:00:00.142 . Memory (MB): peak = 2748.477 ; gain = 0.000
Opt_design Change Summary
=========================


-------------------------------------------------------------------------------------------------------------------------
|  Phase                        |  #Cells created  |  #Cells Removed  |  #Constrained objects preventing optimizations  |
-------------------------------------------------------------------------------------------------------------------------
|  Retarget                     |               0  |               1  |                                              0  |
|  Constant propagation         |               0  |               0  |                                              0  |
|  Sweep                        |               0  |               0  |                                              0  |
|  BUFG optimization            |               0  |               0  |                                              0  |
|  Shift Register Optimization  |               0  |               0  |                                              0  |
|  Post Processing Netlist      |               0  |               0  |                                              0  |
-------------------------------------------------------------------------------------------------------------------------


Ending Logic Optimization Task | Checksum: 2a9074d04

Time (s): cpu = 00:00:00 ; elapsed = 00:00:00.144 . Memory (MB): peak = 2748.477 ; gain = 0.000

Starting Power Optimization Task
INFO: [Pwropt 34-132] Skipping clock gating for clocks with a period < 2.00 ns.
Ending Power Optimization Task | Checksum: 2a9074d04

Time (s): cpu = 00:00:00 ; elapsed = 00:00:00.025 . Memory (MB): peak = 2748.477 ; gain = 0.000

Starting Final Cleanup Task
Ending Final Cleanup Task | Checksum: 2a9074d04

Time (s): cpu = 00:00:00 ; elapsed = 00:00:00.001 . Memory (MB): peak = 2748.477 ; gain = 0.000

Starting Netlist Obfuscation Task
Netlist sorting complete. Time (s): cpu = 00:00:00 ; elapsed = 00:00:00 . Memory (MB): peak = 2748.477 ; gain = 0.000
Ending Netlist Obfuscation Task | Checksum: 2a9074d04

Time (s): cpu = 00:00:00 ; elapsed = 00:00:00.001 . Memory (MB): peak = 2748.477 ; gain = 0.000
INFO: [Common 17-83] Releasing license: Implementation
28 Infos, 0 Warnings, 0 Critical Warnings and 0 Errors encountered.
opt_design completed successfully
opt_design: Time (s): cpu = 00:00:12 ; elapsed = 00:00:11 . Memory (MB): peak = 2748.477 ; gain = 777.918
INFO: [Vivado 12-24828] Executing command : report_drc -file run_led_drc_opted.rpt -pb run_led_drc_opted.pb -rpx run_led_drc_opted.rpx
Command: report_drc -file run_led_drc_opted.rpt -pb run_led_drc_opted.pb -rpx run_led_drc_opted.rpx
INFO: [IP_Flow 19-234] Refreshing IP repositories
INFO: [IP_Flow 19-1704] No user IP repositories specified
INFO: [IP_Flow 19-2313] Loaded Vivado IP repository 'D:/Xilinx/Vivado/2024.2/data/ip'.
INFO: [DRC 23-27] Running DRC with 2 threads
INFO: [Vivado_Tcl 2-168] The results of DRC are in file D:/GitHub/fpga_learing/XI_run_led/XI_run_led.runs/impl_1/run_led_drc_opted.rpt.
report_drc completed successfully
INFO: [Timing 38-480] Writing timing data to binary archive.
Write ShapeDB Complete: Time (s): cpu = 00:00:00 ; elapsed = 00:00:00.002 . Memory (MB): peak = 2748.477 ; gain = 0.000
Wrote PlaceDB: Time (s): cpu = 00:00:00 ; elapsed = 00:00:00.001 . Memory (MB): peak = 2748.477 ; gain = 0.000
Wrote PulsedLatchDB: Time (s): cpu = 00:00:00 ; elapsed = 00:00:00 . Memory (MB): peak = 2748.477 ; gain = 0.000
Writing XDEF routing.
Writing XDEF routing logical nets.
Writing XDEF routing special nets.
Wrote RouteStorage: Time (s): cpu = 00:00:00 ; elapsed = 00:00:00.076 . Memory (MB): peak = 2748.477 ; gain = 0.000
Wrote Netlist Cache: Time (s): cpu = 00:00:00 ; elapsed = 00:00:00 . Memory (MB): peak = 2748.477 ; gain = 0.000
Wrote Device Cache: Time (s): cpu = 00:00:00 ; elapsed = 00:00:00.033 . Memory (MB): peak = 2748.477 ; gain = 0.000
Write Physdb Complete: Time (s): cpu = 00:00:00 ; elapsed = 00:00:00.125 . Memory (MB): peak = 2748.477 ; gain = 0.000
INFO: [Common 17-1381] The checkpoint 'D:/GitHub/fpga_learing/XI_run_led/XI_run_led.runs/impl_1/run_led_opt.dcp' has been generated.
Command: place_design
Attempting to get a license for feature 'Implementation' and/or device 'xcku5p'
INFO: [Common 17-349] Got license for feature 'Implementation' and/or device 'xcku5p'
INFO: [Common 17-83] Releasing license: Implementation
INFO: [DRC 23-27] Running DRC with 2 threads
INFO: [Vivado_Tcl 4-198] DRC finished with 0 Errors
INFO: [Vivado_Tcl 4-199] Please refer to the DRC report (report_drc) for more information.
Running DRC as a precondition to command place_design
INFO: [DRC 23-27] Running DRC with 2 threads
INFO: [Vivado_Tcl 4-198] DRC finished with 0 Errors
INFO: [Vivado_Tcl 4-199] Please refer to the DRC report (report_drc) for more information.
INFO: [Place 30-611] Multithreading enabled for place_design using a maximum of 2 CPUs

Starting Placer Task

Phase 1 Placer Initialization

Phase 1.1 Placer Initialization Netlist Sorting
Netlist sorting complete. Time (s): cpu = 00:00:00 ; elapsed = 00:00:00.001 . Memory (MB): peak = 2748.613 ; gain = 0.000
Phase 1.1 Placer Initialization Netlist Sorting | Checksum: 24c1e83eb

Time (s): cpu = 00:00:00 ; elapsed = 00:00:00.005 . Memory (MB): peak = 2748.613 ; gain = 0.000
Netlist sorting complete. Time (s): cpu = 00:00:00 ; elapsed = 00:00:00 . Memory (MB): peak = 2748.613 ; gain = 0.000

Phase 1.2 IO Placement/ Clock Placement/ Build Placer Device
INFO: [Timing 38-35] Done setting XDC timing constraints.
Phase 1.2 IO Placement/ Clock Placement/ Build Placer Device | Checksum: 1531a1f09

Time (s): cpu = 00:00:01 ; elapsed = 00:00:00.503 . Memory (MB): peak = 2748.613 ; gain = 0.000

Phase 1.3 Build Placer Netlist Model
Phase 1.3 Build Placer Netlist Model | Checksum: 21b9adfd5

Time (s): cpu = 00:00:06 ; elapsed = 00:00:05 . Memory (MB): peak = 2790.594 ; gain = 41.980

Phase 1.4 Constrain Clocks/Macros
Phase 1.4 Constrain Clocks/Macros | Checksum: 21b9adfd5

Time (s): cpu = 00:00:06 ; elapsed = 00:00:05 . Memory (MB): peak = 2790.594 ; gain = 41.980
Phase 1 Placer Initialization | Checksum: 21b9adfd5

Time (s): cpu = 00:00:06 ; elapsed = 00:00:05 . Memory (MB): peak = 2791.789 ; gain = 43.176

Phase 2 Global Placement

Phase 2.1 Floorplanning

Phase 2.1.1 Partition Driven Placement

Phase 2.1.1.1 PBP: Partition Driven Placement
Phase 2.1.1.1 PBP: Partition Driven Placement | Checksum: 21b9adfd5

Time (s): cpu = 00:00:06 ; elapsed = 00:00:05 . Memory (MB): peak = 2793.680 ; gain = 45.066

Phase 2.1.1.2 PBP: Clock Region Placement
INFO: [Place 30-3162] Check ILP status : ILP-based clock placer completed successfully.
Phase 2.1.1.2 PBP: Clock Region Placement | Checksum: 21b9adfd5

Time (s): cpu = 00:00:06 ; elapsed = 00:00:06 . Memory (MB): peak = 2795.383 ; gain = 46.770

Phase 2.1.1.3 PBP: Compute Congestion
Phase 2.1.1.3 PBP: Compute Congestion | Checksum: 21b9adfd5

Time (s): cpu = 00:00:23 ; elapsed = 00:00:15 . Memory (MB): peak = 3214.777 ; gain = 466.164

Phase 2.1.1.4 PBP: Add part constraints
Phase 2.1.1.4 PBP: Add part constraints | Checksum: 21b9adfd5

Time (s): cpu = 00:00:23 ; elapsed = 00:00:15 . Memory (MB): peak = 3214.777 ; gain = 466.164
Phase 2.1.1 Partition Driven Placement | Checksum: 21b9adfd5

Time (s): cpu = 00:00:23 ; elapsed = 00:00:15 . Memory (MB): peak = 3214.777 ; gain = 466.164
Phase 2.1 Floorplanning | Checksum: 21b9adfd5

Time (s): cpu = 00:00:23 ; elapsed = 00:00:15 . Memory (MB): peak = 3214.777 ; gain = 466.164

Phase 2.2 Update Timing before SLR Path Opt
Phase 2.2 Update Timing before SLR Path Opt | Checksum: 21b9adfd5

Time (s): cpu = 00:00:23 ; elapsed = 00:00:15 . Memory (MB): peak = 3214.777 ; gain = 466.164

Phase 2.3 Post-Processing in Floorplanning
Phase 2.3 Post-Processing in Floorplanning | Checksum: 21b9adfd5

Time (s): cpu = 00:00:23 ; elapsed = 00:00:15 . Memory (MB): peak = 3214.777 ; gain = 466.164

Phase 2.4 Global Place Phase1
Phase 2.4 Global Place Phase1 | Checksum: 1bd511c77

Time (s): cpu = 00:02:00 ; elapsed = 00:01:06 . Memory (MB): peak = 3373.430 ; gain = 624.816

Phase 2.5 Global Place Phase2
WARNING: [Place 46-29] Timing had been disabled during Placer and, therefore, physical synthesis in Placer will be skipped.
Phase 2.5 Global Place Phase2 | Checksum: 211e6fd59

Time (s): cpu = 00:02:16 ; elapsed = 00:01:15 . Memory (MB): peak = 3373.430 ; gain = 624.816
Phase 2 Global Placement | Checksum: 211e6fd59

Time (s): cpu = 00:02:16 ; elapsed = 00:01:15 . Memory (MB): peak = 3373.430 ; gain = 624.816

Phase 3 Detail Placement

Phase 3.1 Commit Multi Column Macros
Phase 3.1 Commit Multi Column Macros | Checksum: 211e6fd59

Time (s): cpu = 00:02:32 ; elapsed = 00:01:23 . Memory (MB): peak = 3373.430 ; gain = 624.816

Phase 3.2 Commit Most Macros & LUTRAMs
Phase 3.2 Commit Most Macros & LUTRAMs | Checksum: 27b685dd7

Time (s): cpu = 00:02:32 ; elapsed = 00:01:23 . Memory (MB): peak = 3373.430 ; gain = 624.816

Phase 3.3 Small Shape DP

Phase 3.3.1 Small Shape Clustering
Phase 3.3.1 Small Shape Clustering | Checksum: 28460d106

Time (s): cpu = 00:03:03 ; elapsed = 00:01:39 . Memory (MB): peak = 3373.430 ; gain = 624.816

Phase 3.3.2 Slice Area Swap

Phase 3.3.2.1 Slice Area Swap Initial
Phase 3.3.2.1 Slice Area Swap Initial | Checksum: 28222047e

Time (s): cpu = 00:03:19 ; elapsed = 00:01:47 . Memory (MB): peak = 3375.156 ; gain = 626.543
Phase 3.3.2 Slice Area Swap | Checksum: 28222047e

Time (s): cpu = 00:03:19 ; elapsed = 00:01:48 . Memory (MB): peak = 3376.188 ; gain = 627.574
Phase 3.3 Small Shape DP | Checksum: 1f9c5aec8

Time (s): cpu = 00:03:50 ; elapsed = 00:02:04 . Memory (MB): peak = 3386.703 ; gain = 638.090

Phase 3.4 Re-assign LUT pins
Phase 3.4 Re-assign LUT pins | Checksum: 1f9c5aec8

Time (s): cpu = 00:03:53 ; elapsed = 00:02:07 . Memory (MB): peak = 3386.703 ; gain = 638.090

Phase 3.5 Pipeline Register Optimization
Phase 3.5 Pipeline Register Optimization | Checksum: 1f9c5aec8

Time (s): cpu = 00:03:53 ; elapsed = 00:02:07 . Memory (MB): peak = 3386.703 ; gain = 638.090
Phase 3 Detail Placement | Checksum: 1f9c5aec8

Time (s): cpu = 00:03:53 ; elapsed = 00:02:07 . Memory (MB): peak = 3386.703 ; gain = 638.090

Phase 4 Post Placement Optimization and Clean-Up

Phase 4.1 Post Commit Optimization
Phase 4.1 Post Commit Optimization | Checksum: 1f9c5aec8

Time (s): cpu = 00:04:09 ; elapsed = 00:02:16 . Memory (MB): peak = 3386.703 ; gain = 638.090
Netlist sorting complete. Time (s): cpu = 00:00:00 ; elapsed = 00:00:00 . Memory (MB): peak = 3386.703 ; gain = 0.000

Phase 4.2 Post Placement Cleanup
Phase 4.2 Post Placement Cleanup | Checksum: 20d8cec50

Time (s): cpu = 00:04:37 ; elapsed = 00:02:35 . Memory (MB): peak = 3386.703 ; gain = 638.090

Phase 4.3 Placer Reporting

Phase 4.3.1 Print Estimated Congestion
INFO: [Place 30-612] Post-Placement Estimated Congestion 
 ________________________________________________________________________
|           | Global Congestion | Long Congestion   | Short Congestion  |
| Direction | Region Size       | Region Size       | Region Size       |
|___________|___________________|___________________|___________________|
|      North|                1x1|                1x1|                1x1|
|___________|___________________|___________________|___________________|
|      South|                1x1|                1x1|                1x1|
|___________|___________________|___________________|___________________|
|       East|                1x1|                1x1|                1x1|
|___________|___________________|___________________|___________________|
|       West|                1x1|                1x1|                1x1|
|___________|___________________|___________________|___________________|

Phase 4.3.1 Print Estimated Congestion | Checksum: 20d8cec50

Time (s): cpu = 00:04:37 ; elapsed = 00:02:35 . Memory (MB): peak = 3386.703 ; gain = 638.090
Phase 4.3 Placer Reporting | Checksum: 20d8cec50

Time (s): cpu = 00:04:37 ; elapsed = 00:02:35 . Memory (MB): peak = 3386.703 ; gain = 638.090

Phase 4.4 Final Placement Cleanup
Netlist sorting complete. Time (s): cpu = 00:00:00 ; elapsed = 00:00:00 . Memory (MB): peak = 3386.703 ; gain = 0.000

Time (s): cpu = 00:04:37 ; elapsed = 00:02:35 . Memory (MB): peak = 3386.703 ; gain = 638.090
Phase 4 Post Placement Optimization and Clean-Up | Checksum: 25e3f3196

Time (s): cpu = 00:04:37 ; elapsed = 00:02:35 . Memory (MB): peak = 3386.703 ; gain = 638.090
Ending Placer Task | Checksum: 2023ae3dc

Time (s): cpu = 00:04:37 ; elapsed = 00:02:35 . Memory (MB): peak = 3386.703 ; gain = 638.090
48 Infos, 1 Warnings, 0 Critical Warnings and 0 Errors encountered.
place_design completed successfully
place_design: Time (s): cpu = 00:04:45 ; elapsed = 00:02:40 . Memory (MB): peak = 3386.703 ; gain = 638.227
INFO: [Vivado 12-24838] Running report commands "report_control_sets, report_io, report_utilization" in parallel.
Running report generation with 2 threads.
INFO: [Vivado 12-24828] Executing command : report_utilization -file run_led_utilization_placed.rpt -pb run_led_utilization_placed.pb
INFO: [Vivado 12-24828] Executing command : report_control_sets -verbose -file run_led_control_sets_placed.rpt
report_control_sets: Time (s): cpu = 00:00:00 ; elapsed = 00:00:00.003 . Memory (MB): peak = 3386.703 ; gain = 0.000
INFO: [Vivado 12-24828] Executing command : report_io -file run_led_io_placed.rpt
report_io: Time (s): cpu = 00:00:00 ; elapsed = 00:00:00.172 . Memory (MB): peak = 3386.703 ; gain = 0.000
INFO: [Timing 38-480] Writing timing data to binary archive.
Write ShapeDB Complete: Time (s): cpu = 00:00:00 ; elapsed = 00:00:00.002 . Memory (MB): peak = 3386.703 ; gain = 0.000
Wrote PlaceDB: Time (s): cpu = 00:00:00 ; elapsed = 00:00:00.009 . Memory (MB): peak = 3386.703 ; gain = 0.000
Wrote PulsedLatchDB: Time (s): cpu = 00:00:00 ; elapsed = 00:00:00 . Memory (MB): peak = 3386.703 ; gain = 0.000
Writing XDEF routing.
Writing XDEF routing logical nets.
Writing XDEF routing special nets.
Wrote RouteStorage: Time (s): cpu = 00:00:00 ; elapsed = 00:00:00.084 . Memory (MB): peak = 3386.703 ; gain = 0.000
Wrote Netlist Cache: Time (s): cpu = 00:00:00 ; elapsed = 00:00:00 . Memory (MB): peak = 3386.703 ; gain = 0.000
Wrote Device Cache: Time (s): cpu = 00:00:00 ; elapsed = 00:00:00.032 . Memory (MB): peak = 3386.703 ; gain = 0.000
Write Physdb Complete: Time (s): cpu = 00:00:00 ; elapsed = 00:00:00.140 . Memory (MB): peak = 3386.703 ; gain = 0.000
INFO: [Common 17-1381] The checkpoint 'D:/GitHub/fpga_learing/XI_run_led/XI_run_led.runs/impl_1/run_led_placed.dcp' has been generated.
Command: phys_opt_design
Attempting to get a license for feature 'Implementation' and/or device 'xcku5p'
INFO: [Common 17-349] Got license for feature 'Implementation' and/or device 'xcku5p'

Starting Initial Update Timing Task

Time (s): cpu = 00:00:14 ; elapsed = 00:00:15 . Memory (MB): peak = 3992.230 ; gain = 605.527
INFO: [Vivado_Tcl 4-235] No timing constraint found. The netlist was not modified.
INFO: [Common 17-83] Releasing license: Implementation
57 Infos, 1 Warnings, 0 Critical Warnings and 0 Errors encountered.
phys_opt_design completed successfully
phys_opt_design: Time (s): cpu = 00:00:14 ; elapsed = 00:00:15 . Memory (MB): peak = 3992.230 ; gain = 605.527
Write ShapeDB Complete: Time (s): cpu = 00:00:00 ; elapsed = 00:00:00.002 . Memory (MB): peak = 3992.230 ; gain = 0.000
INFO: [Timing 38-480] Writing timing data to binary archive.
Wrote PlaceDB: Time (s): cpu = 00:00:00 ; elapsed = 00:00:00.012 . Memory (MB): peak = 3992.230 ; gain = 0.000
Wrote PulsedLatchDB: Time (s): cpu = 00:00:00 ; elapsed = 00:00:00 . Memory (MB): peak = 3992.230 ; gain = 0.000
Writing XDEF routing.
Writing XDEF routing logical nets.
Writing XDEF routing special nets.
Wrote RouteStorage: Time (s): cpu = 00:00:00 ; elapsed = 00:00:00.079 . Memory (MB): peak = 3992.230 ; gain = 0.000
Wrote Netlist Cache: Time (s): cpu = 00:00:00 ; elapsed = 00:00:00 . Memory (MB): peak = 3992.230 ; gain = 0.000
Wrote Device Cache: Time (s): cpu = 00:00:00 ; elapsed = 00:00:00.038 . Memory (MB): peak = 3992.230 ; gain = 0.000
Write Physdb Complete: Time (s): cpu = 00:00:00 ; elapsed = 00:00:00.143 . Memory (MB): peak = 3992.230 ; gain = 0.000
INFO: [Common 17-1381] The checkpoint 'D:/GitHub/fpga_learing/XI_run_led/XI_run_led.runs/impl_1/run_led_physopt.dcp' has been generated.
Command: route_design
Attempting to get a license for feature 'Implementation' and/or device 'xcku5p'
INFO: [Common 17-349] Got license for feature 'Implementation' and/or device 'xcku5p'


Starting Routing Task
INFO: [Route 35-254] Multithreading enabled for route_design using a maximum of 2 CPUs

Phase 1 Build RT Design
Checksum: PlaceDB: 7b690178 ConstDB: 0 ShapeSum: bc63b180 RouteDB: ca6e30e4
Nodegraph reading from file.  Time (s): cpu = 00:00:01 ; elapsed = 00:00:01 . Memory (MB): peak = 3992.230 ; gain = 0.000
Post Restoration Checksum: NetGraph: eebbbe1c | NumContArr: ace6961e | Constraints: 72157778 | Timing: c2a8fa9d
Phase 1 Build RT Design | Checksum: 2d060c64f

Time (s): cpu = 00:00:05 ; elapsed = 00:00:06 . Memory (MB): peak = 3992.230 ; gain = 0.000

Phase 2 Router Initialization
INFO: [Route 35-64] No timing constraints were detected. The router will operate in resource-optimization mode.

Phase 2.1 Fix Topology Constraints
Phase 2.1 Fix Topology Constraints | Checksum: 2d060c64f

Time (s): cpu = 00:00:05 ; elapsed = 00:00:06 . Memory (MB): peak = 3992.230 ; gain = 0.000

Phase 2.2 Pre Route Cleanup
Phase 2.2 Pre Route Cleanup | Checksum: 2d060c64f

Time (s): cpu = 00:00:05 ; elapsed = 00:00:06 . Memory (MB): peak = 3992.230 ; gain = 0.000

Phase 2.3 Global Clock Net Routing
 Number of Nodes with overlaps = 0
Phase 2.3 Global Clock Net Routing | Checksum: 23b51925f

Time (s): cpu = 00:00:07 ; elapsed = 00:00:07 . Memory (MB): peak = 3992.230 ; gain = 0.000

Router Utilization Summary
  Global Vertical Routing Utilization    = 0 %
  Global Horizontal Routing Utilization  = 0 %
  Routable Net Status*
  *Does not include unroutable nets such as driverless and loadless.
  Run report_route_status for detailed report.
  Number of Failed Nets               = 78
    (Failed Nets is the sum of unrouted and partially routed nets)
  Number of Unrouted Nets             = 67
  Number of Partially Routed Nets     = 11
  Number of Node Overlaps             = 0

Phase 2 Router Initialization | Checksum: 27aa0d64c

Time (s): cpu = 00:00:08 ; elapsed = 00:00:07 . Memory (MB): peak = 3992.230 ; gain = 0.000

Phase 3 Global Routing
Phase 3 Global Routing | Checksum: 27aa0d64c

Time (s): cpu = 00:00:08 ; elapsed = 00:00:08 . Memory (MB): peak = 3992.230 ; gain = 0.000

Phase 4 Initial Routing

Phase 4.1 Initial Net Routing Pass
Phase 4.1 Initial Net Routing Pass | Checksum: 27983f624

Time (s): cpu = 00:00:09 ; elapsed = 00:00:08 . Memory (MB): peak = 3992.230 ; gain = 0.000
Phase 4 Initial Routing | Checksum: 27983f624

Time (s): cpu = 00:00:09 ; elapsed = 00:00:08 . Memory (MB): peak = 3992.230 ; gain = 0.000

Phase 5 Rip-up And Reroute

Phase 5.1 Global Iteration 0
 Number of Nodes with overlaps = 0
Phase 5.1 Global Iteration 0 | Checksum: 2820de9e4

Time (s): cpu = 00:00:09 ; elapsed = 00:00:08 . Memory (MB): peak = 3992.230 ; gain = 0.000
Phase 5 Rip-up And Reroute | Checksum: 2820de9e4

Time (s): cpu = 00:00:09 ; elapsed = 00:00:08 . Memory (MB): peak = 3992.230 ; gain = 0.000

Phase 6 Delay and Skew Optimization
Phase 6 Delay and Skew Optimization | Checksum: 2820de9e4

Time (s): cpu = 00:00:09 ; elapsed = 00:00:08 . Memory (MB): peak = 3992.230 ; gain = 0.000

Phase 7 Post Hold Fix

Phase 7.1 Hold Fix Iter
Phase 7.1 Hold Fix Iter | Checksum: 2820de9e4

Time (s): cpu = 00:00:09 ; elapsed = 00:00:08 . Memory (MB): peak = 3992.230 ; gain = 0.000
Phase 7 Post Hold Fix | Checksum: 2820de9e4

Time (s): cpu = 00:00:09 ; elapsed = 00:00:08 . Memory (MB): peak = 3992.230 ; gain = 0.000

Phase 8 Route finalize

Router Utilization Summary
  Global Vertical Routing Utilization    = 0.0024384 %
  Global Horizontal Routing Utilization  = 0.00204248 %
  Routable Net Status*
  *Does not include unroutable nets such as driverless and loadless.
  Run report_route_status for detailed report.
  Number of Failed Nets               = 0
    (Failed Nets is the sum of unrouted and partially routed nets)
  Number of Unrouted Nets             = 0
  Number of Partially Routed Nets     = 0
  Number of Node Overlaps             = 0


--GLOBAL Congestion:
Utilization threshold used for congestion level computation: 0.85
Congestion Report
North Dir 1x1 Area, Max Cong = 6.10329%, No Congested Regions.
South Dir 1x1 Area, Max Cong = 6.16114%, No Congested Regions.
East Dir 1x1 Area, Max Cong = 6.73077%, No Congested Regions.
West Dir 1x1 Area, Max Cong = 6.73077%, No Congested Regions.

------------------------------
Reporting congestion hotspots
------------------------------
Direction: North
----------------
Congested clusters found at Level 0
Effective congestion level: 0 Aspect Ratio: 1 Sparse Ratio: 0
Direction: South
----------------
Congested clusters found at Level 0
Effective congestion level: 0 Aspect Ratio: 1 Sparse Ratio: 0
Direction: East
----------------
Congested clusters found at Level 0
Effective congestion level: 0 Aspect Ratio: 1 Sparse Ratio: 0
Direction: West
----------------
Congested clusters found at Level 0
Effective congestion level: 0 Aspect Ratio: 1 Sparse Ratio: 0

Phase 8 Route finalize | Checksum: 2820de9e4

Time (s): cpu = 00:00:10 ; elapsed = 00:00:09 . Memory (MB): peak = 3992.230 ; gain = 0.000

Phase 9 Verifying routed nets

 Verification completed successfully
Phase 9 Verifying routed nets | Checksum: 2820de9e4

Time (s): cpu = 00:00:10 ; elapsed = 00:00:09 . Memory (MB): peak = 3992.230 ; gain = 0.000

Phase 10 Depositing Routes
Phase 10 Depositing Routes | Checksum: 2820de9e4

Time (s): cpu = 00:00:10 ; elapsed = 00:00:09 . Memory (MB): peak = 3992.230 ; gain = 0.000

Phase 11 Resolve XTalk

Skipping xtalk assignment for non timing driven mode.
Phase 11 Resolve XTalk | Checksum: 2820de9e4

Time (s): cpu = 00:00:10 ; elapsed = 00:00:09 . Memory (MB): peak = 3992.230 ; gain = 0.000

Phase 12 Post Process Routing
Phase 12 Post Process Routing | Checksum: 2820de9e4

Time (s): cpu = 00:00:10 ; elapsed = 00:00:09 . Memory (MB): peak = 3992.230 ; gain = 0.000
Time taken to check if laguna hold fix is required (in secs): 0
Skip PhysOpt in Router because non-negative WNS value: 1e+30 .
Total Elapsed time in route_design: 8.607 secs

Phase 13 Post-Route Event Processing
Phase 13 Post-Route Event Processing | Checksum: 224fa8e85

Time (s): cpu = 00:00:10 ; elapsed = 00:00:09 . Memory (MB): peak = 3992.230 ; gain = 0.000
INFO: [Route 35-16] Router Completed Successfully
Ending Routing Task | Checksum: 224fa8e85

Time (s): cpu = 00:00:10 ; elapsed = 00:00:09 . Memory (MB): peak = 3992.230 ; gain = 0.000

Routing Is Done.
INFO: [Common 17-83] Releasing license: Implementation
64 Infos, 1 Warnings, 0 Critical Warnings and 0 Errors encountered.
route_design completed successfully
route_design: Time (s): cpu = 00:00:10 ; elapsed = 00:00:09 . Memory (MB): peak = 3992.230 ; gain = 0.000
INFO: [Vivado 12-24828] Executing command : report_drc -file run_led_drc_routed.rpt -pb run_led_drc_routed.pb -rpx run_led_drc_routed.rpx
Command: report_drc -file run_led_drc_routed.rpt -pb run_led_drc_routed.pb -rpx run_led_drc_routed.rpx
INFO: [IP_Flow 19-1839] IP Catalog is up to date.
INFO: [DRC 23-27] Running DRC with 2 threads
INFO: [Vivado_Tcl 2-168] The results of DRC are in file D:/GitHub/fpga_learing/XI_run_led/XI_run_led.runs/impl_1/run_led_drc_routed.rpt.
report_drc completed successfully
INFO: [Vivado 12-24828] Executing command : report_methodology -file run_led_methodology_drc_routed.rpt -pb run_led_methodology_drc_routed.pb -rpx run_led_methodology_drc_routed.rpx
Command: report_methodology -file run_led_methodology_drc_routed.rpt -pb run_led_methodology_drc_routed.pb -rpx run_led_methodology_drc_routed.rpx
INFO: [Timing 38-35] Done setting XDC timing constraints.
INFO: [DRC 23-133] Running Methodology with 2 threads
INFO: [Vivado_Tcl 2-1520] The results of Report Methodology are in file D:/GitHub/fpga_learing/XI_run_led/XI_run_led.runs/impl_1/run_led_methodology_drc_routed.rpt.
report_methodology completed successfully
INFO: [Vivado 12-24828] Executing command : report_timing_summary -max_paths 10 -report_unconstrained -file run_led_timing_summary_routed.rpt -pb run_led_timing_summary_routed.pb -rpx run_led_timing_summary_routed.rpx -warn_on_violation 
INFO: [Timing 38-35] Done setting XDC timing constraints.
INFO: [Timing 38-91] UpdateTimingParams: Speed grade: -2, Temperature grade: I, Delay Type: min_max.
INFO: [Timing 38-191] Multithreading enabled for timing update using a maximum of 2 CPUs
WARNING: [Timing 38-313] There are no user specified timing constraints. Timing constraints are needed for proper timing analysis.
INFO: [Vivado 12-24838] Running report commands "report_incremental_reuse, report_route_status" in parallel.
Running report generation with 2 threads.
INFO: [Vivado 12-24828] Executing command : report_route_status -file run_led_route_status.rpt -pb run_led_route_status.pb
INFO: [Vivado 12-24828] Executing command : report_incremental_reuse -file run_led_incremental_reuse_routed.rpt
INFO: [Vivado_Tcl 4-1062] Incremental flow is disabled. No incremental reuse Info to report.
INFO: [Vivado 12-24828] Executing command : report_power -file run_led_power_routed.rpt -pb run_led_power_summary_routed.pb -rpx run_led_power_routed.rpx
Command: report_power -file run_led_power_routed.rpt -pb run_led_power_summary_routed.pb -rpx run_led_power_routed.rpx
WARNING: [Power 33-232] No user defined clocks were found in the design! Power estimation will be inaccurate until this is corrected.
Resolution: Please specify clocks using create_clock/create_generated_clock for sequential elements. For pure combinatorial circuits, please specify a virtual clock, otherwise the vectorless estimation might be inaccurate
Running Vector-less Activity Propagation...

Finished Running Vector-less Activity Propagation
81 Infos, 3 Warnings, 0 Critical Warnings and 0 Errors encountered.
report_power completed successfully
report_power: Time (s): cpu = 00:00:08 ; elapsed = 00:00:08 . Memory (MB): peak = 3992.230 ; gain = 0.000
INFO: [Vivado 12-24828] Executing command : report_clock_utilization -file run_led_clock_utilization_routed.rpt
INFO: [Vivado 12-24828] Executing command : report_bus_skew -warn_on_violation -file run_led_bus_skew_routed.rpt -pb run_led_bus_skew_routed.pb -rpx run_led_bus_skew_routed.rpx
INFO: [Timing 38-91] UpdateTimingParams: Speed grade: -2, Temperature grade: I, Delay Type: min_max.
INFO: [Timing 38-191] Multithreading enabled for timing update using a maximum of 2 CPUs
generate_parallel_reports: Time (s): cpu = 00:00:24 ; elapsed = 00:00:19 . Memory (MB): peak = 3992.230 ; gain = 0.000
Write ShapeDB Complete: Time (s): cpu = 00:00:00 ; elapsed = 00:00:00.001 . Memory (MB): peak = 3992.230 ; gain = 0.000
INFO: [Timing 38-480] Writing timing data to binary archive.
Wrote PlaceDB: Time (s): cpu = 00:00:00 ; elapsed = 00:00:00.009 . Memory (MB): peak = 3992.230 ; gain = 0.000
Wrote PulsedLatchDB: Time (s): cpu = 00:00:00 ; elapsed = 00:00:00 . Memory (MB): peak = 3992.230 ; gain = 0.000
Writing XDEF routing.
Writing XDEF routing logical nets.
Writing XDEF routing special nets.
Wrote RouteStorage: Time (s): cpu = 00:00:00 ; elapsed = 00:00:00.076 . Memory (MB): peak = 3992.230 ; gain = 0.000
Wrote Netlist Cache: Time (s): cpu = 00:00:00 ; elapsed = 00:00:00 . Memory (MB): peak = 3992.230 ; gain = 0.000
Wrote Device Cache: Time (s): cpu = 00:00:00 ; elapsed = 00:00:00.033 . Memory (MB): peak = 3992.230 ; gain = 0.000
Write Physdb Complete: Time (s): cpu = 00:00:00 ; elapsed = 00:00:00.132 . Memory (MB): peak = 3992.230 ; gain = 0.000
INFO: [Common 17-1381] The checkpoint 'D:/GitHub/fpga_learing/XI_run_led/XI_run_led.runs/impl_1/run_led_routed.dcp' has been generated.
Command: write_bitstream -force run_led.bit
Attempting to get a license for feature 'Implementation' and/or device 'xcku5p'
INFO: [Common 17-349] Got license for feature 'Implementation' and/or device 'xcku5p'
Running DRC as a precondition to command write_bitstream
INFO: [IP_Flow 19-1839] IP Catalog is up to date.
INFO: [DRC 23-27] Running DRC with 2 threads
INFO: [Vivado 12-3199] DRC finished with 0 Errors
INFO: [Vivado 12-3200] Please refer to the DRC report (report_drc) for more information.
INFO: [Designutils 20-2272] Running write_bitstream with 2 threads.
Loading data files...
Loading site data...
Loading route data...
Processing options...
Creating bitmap...
Creating bitstream...
Bitstream compression saved 92820480 bits.
Writing bitstream ./run_led.bit...
INFO: [Vivado 12-1842] Bitgen Completed Successfully.
INFO: [Project 1-1876] WebTalk data collection is mandatory when using a ULT device. To see the specific WebTalk data collected for your design, open the usage_statistics_webtalk.html or usage_statistics_webtalk.xml file in the implementation directory.
INFO: [Common 17-83] Releasing license: Implementation
96 Infos, 3 Warnings, 0 Critical Warnings and 0 Errors encountered.
write_bitstream completed successfully
write_bitstream: Time (s): cpu = 00:00:25 ; elapsed = 00:00:18 . Memory (MB): peak = 3992.230 ; gain = 0.000
INFO: [Common 17-206] Exiting Vivado at Sat Aug  2 23:35:15 2025...
