Copyright 1986-2020 Xilinx, Inc. All Rights Reserved.
-------------------------------------------------------------------------------------
| Tool Version : Vivado v.2020.2 (win64) Build 3064766 Wed Nov 18 09:12:45 MST 2020
| Date         : Thu Aug 28 10:46:55 2025
| Host         : DESKTOP-IMB8E6N running 64-bit major release  (build 9200)
| Command      : report_control_sets -verbose -file XVII_top_control_sets_placed.rpt
| Design       : XVII_top
| Device       : xcku5p
-------------------------------------------------------------------------------------

Control Set Information

Table of Contents
-----------------
1. Summary
2. Histogram
3. Flip-Flop Distribution
4. Detailed Control Set Information

1. Summary
----------

+----------------------------------------------------------+-------+
|                          Status                          | Count |
+----------------------------------------------------------+-------+
| Total control sets                                       |     8 |
|    Minimum number of control sets                        |     8 |
|    Addition due to synthesis replication                 |     0 |
|    Addition due to physical synthesis replication        |     0 |
| Unused register locations in slices containing registers |     6 |
+----------------------------------------------------------+-------+
* Control sets can be merged at opt_design using control_set_merge or merge_equivalent_drivers
** Run report_qor_suggestions for automated merging and remapping suggestions


2. Histogram
------------

+--------------------+-------+
|       Fanout       | Count |
+--------------------+-------+
| Total control sets |     8 |
| >= 0 to < 4        |     1 |
| >= 4 to < 6        |     0 |
| >= 6 to < 8        |     0 |
| >= 8 to < 10       |     4 |
| >= 10 to < 12      |     2 |
| >= 12 to < 14      |     0 |
| >= 14 to < 16      |     0 |
| >= 16              |     1 |
+--------------------+-------+
* Control sets can be remapped at either synth_design or opt_design


3. Flip-Flop Distribution
-------------------------

+--------------+-----------------------+------------------------+-----------------+--------------+
| Clock Enable | Synchronous Set/Reset | Asynchronous Set/Reset | Total Registers | Total Slices |
+--------------+-----------------------+------------------------+-----------------+--------------+
| No           | No                    | No                     |               0 |            0 |
| No           | No                    | Yes                    |              31 |           13 |
| No           | Yes                   | No                     |               0 |            0 |
| Yes          | No                    | No                     |               0 |            0 |
| Yes          | No                    | Yes                    |              43 |            9 |
| Yes          | Yes                   | No                     |               0 |            0 |
+--------------+-----------------------+------------------------+-----------------+--------------+


4. Detailed Control Set Information
-----------------------------------

+------------------------------------------------+-------------------------------------------------------------+-----------------------+------------------+----------------+--------------+
|                  Clock Signal                  |                        Enable Signal                        |    Set/Reset Signal   | Slice Load Count | Bel Load Count | Bels / Slice |
+------------------------------------------------+-------------------------------------------------------------+-----------------------+------------------+----------------+--------------+
|  uart_inst/clock_generator_uart_tx/uart_tx_clk |                                                             | sys_rst_n_IBUF_inst/O |                1 |              2 |         2.00 |
|  uart_inst/clock_generator_uart_rx/clk         | uart_inst/uart_rx_inst/reg_uart_rx_output                   | sys_rst_n_IBUF_inst/O |                3 |              8 |         2.67 |
|  uart_inst/clock_generator_uart_rx/clk         | uart_inst/uart_rx_inst/uart_rx_acquire_count[7]_i_1_n_0     | sys_rst_n_IBUF_inst/O |                2 |              8 |         4.00 |
|  uart_inst/clock_generator_uart_tx/uart_tx_clk | uart_inst/uart_tx_inst/reg_uart_tx_input                    | sys_rst_n_IBUF_inst/O |                2 |              8 |         4.00 |
|  sys_clk_single_BUFG                           | uart_inst/uart_rx_inst/E[0]                                 | sys_rst_n_IBUF_inst/O |                2 |              8 |         4.00 |
|  uart_inst/clock_generator_uart_rx/clk         |                                                             | sys_rst_n_IBUF_inst/O |                6 |             11 |         1.83 |
|  uart_inst/clock_generator_uart_tx/uart_tx_clk | uart_inst/uart_tx_inst/FSM_onehot_uart_tx_state[10]_i_1_n_0 | sys_rst_n_IBUF_inst/O |                2 |             11 |         5.50 |
|  sys_clk_single_BUFG                           |                                                             | sys_rst_n_IBUF_inst/O |                6 |             18 |         3.00 |
+------------------------------------------------+-------------------------------------------------------------+-----------------------+------------------+----------------+--------------+


