Copyright 1986-2020 Xilinx, Inc. All Rights Reserved.
---------------------------------------------------------------------------------------
| Tool Version : Vivado v.2020.2 (win64) Build 3064766 Wed Nov 18 09:12:45 MST 2020
| Date         : Tue Aug  5 17:32:00 2025
| Host         : DESKTOP-IMB8E6N running 64-bit major release  (build 9200)
| Command      : report_control_sets -verbose -file breath_led_control_sets_placed.rpt
| Design       : breath_led
| Device       : xcku5p
---------------------------------------------------------------------------------------

Control Set Information

Table of Contents
-----------------
1. Summary
2. Histogram
3. Flip-Flop Distribution
4. Detailed Control Set Information

1. Summary
----------

+----------------------------------------------------------+-------+
|                          Status                          | Count |
+----------------------------------------------------------+-------+
| Total control sets                                       |     3 |
|    Minimum number of control sets                        |     3 |
|    Addition due to synthesis replication                 |     0 |
|    Addition due to physical synthesis replication        |     0 |
| Unused register locations in slices containing registers |     7 |
+----------------------------------------------------------+-------+
* Control sets can be merged at opt_design using control_set_merge or merge_equivalent_drivers
** Run report_qor_suggestions for automated merging and remapping suggestions


2. Histogram
------------

+--------------------+-------+
|       Fanout       | Count |
+--------------------+-------+
| Total control sets |     3 |
| >= 0 to < 4        |     0 |
| >= 4 to < 6        |     0 |
| >= 6 to < 8        |     0 |
| >= 8 to < 10       |     1 |
| >= 10 to < 12      |     2 |
| >= 12 to < 14      |     0 |
| >= 14 to < 16      |     0 |
| >= 16              |     0 |
+--------------------+-------+
* Control sets can be remapped at either synth_design or opt_design


3. Flip-Flop Distribution
-------------------------

+--------------+-----------------------+------------------------+-----------------+--------------+
| Clock Enable | Synchronous Set/Reset | Asynchronous Set/Reset | Total Registers | Total Slices |
+--------------+-----------------------+------------------------+-----------------+--------------+
| No           | No                    | No                     |               0 |            0 |
| No           | No                    | Yes                    |               9 |            3 |
| No           | Yes                   | No                     |               0 |            0 |
| Yes          | No                    | No                     |               0 |            0 |
| Yes          | No                    | Yes                    |              20 |            5 |
| Yes          | Yes                   | No                     |               0 |            0 |
+--------------+-----------------------+------------------------+-----------------+--------------+


4. Detailed Control Set Information
-----------------------------------

+-------------------------+-----------------+----------------------------+------------------+----------------+--------------+
|       Clock Signal      |  Enable Signal  |      Set/Reset Signal      | Slice Load Count | Bel Load Count | Bels / Slice |
+-------------------------+-----------------+----------------------------+------------------+----------------+--------------+
|  clock_system_IBUF_BUFG |                 | reset_system_n_IBUF_inst/O |                3 |              9 |         3.00 |
|  clock_system_IBUF_BUFG | reg_1_ms_count1 | reset_system_n_IBUF_inst/O |                3 |             10 |         3.33 |
|  clock_system_IBUF_BUFG | reg_1_ms_count0 | reset_system_n_IBUF_inst/O |                2 |             10 |         5.00 |
+-------------------------+-----------------+----------------------------+------------------+----------------+--------------+


