
*** Running vivado
    with args -log fft_lab_top.vds -m64 -product Vivado -mode batch -messageDb vivado.pb -notrace -source fft_lab_top.tcl



****** Vivado v2023.1.1 (64-bit)
  **** SW Build 3900603 on Fri Jun 16 19:31:24 MDT 2023
  **** IP Build 3900379 on Sat Jun 17 05:28:05 MDT 2023
  **** SharedData Build 3899622 on Fri Jun 16 03:34:24 MDT 2023
    ** Copyright 1986-2022 Xilinx, Inc. All Rights Reserved.
    ** Copyright 2022-2023 Advanced Micro Devices, Inc. All Rights Reserved.

source fft_lab_top.tcl -notrace
create_project: Time (s): cpu = 00:00:06 ; elapsed = 00:00:06 . Memory (MB): peak = 1938.051 ; gain = 153.613
Command: read_checkpoint -auto_incremental -incremental C:/GitHub/fpga_learing/xx_fft_lab/xx_fft_lab.srcs/utils_1/imports/synth_1/fft_lab_top.dcp
INFO: [Vivado 12-5825] Read reference checkpoint from C:/GitHub/fpga_learing/xx_fft_lab/xx_fft_lab.srcs/utils_1/imports/synth_1/fft_lab_top.dcp for incremental synthesis
INFO: [Vivado 12-7989] Please ensure there are no constraint changes
Command: synth_design -top fft_lab_top -part xczu19eg-ffvc1760-2-i
Starting synth_design
Attempting to get a license for feature 'Synthesis' and/or device 'xczu19eg'
INFO: [Common 17-349] Got license for feature 'Synthesis' and/or device 'xczu19eg'
WARNING: [Vivado_Tcl 4-1809] The reference checkpoint is from an old version of Vivado; A full resynthesis flow will be run
INFO: [Device 21-403] Loading part xczu19eg-ffvc1760-2-i
INFO: [Designutils 20-5440] No compile time benefit to using incremental synthesis; A full resynthesis will be run
INFO: [Designutils 20-4379] Flow is switching to default flow due to incremental criteria not met. If you would like to alter this behaviour and have the flow terminate instead, please set the following parameter config_implementation {autoIncr.Synth.RejectBehavior Terminate}
INFO: [Synth 8-7079] Multithreading enabled for synth_design using a maximum of 2 processes.
INFO: [Synth 8-7078] Launching helper process for spawning children vivado processes
INFO: [Synth 8-7075] Helper process launched with PID 8244
---------------------------------------------------------------------------------
Starting RTL Elaboration : Time (s): cpu = 00:00:05 ; elapsed = 00:00:05 . Memory (MB): peak = 3586.594 ; gain = 358.328
---------------------------------------------------------------------------------
INFO: [Synth 8-638] synthesizing module 'fft_lab_top' [C:/GitHub/fpga_learing/xx_fft_lab/xx_fft_lab.srcs/sources_1/new/fft_lab_top.vhd:43]
	Parameter DIFF_TERM bound to: 0 - type: bool 
	Parameter IBUF_LOW_PWR bound to: 0 - type: bool 
INFO: [Synth 8-113] binding component instance 'ibufds_u0' to cell 'IBUFDS' [C:/GitHub/fpga_learing/xx_fft_lab/xx_fft_lab.srcs/sources_1/new/fft_lab_top.vhd:77]
INFO: [Synth 8-3491] module 'dds_core' declared at 'C:/GitHub/fpga_learing/xx_fft_lab/xx_fft_lab.srcs/sources_1/new/dds_core.vhd:34' bound to instance 'dds_init' of component 'dds_core' [C:/GitHub/fpga_learing/xx_fft_lab/xx_fft_lab.srcs/sources_1/new/fft_lab_top.vhd:91]
INFO: [Synth 8-638] synthesizing module 'dds_core' [C:/GitHub/fpga_learing/xx_fft_lab/xx_fft_lab.srcs/sources_1/new/dds_core.vhd:52]
INFO: [Synth 8-226] default block is never used [C:/GitHub/fpga_learing/xx_fft_lab/xx_fft_lab.srcs/sources_1/new/dds_core.vhd:336]
INFO: [Synth 8-256] done synthesizing module 'dds_core' (0#1) [C:/GitHub/fpga_learing/xx_fft_lab/xx_fft_lab.srcs/sources_1/new/dds_core.vhd:52]
INFO: [Synth 8-3491] module 'dds_ila' declared at 'C:/GitHub/fpga_learing/xx_fft_lab/xx_fft_lab.runs/synth_1/.Xil/Vivado-18804-TGSPOCK-DELL-PRECISION-7550/realtime/dds_ila_stub.vhdl:6' bound to instance 'dds_ila_inst' of component 'dds_ila' [C:/GitHub/fpga_learing/xx_fft_lab/xx_fft_lab.srcs/sources_1/new/fft_lab_top.vhd:102]
INFO: [Synth 8-638] synthesizing module 'dds_ila' [C:/GitHub/fpga_learing/xx_fft_lab/xx_fft_lab.runs/synth_1/.Xil/Vivado-18804-TGSPOCK-DELL-PRECISION-7550/realtime/dds_ila_stub.vhdl:17]
INFO: [Synth 8-256] done synthesizing module 'fft_lab_top' (0#1) [C:/GitHub/fpga_learing/xx_fft_lab/xx_fft_lab.srcs/sources_1/new/fft_lab_top.vhd:43]
INFO: [Synth 8-6071] Mark debug on the nets applies keep_hierarchy on instance 'dds_init'. This will prevent further optimization [C:/GitHub/fpga_learing/xx_fft_lab/xx_fft_lab.srcs/sources_1/new/fft_lab_top.vhd:91]
---------------------------------------------------------------------------------
Finished RTL Elaboration : Time (s): cpu = 00:00:07 ; elapsed = 00:00:07 . Memory (MB): peak = 3681.711 ; gain = 453.445
---------------------------------------------------------------------------------
---------------------------------------------------------------------------------
Start Handling Custom Attributes
---------------------------------------------------------------------------------
---------------------------------------------------------------------------------
Finished Handling Custom Attributes : Time (s): cpu = 00:00:07 ; elapsed = 00:00:07 . Memory (MB): peak = 3699.613 ; gain = 471.348
---------------------------------------------------------------------------------
---------------------------------------------------------------------------------
Finished RTL Optimization Phase 1 : Time (s): cpu = 00:00:07 ; elapsed = 00:00:07 . Memory (MB): peak = 3699.613 ; gain = 471.348
---------------------------------------------------------------------------------
Netlist sorting complete. Time (s): cpu = 00:00:00 ; elapsed = 00:00:00.003 . Memory (MB): peak = 3711.660 ; gain = 0.000
INFO: [Netlist 29-17] Analyzing 1 Unisim elements for replacement
INFO: [Netlist 29-28] Unisim Transformation completed in 0 CPU seconds
INFO: [Project 1-570] Preparing netlist for logic optimization

Processing XDC Constraints
Initializing timing engine
Parsing XDC File [c:/GitHub/fpga_learing/xx_fft_lab/xx_fft_lab.gen/sources_1/ip/dds_ila/dds_ila/dds_ila_in_context.xdc] for cell 'dds_ila_inst'
Finished Parsing XDC File [c:/GitHub/fpga_learing/xx_fft_lab/xx_fft_lab.gen/sources_1/ip/dds_ila/dds_ila/dds_ila_in_context.xdc] for cell 'dds_ila_inst'
Parsing XDC File [C:/GitHub/fpga_learing/xx_fft_lab/xx_fft_lab.srcs/constrs_1/new/xx_fft_lab.xdc]
Finished Parsing XDC File [C:/GitHub/fpga_learing/xx_fft_lab/xx_fft_lab.srcs/constrs_1/new/xx_fft_lab.xdc]
INFO: [Project 1-236] Implementation specific constraints were found while reading constraint file [C:/GitHub/fpga_learing/xx_fft_lab/xx_fft_lab.srcs/constrs_1/new/xx_fft_lab.xdc]. These constraints will be ignored for synthesis but will be used in implementation. Impacted constraints are listed in the file [.Xil/fft_lab_top_propImpl.xdc].
Resolution: To avoid this warning, move constraints listed in [.Xil/fft_lab_top_propImpl.xdc] to another XDC file and exclude this new file from synthesis with the used_in_synthesis property (File Properties dialog in GUI) and re-run elaboration/synthesis.
Completed Processing XDC Constraints

Netlist sorting complete. Time (s): cpu = 00:00:00 ; elapsed = 00:00:00 . Memory (MB): peak = 3821.605 ; gain = 0.000
INFO: [Project 1-111] Unisim Transformation Summary:
  A total of 1 instances were transformed.
  IBUFDS => IBUFDS (DIFFINBUF, IBUFCTRL): 1 instance 

Constraint Validation Runtime : Time (s): cpu = 00:00:00 ; elapsed = 00:00:00.004 . Memory (MB): peak = 3821.605 ; gain = 0.000
WARNING: [Timing 38-316] Clock period '10.000' specified during out-of-context synthesis of instance 'dds_ila_inst' at clock pin 'clk' is different from the actual clock period '5.000', this can lead to different synthesis results.
INFO: [Designutils 20-5440] No compile time benefit to using incremental synthesis; A full resynthesis will be run
INFO: [Designutils 20-4379] Flow is switching to default flow due to incremental criteria not met. If you would like to alter this behaviour and have the flow terminate instead, please set the following parameter config_implementation {autoIncr.Synth.RejectBehavior Terminate}
---------------------------------------------------------------------------------
Finished Constraint Validation : Time (s): cpu = 00:00:19 ; elapsed = 00:00:20 . Memory (MB): peak = 3821.605 ; gain = 593.340
---------------------------------------------------------------------------------
---------------------------------------------------------------------------------
Start Loading Part and Timing Information
---------------------------------------------------------------------------------
Loading part: xczu19eg-ffvc1760-2-i
INFO: [Synth 8-6742] Reading net delay rules and data
---------------------------------------------------------------------------------
Finished Loading Part and Timing Information : Time (s): cpu = 00:00:19 ; elapsed = 00:00:20 . Memory (MB): peak = 3821.605 ; gain = 593.340
---------------------------------------------------------------------------------
---------------------------------------------------------------------------------
Start Applying 'set_property' XDC Constraints
---------------------------------------------------------------------------------
Applied set_property KEEP_HIERARCHY = SOFT for dds_ila_inst. (constraint file  auto generated constraint).
---------------------------------------------------------------------------------
Finished applying 'set_property' XDC Constraints : Time (s): cpu = 00:00:20 ; elapsed = 00:00:20 . Memory (MB): peak = 3821.605 ; gain = 593.340
---------------------------------------------------------------------------------
---------------------------------------------------------------------------------
Finished RTL Optimization Phase 2 : Time (s): cpu = 00:00:20 ; elapsed = 00:00:20 . Memory (MB): peak = 3821.605 ; gain = 593.340
---------------------------------------------------------------------------------
---------------------------------------------------------------------------------
Start RTL Component Statistics 
---------------------------------------------------------------------------------
Detailed RTL Component Info : 
+---Adders : 
	   2 Input   16 Bit       Adders := 1     
	   2 Input    9 Bit       Adders := 1     
+---Registers : 
	               32 Bit    Registers := 1     
	               16 Bit    Registers := 2     
	                1 Bit    Registers := 4     
+---ROMs : 
	                    ROMs := 1     
+---Muxes : 
	   2 Input   32 Bit        Muxes := 1     
	   2 Input   16 Bit        Muxes := 1     
	   4 Input    9 Bit        Muxes := 1     
---------------------------------------------------------------------------------
Finished RTL Component Statistics 
---------------------------------------------------------------------------------
---------------------------------------------------------------------------------
Start Part Resource Summary
---------------------------------------------------------------------------------
Part Resources:
DSPs: 1968 (col length:264)
BRAMs: 1968 (col length: RAMB18 264 RAMB36 132)
---------------------------------------------------------------------------------
Finished Part Resource Summary
---------------------------------------------------------------------------------
---------------------------------------------------------------------------------
Start Cross Boundary and Area Optimization
---------------------------------------------------------------------------------
WARNING: [Synth 8-7080] Parallel synthesis criteria is not met
---------------------------------------------------------------------------------
Finished Cross Boundary and Area Optimization : Time (s): cpu = 00:00:22 ; elapsed = 00:00:22 . Memory (MB): peak = 3821.605 ; gain = 593.340
---------------------------------------------------------------------------------
---------------------------------------------------------------------------------
Start ROM, RAM, DSP, Shift Register and Retiming Reporting
---------------------------------------------------------------------------------

ROM: Preliminary Mapping Report
+------------+-------------------------+---------------+----------------+
|Module Name | RTL Object              | Depth x Width | Implemented As | 
+------------+-------------------------+---------------+----------------+
|dds_core    | current_table_value_reg | 512x16        | Block RAM      | 
|dds_core    | current_table_value_reg | 512x16        | Block RAM      | 
+------------+-------------------------+---------------+----------------+

---------------------------------------------------------------------------------
Finished ROM, RAM, DSP, Shift Register and Retiming Reporting
---------------------------------------------------------------------------------
---------------------------------------------------------------------------------
Start Applying XDC Timing Constraints
---------------------------------------------------------------------------------
---------------------------------------------------------------------------------
Finished Applying XDC Timing Constraints : Time (s): cpu = 00:00:35 ; elapsed = 00:00:35 . Memory (MB): peak = 4266.547 ; gain = 1038.281
---------------------------------------------------------------------------------
---------------------------------------------------------------------------------
Start Timing Optimization
---------------------------------------------------------------------------------
---------------------------------------------------------------------------------
Finished Timing Optimization : Time (s): cpu = 00:00:35 ; elapsed = 00:00:35 . Memory (MB): peak = 4286.230 ; gain = 1057.965
---------------------------------------------------------------------------------
---------------------------------------------------------------------------------
Start Technology Mapping
---------------------------------------------------------------------------------
INFO: [Synth 8-7052] The timing for the instance dds_init/current_table_value_reg (implemented as a Block RAM) might be sub-optimal as no optional output register could be merged into the ram block. Providing additional output register may help in improving timing.
---------------------------------------------------------------------------------
Finished Technology Mapping : Time (s): cpu = 00:00:35 ; elapsed = 00:00:35 . Memory (MB): peak = 4286.230 ; gain = 1057.965
---------------------------------------------------------------------------------
---------------------------------------------------------------------------------
Start IO Insertion
---------------------------------------------------------------------------------
---------------------------------------------------------------------------------
Start Flattening Before IO Insertion
---------------------------------------------------------------------------------
---------------------------------------------------------------------------------
Finished Flattening Before IO Insertion
---------------------------------------------------------------------------------
---------------------------------------------------------------------------------
Start Final Netlist Cleanup
---------------------------------------------------------------------------------
---------------------------------------------------------------------------------
Finished Final Netlist Cleanup
---------------------------------------------------------------------------------
---------------------------------------------------------------------------------
Finished IO Insertion : Time (s): cpu = 00:00:39 ; elapsed = 00:00:40 . Memory (MB): peak = 4292.621 ; gain = 1064.355
---------------------------------------------------------------------------------
---------------------------------------------------------------------------------
Start Renaming Generated Instances
---------------------------------------------------------------------------------
---------------------------------------------------------------------------------
Finished Renaming Generated Instances : Time (s): cpu = 00:00:39 ; elapsed = 00:00:40 . Memory (MB): peak = 4292.621 ; gain = 1064.355
---------------------------------------------------------------------------------
---------------------------------------------------------------------------------
Start Rebuilding User Hierarchy
---------------------------------------------------------------------------------
---------------------------------------------------------------------------------
Finished Rebuilding User Hierarchy : Time (s): cpu = 00:00:39 ; elapsed = 00:00:40 . Memory (MB): peak = 4292.621 ; gain = 1064.355
---------------------------------------------------------------------------------
---------------------------------------------------------------------------------
Start Renaming Generated Ports
---------------------------------------------------------------------------------
---------------------------------------------------------------------------------
Finished Renaming Generated Ports : Time (s): cpu = 00:00:39 ; elapsed = 00:00:40 . Memory (MB): peak = 4292.621 ; gain = 1064.355
---------------------------------------------------------------------------------
---------------------------------------------------------------------------------
Start Handling Custom Attributes
---------------------------------------------------------------------------------
---------------------------------------------------------------------------------
Finished Handling Custom Attributes : Time (s): cpu = 00:00:39 ; elapsed = 00:00:40 . Memory (MB): peak = 4292.621 ; gain = 1064.355
---------------------------------------------------------------------------------
---------------------------------------------------------------------------------
Start Renaming Generated Nets
---------------------------------------------------------------------------------
---------------------------------------------------------------------------------
Finished Renaming Generated Nets : Time (s): cpu = 00:00:39 ; elapsed = 00:00:40 . Memory (MB): peak = 4292.621 ; gain = 1064.355
---------------------------------------------------------------------------------
---------------------------------------------------------------------------------
Start Writing Synthesis Report
---------------------------------------------------------------------------------

Report BlackBoxes: 
+------+--------------+----------+
|      |BlackBox name |Instances |
+------+--------------+----------+
|1     |dds_ila       |         1|
+------+--------------+----------+

Report Cell Usage: 
+------+-------------+------+
|      |Cell         |Count |
+------+-------------+------+
|1     |dds_ila_bbox |     1|
|2     |BUFG         |     1|
|3     |CARRY8       |     6|
|4     |LUT1         |     2|
|5     |LUT2         |    49|
|6     |LUT3         |     2|
|7     |LUT4         |     2|
|8     |LUT5         |     4|
|9     |LUT6         |     1|
|10    |RAMB18E2     |     1|
|11    |FDRE         |    84|
|12    |IBUF         |     1|
|13    |IBUFDS       |     1|
+------+-------------+------+
---------------------------------------------------------------------------------
Finished Writing Synthesis Report : Time (s): cpu = 00:00:39 ; elapsed = 00:00:40 . Memory (MB): peak = 4292.621 ; gain = 1064.355
---------------------------------------------------------------------------------
Synthesis finished with 0 errors, 0 critical warnings and 1 warnings.
Synthesis Optimization Runtime : Time (s): cpu = 00:00:25 ; elapsed = 00:00:32 . Memory (MB): peak = 4292.621 ; gain = 942.363
Synthesis Optimization Complete : Time (s): cpu = 00:00:39 ; elapsed = 00:00:40 . Memory (MB): peak = 4292.621 ; gain = 1064.355
INFO: [Project 1-571] Translating synthesized netlist
Netlist sorting complete. Time (s): cpu = 00:00:00 ; elapsed = 00:00:00.002 . Memory (MB): peak = 4301.664 ; gain = 0.000
INFO: [Netlist 29-17] Analyzing 9 Unisim elements for replacement
INFO: [Netlist 29-28] Unisim Transformation completed in 0 CPU seconds
INFO: [Project 1-570] Preparing netlist for logic optimization
INFO: [Opt 31-138] Pushed 0 inverter(s) to 0 load pin(s).
Netlist sorting complete. Time (s): cpu = 00:00:00 ; elapsed = 00:00:00 . Memory (MB): peak = 4354.578 ; gain = 0.000
INFO: [Project 1-111] Unisim Transformation Summary:
  A total of 3 instances were transformed.
  BUFG => BUFGCE: 1 instance 
  IBUF => IBUF (IBUFCTRL, INBUF): 1 instance 
  IBUFDS => IBUFDS (DIFFINBUF, IBUFCTRL): 1 instance 

Synth Design complete | Checksum: cc1ee8c8
INFO: [Common 17-83] Releasing license: Synthesis
35 Infos, 3 Warnings, 0 Critical Warnings and 0 Errors encountered.
synth_design completed successfully
synth_design: Time (s): cpu = 00:00:48 ; elapsed = 00:00:50 . Memory (MB): peak = 4354.578 ; gain = 2322.742
INFO: [Common 17-1381] The checkpoint 'C:/GitHub/fpga_learing/xx_fft_lab/xx_fft_lab.runs/synth_1/fft_lab_top.dcp' has been generated.
INFO: [runtcl-4] Executing : report_utilization -file fft_lab_top_utilization_synth.rpt -pb fft_lab_top_utilization_synth.pb
INFO: [Common 17-206] Exiting Vivado at Fri Apr  3 22:49:52 2026...
