# do {tb_button_debounce_compile.do}
# ** Warning: (vlib-34) Library already exists at "questa_lib/work".
# ** Warning: (vlib-34) Library already exists at "questa_lib/msim".
# ** Warning: (vlib-34) Library already exists at "questa_lib/msim/xil_defaultlib".
# QuestaSim-64 vmap 2020.1 Lib Mapping Utility 2020.01 Jan 28 2020
# vmap xil_defaultlib questa_lib/msim/xil_defaultlib 
# Modifying modelsim.ini
# QuestaSim-64 vlog 2020.1 Compiler 2020.01 Jan 28 2020
# Start time: 18:05:20 on Oct 31,2025
# vlog -incr -work xil_defaultlib ../../../../xviii_beep_piano.srcs/sources_1/new/button_debounce.v ../../../../xviii_beep_piano.srcs/sources_1/new/counter.v ../../../../xviii_beep_piano.srcs/sim_1/new/tb_button_debounce.v 
# -- Skipping module button_debounce
# -- Skipping module counter
# -- Compiling module tb_button_debounce
# 
# Top level modules:
# 	tb_button_debounce
# End time: 18:05:20 on Oct 31,2025, Elapsed time: 0:00:00
# Errors: 0, Warnings: 0
# QuestaSim-64 vlog 2020.1 Compiler 2020.01 Jan 28 2020
# Start time: 18:05:20 on Oct 31,2025
# vlog -work xil_defaultlib glbl.v 
# -- Compiling module glbl
# 
# Top level modules:
# 	glbl
# End time: 18:05:20 on Oct 31,2025, Elapsed time: 0:00:00
# Errors: 0, Warnings: 0
