# do {tb_button_debounce_elaborate.do}
# QuestaSim-64 vopt 2020.1 Compiler 2020.01 Jan 28 2020
# Start time: 18:05:21 on Oct 31,2025
# vopt "+acc=npr" -L xil_defaultlib -L unisims_ver -L unimacro_ver -L secureip -work xil_defaultlib xil_defaultlib.tb_button_debounce xil_defaultlib.glbl -o tb_button_debounce_opt 
# 
# Top level modules:
# 	tb_button_debounce
# 	glbl
# 
# Analyzing design...
# -- Loading module tb_button_debounce
# -- Loading module glbl
# -- Loading module button_debounce
# -- Loading module counter
# Incremental compilation check found 3 design-units (out of 4) may be reused.
# Optimizing 1 design-unit (inlining 0/4 module instances):
# -- Optimizing module tb_button_debounce(fast)
# Optimized design name is tb_button_debounce_opt
# End time: 18:05:21 on Oct 31,2025, Elapsed time: 0:00:00
# Errors: 0, Warnings: 0
