# //  Questa Sim-64
# //  Version 2020.1 win64 Jan 28 2020
# //
# //  Copyright 1991-2020 Mentor Graphics Corporation
# //  All Rights Reserved.
# //
# //  QuestaSim and its associated documentation contain trade
# //  secrets and commercial or financial information that are the property of
# //  Mentor Graphics Corporation and are privileged, confidential,
# //  and exempt from disclosure under the Freedom of Information Act,
# //  5 U.S.C. Section 552. Furthermore, this information
# //  is prohibited from disclosure under the Trade Secrets Act,
# //  18 U.S.C. Section 1905.
# //
# do {tb_button_debounce_simulate.do}
# vsim -lib xil_defaultlib tb_button_debounce_opt 
# Start time: 18:05:27 on Oct 31,2025
# Loading work.tb_button_debounce(fast)
# Loading work.button_debounce(fast)
# Loading work.counter(fast)
# Loading work.glbl(fast)
# ** Warning: (vsim-3015) [PCDPC] - Port size (17) does not match connection size (32) for port 'clk_freq_mhz'. The port definition is at: ../../../../xviii_beep_piano.srcs/sources_1/new/counter.v(27).
#    Time: 0 ps  Iteration: 0  Instance: /tb_button_debounce/button_debounce_inst/counter_inst File: ../../../../xviii_beep_piano.srcs/sources_1/new/button_debounce.v Line: 52
# ** Warning: (vsim-3015) [PCDPC] - Port size (17) does not match connection size (32) for port 'count_20_ns'. The port definition is at: ../../../../xviii_beep_piano.srcs/sources_1/new/counter.v(28).
#    Time: 0 ps  Iteration: 0  Instance: /tb_button_debounce/button_debounce_inst/counter_inst File: ../../../../xviii_beep_piano.srcs/sources_1/new/button_debounce.v Line: 52
# ** Warning: (vsim-3015) [PCDPC] - Port size (17) does not match connection size (32) for port 'count_us'. The port definition is at: ../../../../xviii_beep_piano.srcs/sources_1/new/counter.v(29).
#    Time: 0 ps  Iteration: 0  Instance: /tb_button_debounce/button_debounce_inst/counter_inst File: ../../../../xviii_beep_piano.srcs/sources_1/new/button_debounce.v Line: 52
# ** Warning: (vsim-3015) [PCDPC] - Port size (17) does not match connection size (32) for port 'count_ms'. The port definition is at: ../../../../xviii_beep_piano.srcs/sources_1/new/counter.v(30).
#    Time: 0 ps  Iteration: 0  Instance: /tb_button_debounce/button_debounce_inst/counter_inst File: ../../../../xviii_beep_piano.srcs/sources_1/new/button_debounce.v Line: 52
# ** Warning: (vsim-3015) [PCDPC] - Port size (17) does not match connection size (32) for port 'count_s'. The port definition is at: ../../../../xviii_beep_piano.srcs/sources_1/new/counter.v(31).
#    Time: 0 ps  Iteration: 0  Instance: /tb_button_debounce/button_debounce_inst/counter_inst File: ../../../../xviii_beep_piano.srcs/sources_1/new/button_debounce.v Line: 52
# 1
# 1
# .main_pane.wave.interior.cs.body.pw.wf
# .main_pane.structure.interior.cs.body.struct
# .main_pane.objects.interior.cs.body.tree
add wave -position insertpoint sim:/tb_button_debounce/button_debounce_inst/*
restart
# ** Note: (vsim-12125) Error and warning message counts have been reset to '0' because of 'restart'.
# Loading work.tb_button_debounce(fast)
# Loading work.button_debounce(fast)
# Loading work.counter(fast)
# Loading work.glbl(fast)
# ** Warning: (vsim-3015) [PCDPC] - Port size (17) does not match connection size (32) for port 'clk_freq_mhz'. The port definition is at: ../../../../xviii_beep_piano.srcs/sources_1/new/counter.v(27).
#    Time: 0 ps  Iteration: 0  Instance: /tb_button_debounce/button_debounce_inst/counter_inst File: ../../../../xviii_beep_piano.srcs/sources_1/new/button_debounce.v Line: 52
# ** Warning: (vsim-3015) [PCDPC] - Port size (17) does not match connection size (32) for port 'count_20_ns'. The port definition is at: ../../../../xviii_beep_piano.srcs/sources_1/new/counter.v(28).
#    Time: 0 ps  Iteration: 0  Instance: /tb_button_debounce/button_debounce_inst/counter_inst File: ../../../../xviii_beep_piano.srcs/sources_1/new/button_debounce.v Line: 52
# ** Warning: (vsim-3015) [PCDPC] - Port size (17) does not match connection size (32) for port 'count_us'. The port definition is at: ../../../../xviii_beep_piano.srcs/sources_1/new/counter.v(29).
#    Time: 0 ps  Iteration: 0  Instance: /tb_button_debounce/button_debounce_inst/counter_inst File: ../../../../xviii_beep_piano.srcs/sources_1/new/button_debounce.v Line: 52
# ** Warning: (vsim-3015) [PCDPC] - Port size (17) does not match connection size (32) for port 'count_ms'. The port definition is at: ../../../../xviii_beep_piano.srcs/sources_1/new/counter.v(30).
#    Time: 0 ps  Iteration: 0  Instance: /tb_button_debounce/button_debounce_inst/counter_inst File: ../../../../xviii_beep_piano.srcs/sources_1/new/button_debounce.v Line: 52
# ** Warning: (vsim-3015) [PCDPC] - Port size (17) does not match connection size (32) for port 'count_s'. The port definition is at: ../../../../xviii_beep_piano.srcs/sources_1/new/counter.v(31).
#    Time: 0 ps  Iteration: 0  Instance: /tb_button_debounce/button_debounce_inst/counter_inst File: ../../../../xviii_beep_piano.srcs/sources_1/new/button_debounce.v Line: 52
run
# TB finished at 153420000 ns
# ** Note: $stop    : ../../../../xviii_beep_piano.srcs/sim_1/new/tb_button_debounce.v(80)
#    Time: 153420 ns  Iteration: 0  Instance: /tb_button_debounce
# Break at ../../../../xviii_beep_piano.srcs/sim_1/new/tb_button_debounce.v line 80
run
# Can't move the Now cursor.
# Causality operation skipped due to absence of debug database file
# End time: 18:15:42 on Oct 31,2025, Elapsed time: 0:10:15
# Errors: 0, Warnings: 5
