# do {tb_button_debounce_compile.do}
# ** Warning: (vlib-34) Library already exists at "questa_lib/work".
# Errors: 0, Warnings: 1
# ** Warning: (vlib-34) Library already exists at "questa_lib/msim".
# Errors: 0, Warnings: 1
# ** Warning: (vlib-34) Library already exists at "questa_lib/msim/xil_defaultlib".
# Errors: 0, Warnings: 1
# QuestaSim-64 vmap 2024.1 Lib Mapping Utility 2024.02 Feb  1 2024
# vmap xil_defaultlib questa_lib/msim/xil_defaultlib 
# Modifying modelsim.ini
# QuestaSim-64 vlog 2024.1 Compiler 2024.02 Feb  1 2024
# Start time: 13:40:11 on Aug 13,2025
# vlog -incr -mfcu -work xil_defaultlib ../../../../XV_button_debounce.srcs/sources_1/new/button_debounce.v ../../../../XV_button_debounce.srcs/sources_1/new/counter.v ../../../../XV_button_debounce.srcs/sim_1/new/tb_button_debounce.v 
# -- Compiling module button_debounce
# -- Skipping module counter
# -- Skipping module tb_button_debounce
# 
# Top level modules:
# 	tb_button_debounce
# End time: 13:40:11 on Aug 13,2025, Elapsed time: 0:00:00
# Errors: 0, Warnings: 0
# QuestaSim-64 vlog 2024.1 Compiler 2024.02 Feb  1 2024
# Start time: 13:40:11 on Aug 13,2025
# vlog -work xil_defaultlib glbl.v 
# -- Compiling module glbl
# 
# Top level modules:
# 	glbl
# End time: 13:40:11 on Aug 13,2025, Elapsed time: 0:00:00
# Errors: 0, Warnings: 0
