# //  Questa Sim-64
# //  Version 2024.1 win64 Feb  1 2024
# //
# // Unpublished work. Copyright 2024 Siemens
# //
# // This material contains trade secrets or otherwise confidential information
# // owned by Siemens Industry Software Inc. or its affiliates (collectively,
# // "SISW"), or its licensors. Access to and use of this information is strictly
# // limited as set forth in the Customer's applicable agreements with SISW.
# //
# // This material may not be copied, distributed, or otherwise disclosed outside
# // of the Customer's facilities without the express written permission of SISW,
# // and may not be used in any way not expressly authorized by SISW.
# //
# do {tb_button_debounce_simulate.do}
# vsim -lib xil_defaultlib tb_button_debounce_opt 
# Start time: 13:40:18 on Aug 13,2025
# Loading work.tb_button_debounce(fast)
# Loading work.button_debounce(fast)
# Loading work.counter(fast)
# Loading work.glbl(fast)
# 1
# 1
# .main_pane.wave.interior.cs.body.pw.wf
# .main_pane.structure.interior.cs.body.struct
# .main_pane.objects.interior.cs.body.tree
# End time: 13:41:02 on Aug 13,2025, Elapsed time: 0:00:44
# Errors: 0, Warnings: 0
