
*** Running vivado
    with args -log xvii_top.vds -m64 -product Vivado -mode batch -messageDb vivado.pb -notrace -source xvii_top.tcl



****** Vivado v2020.2.2 (64-bit)
  **** SW Build 3118627 on Tue Feb  9 05:14:06 MST 2021
  **** IP Build 3115676 on Tue Feb  9 10:48:11 MST 2021
    ** Copyright 1986-2021 Xilinx, Inc. All Rights Reserved.

source xvii_top.tcl -notrace
create_project: Time (s): cpu = 00:00:02 ; elapsed = 00:00:05 . Memory (MB): peak = 1136.012 ; gain = 0.000
Command: synth_design -top xvii_top -part xczu19eg-ffvc1760-2-i
Starting synth_design
Attempting to get a license for feature 'Synthesis' and/or device 'xczu19eg'
INFO: [Common 17-349] Got license for feature 'Synthesis' and/or device 'xczu19eg'
INFO: [Device 21-403] Loading part xczu19eg-ffvc1760-2-i
INFO: [Synth 8-7079] Multithreading enabled for synth_design using a maximum of 2 processes.
INFO: [Synth 8-7078] Launching helper process for spawning children vivado processes
INFO: [Synth 8-7075] Helper process launched with PID 29472
---------------------------------------------------------------------------------
Starting RTL Elaboration : Time (s): cpu = 00:00:04 ; elapsed = 00:00:04 . Memory (MB): peak = 1956.867 ; gain = 130.922
---------------------------------------------------------------------------------
INFO: [Synth 8-6157] synthesizing module 'xvii_top' [D:/GitHub/fpga_learing/xvii_new_start/xvii_new_start.srcs/sources_1/new/xvii_top.v:23]
INFO: [Synth 8-6157] synthesizing module 'IBUFDS' [D:/Xilinx/Vivado/2020.2/scripts/rt/data/unisim_comp.v:51974]
	Parameter CAPACITANCE bound to: DONT_CARE - type: string 
	Parameter DIFF_TERM bound to: FALSE - type: string 
	Parameter DQS_BIAS bound to: FALSE - type: string 
	Parameter IBUF_DELAY_VALUE bound to: 0 - type: string 
	Parameter IBUF_LOW_PWR bound to: TRUE - type: string 
	Parameter IFD_DELAY_VALUE bound to: AUTO - type: string 
	Parameter IOSTANDARD bound to: DEFAULT - type: string 
INFO: [Synth 8-6155] done synthesizing module 'IBUFDS' (1#1) [D:/Xilinx/Vivado/2020.2/scripts/rt/data/unisim_comp.v:51974]
INFO: [Synth 8-6157] synthesizing module 'counter' [D:/GitHub/fpga_learing/xvii_new_start/xvii_new_start.srcs/sources_1/new/counter.v:23]
	Parameter CLK_FREQ_250_MHZ bound to: 17'b00000000011111010 
	Parameter CLK_FREQ_200_MHZ bound to: 17'b00000000011001000 
	Parameter CLK_FREQ_100_MHZ bound to: 17'b00000000001100100 
	Parameter CLK_FREQ_50_MHZ bound to: 17'b00000000000110010 
	Parameter CLK_FREQ_1_MHZ bound to: 17'b00000000000000001 
INFO: [Synth 8-6155] done synthesizing module 'counter' (2#1) [D:/GitHub/fpga_learing/xvii_new_start/xvii_new_start.srcs/sources_1/new/counter.v:23]
INFO: [Synth 8-6155] done synthesizing module 'xvii_top' (3#1) [D:/GitHub/fpga_learing/xvii_new_start/xvii_new_start.srcs/sources_1/new/xvii_top.v:23]
---------------------------------------------------------------------------------
Finished RTL Elaboration : Time (s): cpu = 00:00:05 ; elapsed = 00:00:05 . Memory (MB): peak = 2007.777 ; gain = 181.832
---------------------------------------------------------------------------------
---------------------------------------------------------------------------------
Start Handling Custom Attributes
---------------------------------------------------------------------------------
---------------------------------------------------------------------------------
Finished Handling Custom Attributes : Time (s): cpu = 00:00:05 ; elapsed = 00:00:06 . Memory (MB): peak = 2025.707 ; gain = 199.762
---------------------------------------------------------------------------------
---------------------------------------------------------------------------------
Finished RTL Optimization Phase 1 : Time (s): cpu = 00:00:05 ; elapsed = 00:00:06 . Memory (MB): peak = 2025.707 ; gain = 199.762
---------------------------------------------------------------------------------
Netlist sorting complete. Time (s): cpu = 00:00:00 ; elapsed = 00:00:00.013 . Memory (MB): peak = 2037.730 ; gain = 0.000
INFO: [Netlist 29-17] Analyzing 1 Unisim elements for replacement
INFO: [Netlist 29-28] Unisim Transformation completed in 0 CPU seconds
INFO: [Project 1-570] Preparing netlist for logic optimization

Processing XDC Constraints
Initializing timing engine
Parsing XDC File [D:/GitHub/fpga_learing/xvii_new_start/xvii_new_start.srcs/constrs_1/new/xvii_top.xdc]
Finished Parsing XDC File [D:/GitHub/fpga_learing/xvii_new_start/xvii_new_start.srcs/constrs_1/new/xvii_top.xdc]
INFO: [Project 1-236] Implementation specific constraints were found while reading constraint file [D:/GitHub/fpga_learing/xvii_new_start/xvii_new_start.srcs/constrs_1/new/xvii_top.xdc]. These constraints will be ignored for synthesis but will be used in implementation. Impacted constraints are listed in the file [.Xil/xvii_top_propImpl.xdc].
Resolution: To avoid this warning, move constraints listed in [.Xil/xvii_top_propImpl.xdc] to another XDC file and exclude this new file from synthesis with the used_in_synthesis property (File Properties dialog in GUI) and re-run elaboration/synthesis.
Completed Processing XDC Constraints

Netlist sorting complete. Time (s): cpu = 00:00:00 ; elapsed = 00:00:00.001 . Memory (MB): peak = 2153.055 ; gain = 0.000
INFO: [Project 1-111] Unisim Transformation Summary:
  A total of 1 instances were transformed.
  IBUFDS => IBUFDS (DIFFINBUF, IBUFCTRL): 1 instance 

Constraint Validation Runtime : Time (s): cpu = 00:00:00 ; elapsed = 00:00:00.006 . Memory (MB): peak = 2153.055 ; gain = 0.000
---------------------------------------------------------------------------------
Finished Constraint Validation : Time (s): cpu = 00:00:16 ; elapsed = 00:00:17 . Memory (MB): peak = 2153.055 ; gain = 327.109
---------------------------------------------------------------------------------
---------------------------------------------------------------------------------
Start Loading Part and Timing Information
---------------------------------------------------------------------------------
Loading part: xczu19eg-ffvc1760-2-i
INFO: [Synth 8-6742] Reading net delay rules and data
---------------------------------------------------------------------------------
Finished Loading Part and Timing Information : Time (s): cpu = 00:00:16 ; elapsed = 00:00:17 . Memory (MB): peak = 2153.055 ; gain = 327.109
---------------------------------------------------------------------------------
---------------------------------------------------------------------------------
Start Applying 'set_property' XDC Constraints
---------------------------------------------------------------------------------
---------------------------------------------------------------------------------
Finished applying 'set_property' XDC Constraints : Time (s): cpu = 00:00:16 ; elapsed = 00:00:17 . Memory (MB): peak = 2153.055 ; gain = 327.109
---------------------------------------------------------------------------------
---------------------------------------------------------------------------------
Finished RTL Optimization Phase 2 : Time (s): cpu = 00:00:16 ; elapsed = 00:00:17 . Memory (MB): peak = 2153.055 ; gain = 327.109
---------------------------------------------------------------------------------
---------------------------------------------------------------------------------
Start RTL Component Statistics 
---------------------------------------------------------------------------------
Detailed RTL Component Info : 
+---Adders : 
	   2 Input   48 Bit       Adders := 4     
+---Registers : 
	               48 Bit    Registers := 4     
	               47 Bit    Registers := 4     
	               30 Bit    Registers := 4     
	               17 Bit    Registers := 5     
	                4 Bit    Registers := 1     
	                1 Bit    Registers := 5     
+---Multipliers : 
	              17x30  Multipliers := 4     
+---Muxes : 
	   5 Input   28 Bit        Muxes := 1     
	   2 Input   28 Bit        Muxes := 1     
	   5 Input   18 Bit        Muxes := 1     
	   2 Input   18 Bit        Muxes := 1     
	   5 Input    8 Bit        Muxes := 1     
	   2 Input    8 Bit        Muxes := 1     
	   3 Input    4 Bit        Muxes := 1     
	   6 Input    3 Bit        Muxes := 4     
	   2 Input    3 Bit        Muxes := 1     
	   2 Input    1 Bit        Muxes := 3     
---------------------------------------------------------------------------------
Finished RTL Component Statistics 
---------------------------------------------------------------------------------
---------------------------------------------------------------------------------
Start Part Resource Summary
---------------------------------------------------------------------------------
Part Resources:
DSPs: 1968 (col length:264)
BRAMs: 1968 (col length: RAMB18 264 RAMB36 132)
---------------------------------------------------------------------------------
Finished Part Resource Summary
---------------------------------------------------------------------------------
---------------------------------------------------------------------------------
Start Cross Boundary and Area Optimization
---------------------------------------------------------------------------------
DSP Report: Generating DSP one_ms_counter/, operation Mode is: A2*B.
DSP Report: register one_ms_counter/ is absorbed into DSP one_ms_counter/.
DSP Report: operator one_ms_counter/ is absorbed into DSP one_ms_counter/.
DSP Report: operator one_ms_counter/ is absorbed into DSP one_ms_counter/.
DSP Report: Generating DSP one_ms_counter/count_middleware_reg[3], operation Mode is: (C+A*B2)'.
DSP Report: register one_ms_counter/count_middleware_reg[3] is absorbed into DSP one_ms_counter/count_middleware_reg[3].
DSP Report: register one_ms_counter/count_middleware_reg[3] is absorbed into DSP one_ms_counter/count_middleware_reg[3].
DSP Report: operator one_ms_counter/ is absorbed into DSP one_ms_counter/count_middleware_reg[3].
DSP Report: operator one_ms_counter/ is absorbed into DSP one_ms_counter/count_middleware_reg[3].
DSP Report: Generating DSP one_ms_counter/, operation Mode is: A2*B2.
DSP Report: register one_ms_counter/ is absorbed into DSP one_ms_counter/.
DSP Report: register one_ms_counter/ is absorbed into DSP one_ms_counter/.
DSP Report: operator one_ms_counter/ is absorbed into DSP one_ms_counter/.
DSP Report: operator one_ms_counter/ is absorbed into DSP one_ms_counter/.
DSP Report: Generating DSP one_ms_counter/count_middleware_reg[2], operation Mode is: (C+A2*B2)'.
DSP Report: register one_ms_counter/count_middleware_reg[2] is absorbed into DSP one_ms_counter/count_middleware_reg[2].
DSP Report: register one_ms_counter/count_middleware_reg[2] is absorbed into DSP one_ms_counter/count_middleware_reg[2].
DSP Report: register one_ms_counter/count_middleware_reg[2] is absorbed into DSP one_ms_counter/count_middleware_reg[2].
DSP Report: operator one_ms_counter/ is absorbed into DSP one_ms_counter/count_middleware_reg[2].
DSP Report: operator one_ms_counter/ is absorbed into DSP one_ms_counter/count_middleware_reg[2].
DSP Report: Generating DSP one_ms_counter/, operation Mode is: A2*B.
DSP Report: register one_ms_counter/ is absorbed into DSP one_ms_counter/.
DSP Report: operator one_ms_counter/ is absorbed into DSP one_ms_counter/.
DSP Report: operator one_ms_counter/ is absorbed into DSP one_ms_counter/.
DSP Report: Generating DSP one_ms_counter/count_middleware_reg[1], operation Mode is: (C+A*B2)'.
DSP Report: register one_ms_counter/count_middleware_reg[1] is absorbed into DSP one_ms_counter/count_middleware_reg[1].
DSP Report: register one_ms_counter/count_middleware_reg[1] is absorbed into DSP one_ms_counter/count_middleware_reg[1].
DSP Report: operator one_ms_counter/ is absorbed into DSP one_ms_counter/count_middleware_reg[1].
DSP Report: operator one_ms_counter/ is absorbed into DSP one_ms_counter/count_middleware_reg[1].
DSP Report: Generating DSP one_ms_counter/, operation Mode is: A2*B.
DSP Report: register one_ms_counter/ is absorbed into DSP one_ms_counter/.
DSP Report: operator one_ms_counter/ is absorbed into DSP one_ms_counter/.
DSP Report: operator one_ms_counter/ is absorbed into DSP one_ms_counter/.
DSP Report: Generating DSP one_ms_counter/count_middleware_reg[0], operation Mode is: (C+A*B2)'.
DSP Report: register one_ms_counter/count_middleware_reg[0] is absorbed into DSP one_ms_counter/count_middleware_reg[0].
DSP Report: register one_ms_counter/count_middleware_reg[0] is absorbed into DSP one_ms_counter/count_middleware_reg[0].
DSP Report: operator one_ms_counter/ is absorbed into DSP one_ms_counter/count_middleware_reg[0].
DSP Report: operator one_ms_counter/ is absorbed into DSP one_ms_counter/count_middleware_reg[0].
---------------------------------------------------------------------------------
Finished Cross Boundary and Area Optimization : Time (s): cpu = 00:00:18 ; elapsed = 00:00:20 . Memory (MB): peak = 2153.055 ; gain = 327.109
---------------------------------------------------------------------------------
---------------------------------------------------------------------------------
Start ROM, RAM, DSP, Shift Register and Retiming Reporting
---------------------------------------------------------------------------------

DSP: Preliminary Mapping	Report (see note below)
+------------+-------------+--------+--------+--------+--------+--------+------+------+------+------+-------+------+------+
|Module Name | DSP Mapping | A Size | B Size | C Size | D Size | P Size | AREG | BREG | CREG | DREG | ADREG | MREG | PREG | 
+------------+-------------+--------+--------+--------+--------+--------+------+------+------+------+-------+------+------+
|xvii_top    | A2*B        | 27     | 18     | -      | -      | 48     | 1    | 0    | -    | -    | -     | 0    | 0    | 
|xvii_top    | (C+A*B2)'   | 18     | 5      | 48     | -      | 48     | 0    | 1    | 0    | -    | -     | 0    | 1    | 
|xvii_top    | A2*B2       | 27     | 18     | -      | -      | 48     | 1    | 1    | -    | -    | -     | 0    | 0    | 
|xvii_top    | (C+A2*B2)'  | 18     | 5      | 48     | -      | 48     | 1    | 1    | 0    | -    | -     | 0    | 1    | 
|xvii_top    | A2*B        | 27     | 18     | -      | -      | 48     | 1    | 0    | -    | -    | -     | 0    | 0    | 
|xvii_top    | (C+A*B2)'   | 18     | 5      | 48     | -      | 48     | 0    | 1    | 0    | -    | -     | 0    | 1    | 
|xvii_top    | A2*B        | 27     | 18     | -      | -      | 48     | 1    | 0    | -    | -    | -     | 0    | 0    | 
|xvii_top    | (C+A*B2)'   | 18     | 5      | 48     | -      | 48     | 0    | 1    | 0    | -    | -     | 0    | 1    | 
+------------+-------------+--------+--------+--------+--------+--------+------+------+------+------+-------+------+------+

Note: The table above is a preliminary report that shows the DSPs inferred at the current stage of the synthesis flow. Some DSP may be reimplemented as non DSP primitives later in the synthesis flow. Multiple instantiated DSPs are reported only once.
---------------------------------------------------------------------------------
Finished ROM, RAM, DSP, Shift Register and Retiming Reporting
---------------------------------------------------------------------------------
---------------------------------------------------------------------------------
Start Applying XDC Timing Constraints
---------------------------------------------------------------------------------
---------------------------------------------------------------------------------
Finished Applying XDC Timing Constraints : Time (s): cpu = 00:00:30 ; elapsed = 00:00:38 . Memory (MB): peak = 2729.574 ; gain = 903.629
---------------------------------------------------------------------------------
---------------------------------------------------------------------------------
Start Timing Optimization
---------------------------------------------------------------------------------
---------------------------------------------------------------------------------
Finished Timing Optimization : Time (s): cpu = 00:00:31 ; elapsed = 00:00:39 . Memory (MB): peak = 2729.574 ; gain = 903.629
---------------------------------------------------------------------------------
---------------------------------------------------------------------------------
Start Technology Mapping
---------------------------------------------------------------------------------
---------------------------------------------------------------------------------
Finished Technology Mapping : Time (s): cpu = 00:00:31 ; elapsed = 00:00:39 . Memory (MB): peak = 2742.594 ; gain = 916.648
---------------------------------------------------------------------------------
---------------------------------------------------------------------------------
Start IO Insertion
---------------------------------------------------------------------------------
---------------------------------------------------------------------------------
Start Flattening Before IO Insertion
---------------------------------------------------------------------------------
---------------------------------------------------------------------------------
Finished Flattening Before IO Insertion
---------------------------------------------------------------------------------
---------------------------------------------------------------------------------
Start Final Netlist Cleanup
---------------------------------------------------------------------------------
---------------------------------------------------------------------------------
Finished Final Netlist Cleanup
---------------------------------------------------------------------------------
---------------------------------------------------------------------------------
Finished IO Insertion : Time (s): cpu = 00:00:35 ; elapsed = 00:00:42 . Memory (MB): peak = 2751.426 ; gain = 925.480
---------------------------------------------------------------------------------
---------------------------------------------------------------------------------
Start Renaming Generated Instances
---------------------------------------------------------------------------------
---------------------------------------------------------------------------------
Finished Renaming Generated Instances : Time (s): cpu = 00:00:35 ; elapsed = 00:00:42 . Memory (MB): peak = 2751.426 ; gain = 925.480
---------------------------------------------------------------------------------
---------------------------------------------------------------------------------
Start Rebuilding User Hierarchy
---------------------------------------------------------------------------------
---------------------------------------------------------------------------------
Finished Rebuilding User Hierarchy : Time (s): cpu = 00:00:35 ; elapsed = 00:00:43 . Memory (MB): peak = 2751.426 ; gain = 925.480
---------------------------------------------------------------------------------
---------------------------------------------------------------------------------
Start Renaming Generated Ports
---------------------------------------------------------------------------------
---------------------------------------------------------------------------------
Finished Renaming Generated Ports : Time (s): cpu = 00:00:35 ; elapsed = 00:00:43 . Memory (MB): peak = 2751.426 ; gain = 925.480
---------------------------------------------------------------------------------
---------------------------------------------------------------------------------
Start Handling Custom Attributes
---------------------------------------------------------------------------------
---------------------------------------------------------------------------------
Finished Handling Custom Attributes : Time (s): cpu = 00:00:35 ; elapsed = 00:00:43 . Memory (MB): peak = 2751.426 ; gain = 925.480
---------------------------------------------------------------------------------
---------------------------------------------------------------------------------
Start Renaming Generated Nets
---------------------------------------------------------------------------------
---------------------------------------------------------------------------------
Finished Renaming Generated Nets : Time (s): cpu = 00:00:35 ; elapsed = 00:00:43 . Memory (MB): peak = 2751.426 ; gain = 925.480
---------------------------------------------------------------------------------
---------------------------------------------------------------------------------
Start Writing Synthesis Report
---------------------------------------------------------------------------------

Report BlackBoxes: 
+-+--------------+----------+
| |BlackBox name |Instances |
+-+--------------+----------+
+-+--------------+----------+

Report Cell Usage: 
+------+----------------+------+
|      |Cell            |Count |
+------+----------------+------+
|1     |BUFG            |     1|
|2     |CARRY8          |    35|
|3     |DSP_ALU         |     8|
|4     |DSP_A_B_DATA    |     8|
|6     |DSP_C_DATA      |     8|
|8     |DSP_MULTIPLIER  |     8|
|9     |DSP_M_DATA      |     8|
|10    |DSP_OUTPUT      |     8|
|12    |DSP_PREADD      |     8|
|13    |DSP_PREADD_DATA |     8|
|14    |LUT1            |    50|
|15    |LUT2            |   142|
|16    |LUT3            |     3|
|17    |LUT4            |    53|
|18    |LUT5            |     5|
|19    |LUT6            |    28|
|20    |FDCE            |     4|
|21    |FDRE            |   350|
|22    |IBUF            |     1|
|23    |IBUFDS          |     1|
|24    |OBUF            |     4|
+------+----------------+------+
---------------------------------------------------------------------------------
Finished Writing Synthesis Report : Time (s): cpu = 00:00:35 ; elapsed = 00:00:43 . Memory (MB): peak = 2751.426 ; gain = 925.480
---------------------------------------------------------------------------------
Synthesis finished with 0 errors, 0 critical warnings and 0 warnings.
Synthesis Optimization Runtime : Time (s): cpu = 00:00:23 ; elapsed = 00:00:36 . Memory (MB): peak = 2751.426 ; gain = 798.133
Synthesis Optimization Complete : Time (s): cpu = 00:00:35 ; elapsed = 00:00:43 . Memory (MB): peak = 2751.426 ; gain = 925.480
INFO: [Project 1-571] Translating synthesized netlist
Netlist sorting complete. Time (s): cpu = 00:00:00 ; elapsed = 00:00:00.013 . Memory (MB): peak = 2759.438 ; gain = 0.000
INFO: [Netlist 29-17] Analyzing 46 Unisim elements for replacement
INFO: [Netlist 29-28] Unisim Transformation completed in 0 CPU seconds
INFO: [Project 1-570] Preparing netlist for logic optimization
INFO: [Opt 31-138] Pushed 0 inverter(s) to 0 load pin(s).
Netlist sorting complete. Time (s): cpu = 00:00:00 ; elapsed = 00:00:00.001 . Memory (MB): peak = 2796.586 ; gain = 0.000
INFO: [Project 1-111] Unisim Transformation Summary:
  A total of 11 instances were transformed.
  BUFG => BUFGCE: 1 instance 
  DSP48E2 => DSP48E2 (DSP_ALU, DSP_A_B_DATA, DSP_C_DATA, DSP_MULTIPLIER, DSP_M_DATA, DSP_OUTPUT, DSP_PREADD, DSP_PREADD_DATA): 8 instances
  IBUF => IBUF (IBUFCTRL, INBUF): 1 instance 
  IBUFDS => IBUFDS (DIFFINBUF, IBUFCTRL): 1 instance 

INFO: [Common 17-83] Releasing license: Synthesis
24 Infos, 0 Warnings, 0 Critical Warnings and 0 Errors encountered.
synth_design completed successfully
synth_design: Time (s): cpu = 00:00:46 ; elapsed = 00:01:04 . Memory (MB): peak = 2796.586 ; gain = 1660.574
INFO: [Common 17-1381] The checkpoint 'D:/GitHub/fpga_learing/xvii_new_start/xvii_new_start.runs/synth_1/xvii_top.dcp' has been generated.
INFO: [runtcl-4] Executing : report_utilization -file xvii_top_utilization_synth.rpt -pb xvii_top_utilization_synth.pb
INFO: [Common 17-206] Exiting Vivado at Thu Oct 30 19:53:43 2025...
