#-----------------------------------------------------------
# Vivado v2022.2.2 (64-bit)
# SW Build 3788238 on Tue Feb 21 20:00:34 MST 2023
# IP Build 3783773 on Tue Feb 21 23:41:56 MST 2023
# Start of session at: Wed Jan 21 09:46:42 2026
# Process ID: 9336
# Current directory: C:/GitHub/fpga_learing/xix_quick_demo
# Command line: vivado.exe -gui_launcher_event rodinguilauncherevent19384 C:\GitHub\fpga_learing\xix_quick_demo\xix_quick_demo.xpr
# Log file: C:/GitHub/fpga_learing/xix_quick_demo/vivado.log
# Journal file: C:/GitHub/fpga_learing/xix_quick_demo\vivado.jou
# Running On: Âõ¿¥²©ÌØ_±Ê¼Ç±¾_0, OS: Windows, CPU Frequency: 2396 MHz, CPU Physical cores: 30, Host memory: 33521 MB
#-----------------------------------------------------------
start_gui
open_project C:/GitHub/fpga_learing/xix_quick_demo/xix_quick_demo.xpr
update_compile_order -fileset sources_1
close [ open C:/GitHub/fpga_learing/xix_quick_demo/xix_quick_demo.srcs/sources_1/new/demo_mux_four.vhd w ]
add_files C:/GitHub/fpga_learing/xix_quick_demo/xix_quick_demo.srcs/sources_1/new/demo_mux_four.vhd
update_compile_order -fileset sources_1
