
*** Running vivado
    with args -log top.vds -m64 -product Vivado -mode batch -messageDb vivado.pb -notrace -source top.tcl



****** Vivado v2020.2 (64-bit)
  **** SW Build 3064766 on Wed Nov 18 09:12:45 MST 2020
  **** IP Build 3064653 on Wed Nov 18 14:17:31 MST 2020
    ** Copyright 1986-2020 Xilinx, Inc. All Rights Reserved.

source top.tcl -notrace
Command: synth_design -top top -part xcku5p-ffvb676-2-i
Starting synth_design
Attempting to get a license for feature 'Synthesis' and/or device 'xcku5p'
INFO: [Common 17-349] Got license for feature 'Synthesis' and/or device 'xcku5p'
INFO: [Device 21-403] Loading part xcku5p-ffvb676-2-i
INFO: [Synth 8-7079] Multithreading enabled for synth_design using a maximum of 2 processes.
INFO: [Synth 8-7078] Launching helper process for spawning children vivado processes
INFO: [Synth 8-7075] Helper process launched with PID 16392
---------------------------------------------------------------------------------
Starting RTL Elaboration : Time (s): cpu = 00:00:05 ; elapsed = 00:00:04 . Memory (MB): peak = 1808.906 ; gain = 156.508
---------------------------------------------------------------------------------
INFO: [Synth 8-6157] synthesizing module 'top' [D:/GitHub/fpga_learing/XIV_servo/XIV_servo.srcs/sources_1/imports/new/top.v:23]
INFO: [Synth 8-6157] synthesizing module 'IBUFDS' [D:/Xilinx/Vivado/2020.2/scripts/rt/data/unisim_comp.v:32998]
	Parameter CAPACITANCE bound to: DONT_CARE - type: string 
	Parameter DIFF_TERM bound to: FALSE - type: string 
	Parameter DQS_BIAS bound to: FALSE - type: string 
	Parameter IBUF_DELAY_VALUE bound to: 0 - type: string 
	Parameter IBUF_LOW_PWR bound to: TRUE - type: string 
	Parameter IFD_DELAY_VALUE bound to: AUTO - type: string 
	Parameter IOSTANDARD bound to: DEFAULT - type: string 
INFO: [Synth 8-6155] done synthesizing module 'IBUFDS' (1#1) [D:/Xilinx/Vivado/2020.2/scripts/rt/data/unisim_comp.v:32998]
INFO: [Synth 8-6157] synthesizing module 'button_debounce' [D:/GitHub/fpga_learing/XIV_servo/XIV_servo.srcs/sources_1/imports/new/button_debounce.v:22]
	Parameter STATE_BTN_IDLE bound to: 2'b00 
	Parameter STATE_BTN_DOWN bound to: 2'b01 
	Parameter STATE_BTN_KEEP bound to: 2'b11 
	Parameter STATE_BTN_UP bound to: 2'b10 
INFO: [Synth 8-6157] synthesizing module 'counter' [D:/GitHub/fpga_learing/XIV_servo/XIV_servo.srcs/sources_1/imports/new/counter.v:23]
	Parameter CLK_FREQUENCY_MHZ bound to: 100 - type: integer 
	Parameter COUNT_10_NS bound to: 0 - type: integer 
	Parameter COUNT_US bound to: 0 - type: integer 
	Parameter COUNT_MS bound to: 10 - type: integer 
	Parameter COUNT_S bound to: 0 - type: integer 
	Parameter TEN_NS bound to: 1 - type: integer 
	Parameter ONE_US bound to: 100 - type: integer 
	Parameter ONE_MS bound to: 100000 - type: integer 
	Parameter ONE_S bound to: 100000000 - type: integer 
	Parameter COUNT_MAX bound to: 64'b0000000000000000000000000000000000000000000011110100001000111111 
	Parameter COUNT_WIDTH bound to: 20 - type: integer 
INFO: [Synth 8-6155] done synthesizing module 'counter' (2#1) [D:/GitHub/fpga_learing/XIV_servo/XIV_servo.srcs/sources_1/imports/new/counter.v:23]
INFO: [Synth 8-226] default block is never used [D:/GitHub/fpga_learing/XIV_servo/XIV_servo.srcs/sources_1/imports/new/button_debounce.v:72]
INFO: [Synth 8-6071] Mark debug on the nets applies keep_hierarchy on instance 'counter_inst'. This will prevent further optimization [D:/GitHub/fpga_learing/XIV_servo/XIV_servo.srcs/sources_1/imports/new/button_debounce.v:54]
INFO: [Synth 8-6155] done synthesizing module 'button_debounce' (3#1) [D:/GitHub/fpga_learing/XIV_servo/XIV_servo.srcs/sources_1/imports/new/button_debounce.v:22]
INFO: [Synth 8-6157] synthesizing module 'servo_level' [D:/GitHub/fpga_learing/XIV_servo/XIV_servo.srcs/sources_1/imports/new/servo_level.v:23]
INFO: [Synth 8-6155] done synthesizing module 'servo_level' (4#1) [D:/GitHub/fpga_learing/XIV_servo/XIV_servo.srcs/sources_1/imports/new/servo_level.v:23]
INFO: [Synth 8-6157] synthesizing module 'pwm_generate' [D:/GitHub/fpga_learing/XIV_servo/XIV_servo.srcs/sources_1/imports/new/pwm_generate.v:23]
INFO: [Synth 8-6157] synthesizing module 'counter__parameterized0' [D:/GitHub/fpga_learing/XIV_servo/XIV_servo.srcs/sources_1/imports/new/counter.v:23]
	Parameter CLK_FREQUENCY_MHZ bound to: 100 - type: integer 
	Parameter COUNT_10_NS bound to: 0 - type: integer 
	Parameter COUNT_US bound to: 500 - type: integer 
	Parameter COUNT_MS bound to: 0 - type: integer 
	Parameter COUNT_S bound to: 0 - type: integer 
	Parameter TEN_NS bound to: 1 - type: integer 
	Parameter ONE_US bound to: 100 - type: integer 
	Parameter ONE_MS bound to: 100000 - type: integer 
	Parameter ONE_S bound to: 100000000 - type: integer 
	Parameter COUNT_MAX bound to: 64'b0000000000000000000000000000000000000000000000001100001101001111 
	Parameter COUNT_WIDTH bound to: 16 - type: integer 
INFO: [Synth 8-6155] done synthesizing module 'counter__parameterized0' (4#1) [D:/GitHub/fpga_learing/XIV_servo/XIV_servo.srcs/sources_1/imports/new/counter.v:23]
INFO: [Synth 8-6157] synthesizing module 'counter__parameterized1' [D:/GitHub/fpga_learing/XIV_servo/XIV_servo.srcs/sources_1/imports/new/counter.v:23]
	Parameter CLK_FREQUENCY_MHZ bound to: 100 - type: integer 
	Parameter COUNT_10_NS bound to: 0 - type: integer 
	Parameter COUNT_US bound to: 0 - type: integer 
	Parameter COUNT_MS bound to: 20 - type: integer 
	Parameter COUNT_S bound to: 0 - type: integer 
	Parameter TEN_NS bound to: 1 - type: integer 
	Parameter ONE_US bound to: 100 - type: integer 
	Parameter ONE_MS bound to: 100000 - type: integer 
	Parameter ONE_S bound to: 100000000 - type: integer 
	Parameter COUNT_MAX bound to: 64'b0000000000000000000000000000000000000000000111101000010001111111 
	Parameter COUNT_WIDTH bound to: 21 - type: integer 
INFO: [Synth 8-6155] done synthesizing module 'counter__parameterized1' (4#1) [D:/GitHub/fpga_learing/XIV_servo/XIV_servo.srcs/sources_1/imports/new/counter.v:23]
INFO: [Synth 8-6155] done synthesizing module 'pwm_generate' (5#1) [D:/GitHub/fpga_learing/XIV_servo/XIV_servo.srcs/sources_1/imports/new/pwm_generate.v:23]
INFO: [Synth 8-6155] done synthesizing module 'top' (6#1) [D:/GitHub/fpga_learing/XIV_servo/XIV_servo.srcs/sources_1/imports/new/top.v:23]
---------------------------------------------------------------------------------
Finished RTL Elaboration : Time (s): cpu = 00:00:06 ; elapsed = 00:00:05 . Memory (MB): peak = 1859.414 ; gain = 207.016
---------------------------------------------------------------------------------
---------------------------------------------------------------------------------
Start Handling Custom Attributes
---------------------------------------------------------------------------------
---------------------------------------------------------------------------------
Finished Handling Custom Attributes : Time (s): cpu = 00:00:06 ; elapsed = 00:00:06 . Memory (MB): peak = 1877.340 ; gain = 224.941
---------------------------------------------------------------------------------
---------------------------------------------------------------------------------
Finished RTL Optimization Phase 1 : Time (s): cpu = 00:00:06 ; elapsed = 00:00:06 . Memory (MB): peak = 1877.340 ; gain = 224.941
---------------------------------------------------------------------------------
Netlist sorting complete. Time (s): cpu = 00:00:00 ; elapsed = 00:00:00.002 . Memory (MB): peak = 1889.355 ; gain = 0.000
INFO: [Netlist 29-17] Analyzing 1 Unisim elements for replacement
INFO: [Netlist 29-28] Unisim Transformation completed in 0 CPU seconds
INFO: [Project 1-570] Preparing netlist for logic optimization

Processing XDC Constraints
Initializing timing engine
Parsing XDC File [D:/GitHub/fpga_learing/XIV_servo/XIV_servo.srcs/constrs_1/imports/new/servo.xdc]
Finished Parsing XDC File [D:/GitHub/fpga_learing/XIV_servo/XIV_servo.srcs/constrs_1/imports/new/servo.xdc]
INFO: [Project 1-236] Implementation specific constraints were found while reading constraint file [D:/GitHub/fpga_learing/XIV_servo/XIV_servo.srcs/constrs_1/imports/new/servo.xdc]. These constraints will be ignored for synthesis but will be used in implementation. Impacted constraints are listed in the file [.Xil/top_propImpl.xdc].
Resolution: To avoid this warning, move constraints listed in [.Xil/top_propImpl.xdc] to another XDC file and exclude this new file from synthesis with the used_in_synthesis property (File Properties dialog in GUI) and re-run elaboration/synthesis.
Completed Processing XDC Constraints

Netlist sorting complete. Time (s): cpu = 00:00:00 ; elapsed = 00:00:00 . Memory (MB): peak = 1994.773 ; gain = 0.000
INFO: [Project 1-111] Unisim Transformation Summary:
  A total of 1 instances were transformed.
  IBUFDS => IBUFDS (DIFFINBUF, IBUFCTRL): 1 instance 

Constraint Validation Runtime : Time (s): cpu = 00:00:00 ; elapsed = 00:00:00.003 . Memory (MB): peak = 1994.773 ; gain = 0.000
---------------------------------------------------------------------------------
Finished Constraint Validation : Time (s): cpu = 00:00:15 ; elapsed = 00:00:15 . Memory (MB): peak = 1994.773 ; gain = 342.375
---------------------------------------------------------------------------------
---------------------------------------------------------------------------------
Start Loading Part and Timing Information
---------------------------------------------------------------------------------
Loading part: xcku5p-ffvb676-2-i
INFO: [Synth 8-6742] Reading net delay rules and data
---------------------------------------------------------------------------------
Finished Loading Part and Timing Information : Time (s): cpu = 00:00:15 ; elapsed = 00:00:15 . Memory (MB): peak = 1994.773 ; gain = 342.375
---------------------------------------------------------------------------------
---------------------------------------------------------------------------------
Start Applying 'set_property' XDC Constraints
---------------------------------------------------------------------------------
---------------------------------------------------------------------------------
Finished applying 'set_property' XDC Constraints : Time (s): cpu = 00:00:15 ; elapsed = 00:00:15 . Memory (MB): peak = 1994.773 ; gain = 342.375
---------------------------------------------------------------------------------
INFO: [Synth 8-802] inferred FSM for state register 'reg_state_reg' in module 'button_debounce'
INFO: [Synth 8-6159] Found Keep on FSM register 'reg_state_reg' in module 'button_debounce', re-encoding will not be performed
---------------------------------------------------------------------------------------------------
                   State |                     New Encoding |                Previous Encoding 
---------------------------------------------------------------------------------------------------
          STATE_BTN_IDLE |                               00 |                               00
          STATE_BTN_DOWN |                               01 |                               01
          STATE_BTN_KEEP |                               11 |                               11
            STATE_BTN_UP |                               10 |                               10
---------------------------------------------------------------------------------------------------
---------------------------------------------------------------------------------
Finished RTL Optimization Phase 2 : Time (s): cpu = 00:00:16 ; elapsed = 00:00:16 . Memory (MB): peak = 1994.773 ; gain = 342.375
---------------------------------------------------------------------------------
---------------------------------------------------------------------------------
Start RTL Component Statistics 
---------------------------------------------------------------------------------
Detailed RTL Component Info : 
+---Adders : 
	   2 Input   21 Bit       Adders := 1     
	   2 Input   20 Bit       Adders := 1     
	   2 Input   16 Bit       Adders := 1     
	   2 Input    3 Bit       Adders := 2     
+---Registers : 
	               21 Bit    Registers := 1     
	               20 Bit    Registers := 1     
	               16 Bit    Registers := 1     
	                3 Bit    Registers := 2     
	                1 Bit    Registers := 2     
+---Muxes : 
	   2 Input   21 Bit        Muxes := 1     
	   2 Input   20 Bit        Muxes := 1     
	   2 Input    3 Bit        Muxes := 2     
	   4 Input    2 Bit        Muxes := 1     
	   2 Input    2 Bit        Muxes := 2     
	   2 Input    1 Bit        Muxes := 3     
---------------------------------------------------------------------------------
Finished RTL Component Statistics 
---------------------------------------------------------------------------------
---------------------------------------------------------------------------------
Start Part Resource Summary
---------------------------------------------------------------------------------
Part Resources:
DSPs: 1824 (col length:96)
BRAMs: 960 (col length: RAMB18 96 RAMB36 48)
---------------------------------------------------------------------------------
Finished Part Resource Summary
---------------------------------------------------------------------------------
---------------------------------------------------------------------------------
Start Cross Boundary and Area Optimization
---------------------------------------------------------------------------------
---------------------------------------------------------------------------------
Finished Cross Boundary and Area Optimization : Time (s): cpu = 00:00:18 ; elapsed = 00:00:18 . Memory (MB): peak = 1994.773 ; gain = 342.375
---------------------------------------------------------------------------------
---------------------------------------------------------------------------------
Start Applying XDC Timing Constraints
---------------------------------------------------------------------------------
---------------------------------------------------------------------------------
Finished Applying XDC Timing Constraints : Time (s): cpu = 00:00:27 ; elapsed = 00:00:28 . Memory (MB): peak = 2417.488 ; gain = 765.090
---------------------------------------------------------------------------------
---------------------------------------------------------------------------------
Start Timing Optimization
---------------------------------------------------------------------------------
---------------------------------------------------------------------------------
Finished Timing Optimization : Time (s): cpu = 00:00:27 ; elapsed = 00:00:29 . Memory (MB): peak = 2439.598 ; gain = 787.199
---------------------------------------------------------------------------------
---------------------------------------------------------------------------------
Start Technology Mapping
---------------------------------------------------------------------------------
---------------------------------------------------------------------------------
Finished Technology Mapping : Time (s): cpu = 00:00:28 ; elapsed = 00:00:29 . Memory (MB): peak = 2441.418 ; gain = 789.020
---------------------------------------------------------------------------------
---------------------------------------------------------------------------------
Start IO Insertion
---------------------------------------------------------------------------------
---------------------------------------------------------------------------------
Start Flattening Before IO Insertion
---------------------------------------------------------------------------------
---------------------------------------------------------------------------------
Finished Flattening Before IO Insertion
---------------------------------------------------------------------------------
---------------------------------------------------------------------------------
Start Final Netlist Cleanup
---------------------------------------------------------------------------------
---------------------------------------------------------------------------------
Finished Final Netlist Cleanup
---------------------------------------------------------------------------------
---------------------------------------------------------------------------------
Finished IO Insertion : Time (s): cpu = 00:00:31 ; elapsed = 00:00:32 . Memory (MB): peak = 2446.219 ; gain = 793.820
---------------------------------------------------------------------------------
---------------------------------------------------------------------------------
Start Renaming Generated Instances
---------------------------------------------------------------------------------
---------------------------------------------------------------------------------
Finished Renaming Generated Instances : Time (s): cpu = 00:00:31 ; elapsed = 00:00:32 . Memory (MB): peak = 2446.219 ; gain = 793.820
---------------------------------------------------------------------------------
---------------------------------------------------------------------------------
Start Rebuilding User Hierarchy
---------------------------------------------------------------------------------
---------------------------------------------------------------------------------
Finished Rebuilding User Hierarchy : Time (s): cpu = 00:00:31 ; elapsed = 00:00:32 . Memory (MB): peak = 2446.219 ; gain = 793.820
---------------------------------------------------------------------------------
---------------------------------------------------------------------------------
Start Renaming Generated Ports
---------------------------------------------------------------------------------
---------------------------------------------------------------------------------
Finished Renaming Generated Ports : Time (s): cpu = 00:00:31 ; elapsed = 00:00:32 . Memory (MB): peak = 2446.219 ; gain = 793.820
---------------------------------------------------------------------------------
---------------------------------------------------------------------------------
Start Handling Custom Attributes
---------------------------------------------------------------------------------
---------------------------------------------------------------------------------
Finished Handling Custom Attributes : Time (s): cpu = 00:00:31 ; elapsed = 00:00:32 . Memory (MB): peak = 2446.219 ; gain = 793.820
---------------------------------------------------------------------------------
---------------------------------------------------------------------------------
Start Renaming Generated Nets
---------------------------------------------------------------------------------
---------------------------------------------------------------------------------
Finished Renaming Generated Nets : Time (s): cpu = 00:00:31 ; elapsed = 00:00:32 . Memory (MB): peak = 2446.219 ; gain = 793.820
---------------------------------------------------------------------------------
---------------------------------------------------------------------------------
Start Writing Synthesis Report
---------------------------------------------------------------------------------

Report BlackBoxes: 
+-+--------------+----------+
| |BlackBox name |Instances |
+-+--------------+----------+
+-+--------------+----------+

Report Cell Usage: 
+------+-------+------+
|      |Cell   |Count |
+------+-------+------+
|1     |BUFG   |     1|
|2     |CARRY8 |     6|
|3     |LUT1   |     7|
|4     |LUT2   |    23|
|5     |LUT3   |     8|
|6     |LUT4   |    16|
|7     |LUT5   |    10|
|8     |LUT6   |    29|
|9     |FDCE   |    67|
|10    |IBUF   |     2|
|11    |IBUFDS |     1|
|12    |OBUF   |     1|
+------+-------+------+
---------------------------------------------------------------------------------
Finished Writing Synthesis Report : Time (s): cpu = 00:00:31 ; elapsed = 00:00:32 . Memory (MB): peak = 2446.219 ; gain = 793.820
---------------------------------------------------------------------------------
Synthesis finished with 0 errors, 0 critical warnings and 0 warnings.
Synthesis Optimization Runtime : Time (s): cpu = 00:00:20 ; elapsed = 00:00:27 . Memory (MB): peak = 2446.219 ; gain = 676.387
Synthesis Optimization Complete : Time (s): cpu = 00:00:31 ; elapsed = 00:00:32 . Memory (MB): peak = 2446.219 ; gain = 793.820
INFO: [Project 1-571] Translating synthesized netlist
Netlist sorting complete. Time (s): cpu = 00:00:00 ; elapsed = 00:00:00.002 . Memory (MB): peak = 2454.223 ; gain = 0.000
INFO: [Netlist 29-17] Analyzing 10 Unisim elements for replacement
INFO: [Netlist 29-28] Unisim Transformation completed in 0 CPU seconds
INFO: [Project 1-570] Preparing netlist for logic optimization
INFO: [Opt 31-138] Pushed 0 inverter(s) to 0 load pin(s).
Netlist sorting complete. Time (s): cpu = 00:00:00 ; elapsed = 00:00:00 . Memory (MB): peak = 2481.043 ; gain = 0.000
INFO: [Project 1-111] Unisim Transformation Summary:
  A total of 4 instances were transformed.
  BUFG => BUFGCE: 1 instance 
  IBUF => IBUF (IBUFCTRL, INBUF): 2 instances
  IBUFDS => IBUFDS (DIFFINBUF, IBUFCTRL): 1 instance 

INFO: [Common 17-83] Releasing license: Synthesis
38 Infos, 0 Warnings, 0 Critical Warnings and 0 Errors encountered.
synth_design completed successfully
synth_design: Time (s): cpu = 00:00:42 ; elapsed = 00:00:46 . Memory (MB): peak = 2481.043 ; gain = 1319.082
INFO: [Common 17-1381] The checkpoint 'D:/GitHub/fpga_learing/XIV_servo/XIV_servo.runs/synth_1/top.dcp' has been generated.
INFO: [runtcl-4] Executing : report_utilization -file top_utilization_synth.rpt -pb top_utilization_synth.pb
INFO: [Common 17-206] Exiting Vivado at Fri Aug 29 12:09:21 2025...
