Time resolution is 1 ps
DDS TB start, clk frequency: 200.00 MHz. 
[100000 ns] Reset deasserted. 
[200000 ns] test 1: setting freq_word to 21474836 (target 1mhz, actual 1.000 mhz). 
[200000 ns] DDS enabled. 
[233000 ns] sample #5: 4011(0xfab). 
[258000 ns] sample #10: 9126(0x23a6). 
[283000 ns] sample #15: 13828(0x3604). 
[308000 ns] sample #20: 18371(0x47c3). 
[333000 ns] sample #25: 22301(0x571d). 
[358000 ns] sample #30: 25832(0x64e8). 
[383000 ns] sample #35: 28706(0x7022). 
[408000 ns] sample #40: 30783(0x783f). 
[433000 ns] sample #45: 32176(0x7db0). 
[458000 ns] sample #50: 32745(0x7fe9). 
[483000 ns] sample #55: 32521(0x7f09). 
[508000 ns] sample #60: 31470(0x7aee). 
[533000 ns] sample #65: 29706(0x740a). 
[558000 ns] sample #70: 27133(0x69fd). 
[583000 ns] sample #75: 24007(0x5dc7). 
[608000 ns] sample #80: 20159(0x4ebf). 
[633000 ns] sample #85: 15800(0x3db8). 
[658000 ns] sample #90: 11228(0x2bdc). 
[683000 ns] sample #95: 6195(0x1833). 
[708000 ns] sample #100: 1206(0x4b6). 
[733000 ns] sample #105: -4011(0xf055). 
[758000 ns] sample #110: -9126(0xdc5a). 
[783000 ns] sample #115: -13828(0xc9fc). 
[808000 ns] sample #120: -18371(0xb83d). 
[833000 ns] sample #125: -22301(0xa8e3). 
[858000 ns] sample #130: -25832(0x9b18). 
[883000 ns] sample #135: -28706(0x8fde). 
[908000 ns] sample #140: -30783(0x87c1). 
[933000 ns] sample #145: -32176(0x8250). 
[958000 ns] sample #150: -32745(0x8017). 
[983000 ns] sample #155: -32521(0x80f7). 
[1008000 ns] sample #160: -31470(0x8512). 
[1033000 ns] sample #165: -29706(0x8bf6). 
[1058000 ns] sample #170: -27133(0x9603). 
[1083000 ns] sample #175: -24007(0xa239). 
[1108000 ns] sample #180: -20159(0xb141). 
[1133000 ns] sample #185: -15800(0xc248). 
[1158000 ns] sample #190: -11228(0xd424). 
[1183000 ns] sample #195: -6195(0xe7cd). 
[1208000 ns] sample #200: -1206(0xfb4a). 
[1233000 ns] sample #205: 4011(0xfab). 
[1258000 ns] sample #210: 9126(0x23a6). 
[1283000 ns] sample #215: 13828(0x3604). 
[1308000 ns] sample #220: 18371(0x47c3). 
[1333000 ns] sample #225: 22301(0x571d). 
[1358000 ns] sample #230: 25832(0x64e8). 
[1383000 ns] sample #235: 28706(0x7022). 
[1408000 ns] sample #240: 30783(0x783f). 
[1433000 ns] sample #245: 32176(0x7db0). 
[1458000 ns] sample #250: 32745(0x7fe9). 
[1483000 ns] sample #255: 32521(0x7f09). 
[1508000 ns] sample #260: 31470(0x7aee). 
[1533000 ns] sample #265: 29706(0x740a). 
[1558000 ns] sample #270: 27133(0x69fd). 
[1583000 ns] sample #275: 24007(0x5dc7). 
[1608000 ns] sample #280: 20159(0x4ebf). 
[1633000 ns] sample #285: 15800(0x3db8). 
[1658000 ns] sample #290: 11228(0x2bdc). 
[1683000 ns] sample #295: 6195(0x1833). 
[1708000 ns] sample #300: 1206(0x4b6). 
[1733000 ns] sample #305: -4011(0xf055). 
[1758000 ns] sample #310: -9126(0xdc5a). 
[1783000 ns] sample #315: -13828(0xc9fc). 
[1808000 ns] sample #320: -18371(0xb83d). 
[1833000 ns] sample #325: -22301(0xa8e3). 
[1858000 ns] sample #330: -25832(0x9b18). 
[1883000 ns] sample #335: -28706(0x8fde). 
[1908000 ns] sample #340: -30783(0x87c1). 
[1933000 ns] sample #345: -32176(0x8250). 
[1958000 ns] sample #350: -32745(0x8017). 
[1983000 ns] sample #355: -32521(0x80f7). 
[2008000 ns] sample #360: -31470(0x8512). 
[2033000 ns] sample #365: -29706(0x8bf6). 
[2058000 ns] sample #370: -27133(0x9603). 
[2083000 ns] sample #375: -24007(0xa239). 
[2108000 ns] sample #380: -20159(0xb141). 
[2133000 ns] sample #385: -15800(0xc248). 
[2158000 ns] sample #390: -11228(0xd424). 
[2183000 ns] sample #395: -6195(0xe7cd). 
[2208000 ns] sample #400: -1206(0xfb4a). 
[2233000 ns] sample #405: 4011(0xfab). 
[2258000 ns] sample #410: 9126(0x23a6). 
[2283000 ns] sample #415: 13828(0x3604). 
[2308000 ns] sample #420: 18371(0x47c3). 
[2333000 ns] sample #425: 22301(0x571d). 
[2358000 ns] sample #430: 25832(0x64e8). 
[2383000 ns] sample #435: 28706(0x7022). 
[2408000 ns] sample #440: 30783(0x783f). 
[2433000 ns] sample #445: 32176(0x7db0). 
[2458000 ns] sample #450: 32745(0x7fe9). 
[2483000 ns] sample #455: 32521(0x7f09). 
[2508000 ns] sample #460: 31470(0x7aee). 
[2533000 ns] sample #465: 29706(0x740a). 
[2558000 ns] sample #470: 27133(0x69fd). 
[2583000 ns] sample #475: 24007(0x5dc7). 
[2608000 ns] sample #480: 20159(0x4ebf). 
[2633000 ns] sample #485: 15800(0x3db8). 
[2658000 ns] sample #490: 11228(0x2bdc). 
[2683000 ns] sample #495: 6195(0x1833). 
[2708000 ns] sample #500: 1206(0x4b6). 
[2733000 ns] sample #505: -4011(0xf055). 
[2758000 ns] sample #510: -9126(0xdc5a). 
[2783000 ns] sample #515: -13828(0xc9fc). 
[2808000 ns] sample #520: -18371(0xb83d). 
[2833000 ns] sample #525: -22301(0xa8e3). 
[2858000 ns] sample #530: -25832(0x9b18). 
[2883000 ns] sample #535: -28706(0x8fde). 
[2908000 ns] sample #540: -30783(0x87c1). 
[2933000 ns] sample #545: -32176(0x8250). 
[2958000 ns] sample #550: -32745(0x8017). 
[2983000 ns] sample #555: -32521(0x80f7). 
[3008000 ns] sample #560: -31470(0x8512). 
[3033000 ns] sample #565: -29706(0x8bf6). 
[3058000 ns] sample #570: -27133(0x9603). 
[3083000 ns] sample #575: -24007(0xa239). 
[3108000 ns] sample #580: -20159(0xb141). 
[3133000 ns] sample #585: -15800(0xc248). 
[3158000 ns] sample #590: -11228(0xd424). 
[3183000 ns] sample #595: -6195(0xe7cd). 
[3208000 ns] sample #600: -1206(0xfb4a). 
[3233000 ns] sample #605: 4011(0xfab). 
[3258000 ns] sample #610: 9126(0x23a6). 
[3283000 ns] sample #615: 13828(0x3604). 
[3308000 ns] sample #620: 18371(0x47c3). 
[3333000 ns] sample #625: 22301(0x571d). 
[3358000 ns] sample #630: 25832(0x64e8). 
[3383000 ns] sample #635: 28706(0x7022). 
[3408000 ns] sample #640: 30783(0x783f). 
[3433000 ns] sample #645: 32176(0x7db0). 
[3458000 ns] sample #650: 32745(0x7fe9). 
[3483000 ns] sample #655: 32521(0x7f09). 
[3508000 ns] sample #660: 31470(0x7aee). 
[3533000 ns] sample #665: 29706(0x740a). 
[3558000 ns] sample #670: 27133(0x69fd). 
[3583000 ns] sample #675: 24007(0x5dc7). 
[3608000 ns] sample #680: 20159(0x4ebf). 
[3633000 ns] sample #685: 15800(0x3db8). 
[3658000 ns] sample #690: 11228(0x2bdc). 
[3683000 ns] sample #695: 6195(0x1833). 
[3708000 ns] sample #700: 1206(0x4b6). 
[3733000 ns] sample #705: -4011(0xf055). 
[3758000 ns] sample #710: -9126(0xdc5a). 
[3783000 ns] sample #715: -13828(0xc9fc). 
[3808000 ns] sample #720: -18371(0xb83d). 
[3833000 ns] sample #725: -22301(0xa8e3). 
[3858000 ns] sample #730: -25832(0x9b18). 
[3883000 ns] sample #735: -28706(0x8fde). 
[3908000 ns] sample #740: -30783(0x87c1). 
[3933000 ns] sample #745: -32176(0x8250). 
[3958000 ns] sample #750: -32745(0x8017). 
[3983000 ns] sample #755: -32521(0x80f7). 
[4008000 ns] sample #760: -31470(0x8512). 
[4033000 ns] sample #765: -29706(0x8bf6). 
[4058000 ns] sample #770: -27133(0x9603). 
[4083000 ns] sample #775: -24007(0xa239). 
[4108000 ns] sample #780: -20159(0xb141). 
[4133000 ns] sample #785: -15800(0xc248). 
[4158000 ns] sample #790: -11228(0xd424). 
[4183000 ns] sample #795: -6195(0xe7cd). 
[4208000 ns] sample #800: -1206(0xfb4a). 
[4233000 ns] sample #805: 4011(0xfab). 
[4258000 ns] sample #810: 9126(0x23a6). 
[4283000 ns] sample #815: 13828(0x3604). 
[4308000 ns] sample #820: 18371(0x47c3). 
[4333000 ns] sample #825: 22301(0x571d). 
[4358000 ns] sample #830: 25832(0x64e8). 
[4383000 ns] sample #835: 28706(0x7022). 
[4408000 ns] sample #840: 30783(0x783f). 
[4433000 ns] sample #845: 32176(0x7db0). 
[4458000 ns] sample #850: 32745(0x7fe9). 
[4483000 ns] sample #855: 32521(0x7f09). 
[4508000 ns] sample #860: 31470(0x7aee). 
[4533000 ns] sample #865: 29706(0x740a). 
[4558000 ns] sample #870: 27133(0x69fd). 
[4583000 ns] sample #875: 24007(0x5dc7). 
[4608000 ns] sample #880: 20159(0x4ebf). 
[4633000 ns] sample #885: 15800(0x3db8). 
[4658000 ns] sample #890: 11228(0x2bdc). 
[4683000 ns] sample #895: 6195(0x1833). 
[4708000 ns] sample #900: 1206(0x4b6). 
[4733000 ns] sample #905: -4011(0xf055). 
[4758000 ns] sample #910: -9126(0xdc5a). 
[4783000 ns] sample #915: -13828(0xc9fc). 
[4808000 ns] sample #920: -18371(0xb83d). 
[4833000 ns] sample #925: -22301(0xa8e3). 
[4858000 ns] sample #930: -25832(0x9b18). 
[4883000 ns] sample #935: -28706(0x8fde). 
[4908000 ns] sample #940: -30783(0x87c1). 
[4933000 ns] sample #945: -32176(0x8250). 
[4958000 ns] sample #950: -32745(0x8017). 
[4983000 ns] sample #955: -32521(0x80f7). 
[5008000 ns] sample #960: -31470(0x8512). 
[5033000 ns] sample #965: -29706(0x8bf6). 
[5058000 ns] sample #970: -27133(0x9603). 
[5083000 ns] sample #975: -24007(0xa239). 
[5108000 ns] sample #980: -20159(0xb141). 
[5133000 ns] sample #985: -15800(0xc248). 
[5158000 ns] sample #990: -11228(0xd424). 
[5183000 ns] sample #995: -6195(0xe7cd). 
[5200000 ns] test 1 finished 1000 cycles. 
[5200000 ns] DDS disabled. 
[5208000 ns] sample #1000: -1206(0xfb4a). 
[5700000 ns] test 2: setting freq_word to 214748365 (target 10mhz, actual 10.000 mhz). 
[5700000 ns] DDS enabled. 
[5733000 ns] sample #1005: 31113(0x7989). 
[5758000 ns] sample #1010: 10278(0x2826). 
[5783000 ns] sample #1015: -31113(0x8677). 
[5808000 ns] sample #1020: -10278(0xd7da). 
[5833000 ns] sample #1025: 31113(0x7989). 
[5858000 ns] sample #1030: 10278(0x2826). 
[5883000 ns] sample #1035: -31113(0x8677). 
[5908000 ns] sample #1040: -10278(0xd7da). 
[5933000 ns] sample #1045: 31113(0x7989). 
[5958000 ns] sample #1050: 10278(0x2826). 
[5983000 ns] sample #1055: -31113(0x8677). 
[6008000 ns] sample #1060: -10278(0xd7da). 
[6033000 ns] sample #1065: 31113(0x7989). 
[6058000 ns] sample #1070: 10278(0x2826). 
[6083000 ns] sample #1075: -31113(0x8677). 
[6108000 ns] sample #1080: -10278(0xd7da). 
[6133000 ns] sample #1085: 31113(0x7989). 
[6158000 ns] sample #1090: 10278(0x2826). 
[6183000 ns] sample #1095: -31113(0x8677). 
[6208000 ns] sample #1100: -10278(0xd7da). 
[6233000 ns] sample #1105: 31113(0x7989). 
[6258000 ns] sample #1110: 10278(0x2826). 
[6283000 ns] sample #1115: -31113(0x8677). 
[6308000 ns] sample #1120: -10278(0xd7da). 
[6333000 ns] sample #1125: 31113(0x7989). 
[6358000 ns] sample #1130: 10278(0x2826). 
[6383000 ns] sample #1135: -31113(0x8677). 
[6408000 ns] sample #1140: -10278(0xd7da). 
[6433000 ns] sample #1145: 31113(0x7989). 
[6458000 ns] sample #1150: 10278(0x2826). 
[6483000 ns] sample #1155: -31113(0x8677). 
[6508000 ns] sample #1160: -10278(0xd7da). 
[6533000 ns] sample #1165: 31113(0x7989). 
[6558000 ns] sample #1170: 10278(0x2826). 
[6583000 ns] sample #1175: -31113(0x8677). 
[6608000 ns] sample #1180: -10278(0xd7da). 
[6633000 ns] sample #1185: 31113(0x7989). 
[6658000 ns] sample #1190: 10278(0x2826). 
[6683000 ns] sample #1195: -31113(0x8677). 
[6708000 ns] sample #1200: -10278(0xd7da). 
[6733000 ns] sample #1205: 31113(0x7989). 
[6758000 ns] sample #1210: 10278(0x2826). 
[6783000 ns] sample #1215: -31113(0x8677). 
[6808000 ns] sample #1220: -10278(0xd7da). 
[6833000 ns] sample #1225: 31113(0x7989). 
[6858000 ns] sample #1230: 10278(0x2826). 
[6883000 ns] sample #1235: -31113(0x8677). 
[6908000 ns] sample #1240: -10278(0xd7da). 
[6933000 ns] sample #1245: 31113(0x7989). 
[6958000 ns] sample #1250: 10278(0x2826). 
[6983000 ns] sample #1255: -31113(0x8677). 
[7008000 ns] sample #1260: -10278(0xd7da). 
[7033000 ns] sample #1265: 31113(0x7989). 
[7058000 ns] sample #1270: 10278(0x2826). 
[7083000 ns] sample #1275: -31113(0x8677). 
[7108000 ns] sample #1280: -10278(0xd7da). 
[7133000 ns] sample #1285: 31113(0x7989). 
[7158000 ns] sample #1290: 10278(0x2826). 
[7183000 ns] sample #1295: -31113(0x8677). 
[7208000 ns] sample #1300: -10278(0xd7da). 
[7233000 ns] sample #1305: 31113(0x7989). 
[7258000 ns] sample #1310: 10278(0x2826). 
[7283000 ns] sample #1315: -31113(0x8677). 
[7308000 ns] sample #1320: -10278(0xd7da). 
[7333000 ns] sample #1325: 31113(0x7989). 
[7358000 ns] sample #1330: 10278(0x2826). 
[7383000 ns] sample #1335: -31113(0x8677). 
[7408000 ns] sample #1340: -10278(0xd7da). 
[7433000 ns] sample #1345: 31113(0x7989). 
[7458000 ns] sample #1350: 10278(0x2826). 
[7483000 ns] sample #1355: -31113(0x8677). 
[7508000 ns] sample #1360: -10278(0xd7da). 
[7533000 ns] sample #1365: 31113(0x7989). 
[7558000 ns] sample #1370: 10278(0x2826). 
[7583000 ns] sample #1375: -31113(0x8677). 
[7608000 ns] sample #1380: -10278(0xd7da). 
[7633000 ns] sample #1385: 31113(0x7989). 
[7658000 ns] sample #1390: 10278(0x2826). 
[7683000 ns] sample #1395: -31113(0x8677). 
[7708000 ns] sample #1400: -10278(0xd7da). 
[7733000 ns] sample #1405: 31113(0x7989). 
[7758000 ns] sample #1410: 10278(0x2826). 
[7783000 ns] sample #1415: -31113(0x8677). 
[7808000 ns] sample #1420: -10278(0xd7da). 
[7833000 ns] sample #1425: 31113(0x7989). 
[7858000 ns] sample #1430: 10278(0x2826). 
[7883000 ns] sample #1435: -31113(0x8677). 
[7908000 ns] sample #1440: -10278(0xd7da). 
[7933000 ns] sample #1445: 31113(0x7989). 
[7958000 ns] sample #1450: 10278(0x2826). 
[7983000 ns] sample #1455: -31113(0x8677). 
[8008000 ns] sample #1460: -10278(0xd7da). 
[8033000 ns] sample #1465: 31113(0x7989). 
[8058000 ns] sample #1470: 10278(0x2826). 
[8083000 ns] sample #1475: -31113(0x8677). 
[8108000 ns] sample #1480: -10278(0xd7da). 
[8133000 ns] sample #1485: 31113(0x7989). 
[8158000 ns] sample #1490: 10278(0x2826). 
[8183000 ns] sample #1495: -31113(0x8677). 
[8208000 ns] sample #1500: -10278(0xd7da). 
[8233000 ns] sample #1505: 31113(0x7989). 
[8258000 ns] sample #1510: 10278(0x2826). 
[8283000 ns] sample #1515: -31113(0x8677). 
[8308000 ns] sample #1520: -10278(0xd7da). 
[8333000 ns] sample #1525: 31113(0x7989). 
[8358000 ns] sample #1530: 10278(0x2826). 
[8383000 ns] sample #1535: -31113(0x8677). 
[8408000 ns] sample #1540: -10278(0xd7da). 
[8433000 ns] sample #1545: 31113(0x7989). 
[8458000 ns] sample #1550: 10278(0x2826). 
[8483000 ns] sample #1555: -31113(0x8677). 
[8508000 ns] sample #1560: -10278(0xd7da). 
[8533000 ns] sample #1565: 31113(0x7989). 
[8558000 ns] sample #1570: 10278(0x2826). 
[8583000 ns] sample #1575: -31113(0x8677). 
[8608000 ns] sample #1580: -10278(0xd7da). 
[8633000 ns] sample #1585: 31113(0x7989). 
[8658000 ns] sample #1590: 10278(0x2826). 
[8683000 ns] sample #1595: -31113(0x8677). 
[8708000 ns] sample #1600: -10278(0xd7da). 
[8733000 ns] sample #1605: 31113(0x7989). 
[8758000 ns] sample #1610: 10278(0x2826). 
[8783000 ns] sample #1615: -31113(0x8677). 
[8808000 ns] sample #1620: -10278(0xd7da). 
[8833000 ns] sample #1625: 31113(0x7989). 
[8858000 ns] sample #1630: 10278(0x2826). 
[8883000 ns] sample #1635: -31113(0x8677). 
[8908000 ns] sample #1640: -10278(0xd7da). 
[8933000 ns] sample #1645: 31113(0x7989). 
[8958000 ns] sample #1650: 10278(0x2826). 
[8983000 ns] sample #1655: -31113(0x8677). 
[9008000 ns] sample #1660: -10278(0xd7da). 
[9033000 ns] sample #1665: 31113(0x7989). 
[9058000 ns] sample #1670: 10278(0x2826). 
[9083000 ns] sample #1675: -31113(0x8677). 
[9108000 ns] sample #1680: -10278(0xd7da). 
[9133000 ns] sample #1685: 31113(0x7989). 
[9158000 ns] sample #1690: 10278(0x2826). 
[9183000 ns] sample #1695: -31113(0x8677). 
[9208000 ns] sample #1700: -10278(0xd7da). 
[9233000 ns] sample #1705: 31113(0x7989). 
[9258000 ns] sample #1710: 10278(0x2826). 
[9283000 ns] sample #1715: -31113(0x8677). 
[9308000 ns] sample #1720: -10278(0xd7da). 
[9333000 ns] sample #1725: 31113(0x7989). 
[9358000 ns] sample #1730: 10278(0x2826). 
[9383000 ns] sample #1735: -31113(0x8677). 
[9408000 ns] sample #1740: -10278(0xd7da). 
[9433000 ns] sample #1745: 31113(0x7989). 
[9458000 ns] sample #1750: 10278(0x2826). 
[9483000 ns] sample #1755: -31113(0x8677). 
[9508000 ns] sample #1760: -10278(0xd7da). 
[9533000 ns] sample #1765: 31113(0x7989). 
[9558000 ns] sample #1770: 10278(0x2826). 
[9583000 ns] sample #1775: -31113(0x8677). 
[9608000 ns] sample #1780: -10278(0xd7da). 
[9633000 ns] sample #1785: 31113(0x7989). 
[9658000 ns] sample #1790: 10278(0x2826). 
[9683000 ns] sample #1795: -31113(0x8677). 
[9708000 ns] sample #1800: -10278(0xd7da). 
[9733000 ns] sample #1805: 31113(0x7989). 
[9758000 ns] sample #1810: 10278(0x2826). 
[9783000 ns] sample #1815: -31113(0x8677). 
[9808000 ns] sample #1820: -10278(0xd7da). 
[9833000 ns] sample #1825: 31113(0x7989). 
[9858000 ns] sample #1830: 10278(0x2826). 
[9883000 ns] sample #1835: -31113(0x8677). 
[9908000 ns] sample #1840: -10278(0xd7da). 
[9933000 ns] sample #1845: 31113(0x7989). 
[9958000 ns] sample #1850: 10278(0x2826). 
[9983000 ns] sample #1855: -31113(0x8677). 
[10008000 ns] sample #1860: -10278(0xd7da). 
[10033000 ns] sample #1865: 31113(0x7989). 
[10058000 ns] sample #1870: 10278(0x2826). 
[10083000 ns] sample #1875: -31113(0x8677). 
[10108000 ns] sample #1880: -10278(0xd7da). 
