# do {tb_simple_fsm_compile.do}
# QuestaSim-64 vmap 2024.1 Lib Mapping Utility 2024.02 Feb  1 2024
# vmap xil_defaultlib questa_lib/msim/xil_defaultlib 
# Modifying modelsim.ini
# QuestaSim-64 vlog 2024.1 Compiler 2024.02 Feb  1 2024
# Start time: 23:31:09 on Aug 07,2025
# vlog -mfcu -work xil_defaultlib ../../../../XIII_simple_fsm.srcs/sources_1/new/simple_fsm.v ../../../../XIII_simple_fsm.srcs/sim_1/new/tb_simple_fsm.v 
# -- Compiling module simple_fsm
# -- Compiling module tb_simple_fsm
# 
# Top level modules:
# 	tb_simple_fsm
# End time: 23:31:09 on Aug 07,2025, Elapsed time: 0:00:00
# Errors: 0, Warnings: 0
# QuestaSim-64 vlog 2024.1 Compiler 2024.02 Feb  1 2024
# Start time: 23:31:09 on Aug 07,2025
# vlog -work xil_defaultlib glbl.v 
# -- Compiling module glbl
# 
# Top level modules:
# 	glbl
# End time: 23:31:09 on Aug 07,2025, Elapsed time: 0:00:00
# Errors: 0, Warnings: 0
