# //  Questa Sim-64
# //  Version 2024.1 win64 Feb  1 2024
# //
# // Unpublished work. Copyright 2024 Siemens
# //
# // This material contains trade secrets or otherwise confidential information
# // owned by Siemens Industry Software Inc. or its affiliates (collectively,
# // "SISW"), or its licensors. Access to and use of this information is strictly
# // limited as set forth in the Customer's applicable agreements with SISW.
# //
# // This material may not be copied, distributed, or otherwise disclosed outside
# // of the Customer's facilities without the express written permission of SISW,
# // and may not be used in any way not expressly authorized by SISW.
# //
# do {tb_simple_fsm_simulate.do}
# vsim -lib xil_defaultlib tb_simple_fsm_opt 
# Start time: 23:31:25 on Aug 07,2025
# Loading work.tb_simple_fsm(fast)
# Loading work.simple_fsm(fast)
# Loading work.glbl(fast)
# 1
# 1
# .main_pane.wave.interior.cs.body.pw.wf
# .main_pane.structure.interior.cs.body.struct
# .main_pane.objects.interior.cs.body.tree
# @time    0ns: in_money = 00, state = 000, out_cola = 0. 
# @time   20ns: in_money = 01, state = 000, out_cola = 0. 
# @time   30ns: in_money = 10, state = 011, out_cola = 0. 
# @time   40ns: in_money = 10, state = 010, out_cola = 0. 
# @time   50ns: in_money = 10, state = 110, out_cola = 0. 
# @time   60ns: in_money = 10, state = 111, out_cola = 0. 
# @time   70ns: in_money = 10, state = 101, out_cola = 1. 
# @time   80ns: in_money = 10, state = 001, out_cola = 0. 
# @time   90ns: in_money = 01, state = 011, out_cola = 0. 
# @time  100ns: in_money = 10, state = 110, out_cola = 0. 
# @time  110ns: in_money = 10, state = 111, out_cola = 0. 
# @time  120ns: in_money = 01, state = 101, out_cola = 1. 
# @time  130ns: in_money = 10, state = 011, out_cola = 0. 
# @time  140ns: in_money = 10, state = 010, out_cola = 0. 
# @time  150ns: in_money = 01, state = 110, out_cola = 0. 
# @time  160ns: in_money = 10, state = 101, out_cola = 1. 
# @time  170ns: in_money = 01, state = 001, out_cola = 0. 
# @time  180ns: in_money = 10, state = 010, out_cola = 0. 
# @time  190ns: in_money = 01, state = 110, out_cola = 0. 
# @time  200ns: in_money = 10, state = 101, out_cola = 1. 
# @time  210ns: in_money = 10, state = 001, out_cola = 0. 
# @time  220ns: in_money = 01, state = 011, out_cola = 0. 
# @time  230ns: in_money = 10, state = 110, out_cola = 0. 
# @time  240ns: in_money = 01, state = 111, out_cola = 0. 
# @time  250ns: in_money = 01, state = 100, out_cola = 1. 
# @time  260ns: in_money = 01, state = 010, out_cola = 0. 
# @time  270ns: in_money = 10, state = 111, out_cola = 0. 
# @time  280ns: in_money = 01, state = 101, out_cola = 1. 
# @time  290ns: in_money = 10, state = 011, out_cola = 0. 
# @time  300ns: in_money = 10, state = 010, out_cola = 0. 
# @time  310ns: in_money = 10, state = 110, out_cola = 0. 
# @time  320ns: in_money = 10, state = 111, out_cola = 0. 
# @time  330ns: in_money = 01, state = 101, out_cola = 1. 
# @time  340ns: in_money = 01, state = 011, out_cola = 0. 
# @time  350ns: in_money = 01, state = 110, out_cola = 0. 
# @time  360ns: in_money = 01, state = 101, out_cola = 1. 
# @time  370ns: in_money = 10, state = 011, out_cola = 0. 
# @time  380ns: in_money = 01, state = 010, out_cola = 0. 
# @time  390ns: in_money = 10, state = 111, out_cola = 0. 
# @time  400ns: in_money = 10, state = 101, out_cola = 1. 
# @time  410ns: in_money = 10, state = 001, out_cola = 0. 
# @time  420ns: in_money = 10, state = 011, out_cola = 0. 
# @time  430ns: in_money = 10, state = 010, out_cola = 0. 
# @time  440ns: in_money = 01, state = 110, out_cola = 0. 
# @time  450ns: in_money = 01, state = 101, out_cola = 1. 
# @time  460ns: in_money = 10, state = 011, out_cola = 0. 
# @time  470ns: in_money = 10, state = 010, out_cola = 0. 
# @time  480ns: in_money = 10, state = 110, out_cola = 0. 
# @time  490ns: in_money = 01, state = 111, out_cola = 0. 
# @time  500ns: in_money = 01, state = 100, out_cola = 1. 
# @time  510ns: in_money = 01, state = 010, out_cola = 0. 
# @time  520ns: in_money = 01, state = 111, out_cola = 0. 
# @time  530ns: in_money = 01, state = 100, out_cola = 1. 
# @time  540ns: in_money = 10, state = 010, out_cola = 0. 
# @time  550ns: in_money = 01, state = 110, out_cola = 0. 
# @time  560ns: in_money = 01, state = 101, out_cola = 1. 
# @time  570ns: in_money = 10, state = 011, out_cola = 0. 
# @time  580ns: in_money = 10, state = 010, out_cola = 0. 
# @time  590ns: in_money = 01, state = 110, out_cola = 0. 
# @time  600ns: in_money = 01, state = 101, out_cola = 1. 
# @time  610ns: in_money = 01, state = 011, out_cola = 0. 
# @time  620ns: in_money = 01, state = 110, out_cola = 0. 
# @time  630ns: in_money = 01, state = 101, out_cola = 1. 
# @time  640ns: in_money = 10, state = 011, out_cola = 0. 
# @time  650ns: in_money = 10, state = 010, out_cola = 0. 
# @time  660ns: in_money = 10, state = 110, out_cola = 0. 
# @time  670ns: in_money = 10, state = 111, out_cola = 0. 
# @time  680ns: in_money = 10, state = 101, out_cola = 1. 
# @time  690ns: in_money = 01, state = 001, out_cola = 0. 
# @time  700ns: in_money = 01, state = 010, out_cola = 0. 
# @time  710ns: in_money = 10, state = 111, out_cola = 0. 
# @time  720ns: in_money = 10, state = 101, out_cola = 1. 
# @time  730ns: in_money = 10, state = 001, out_cola = 0. 
# @time  740ns: in_money = 01, state = 011, out_cola = 0. 
# @time  750ns: in_money = 01, state = 110, out_cola = 0. 
# @time  760ns: in_money = 10, state = 101, out_cola = 1. 
# @time  770ns: in_money = 10, state = 001, out_cola = 0. 
# @time  780ns: in_money = 01, state = 011, out_cola = 0. 
# @time  790ns: in_money = 10, state = 110, out_cola = 0. 
# @time  800ns: in_money = 10, state = 111, out_cola = 0. 
# @time  810ns: in_money = 01, state = 101, out_cola = 1. 
# @time  820ns: in_money = 10, state = 011, out_cola = 0. 
# @time  830ns: in_money = 10, state = 010, out_cola = 0. 
# @time  840ns: in_money = 10, state = 110, out_cola = 0. 
# @time  850ns: in_money = 01, state = 111, out_cola = 0. 
# @time  860ns: in_money = 10, state = 100, out_cola = 1. 
# @time  870ns: in_money = 10, state = 011, out_cola = 0. 
# @time  880ns: in_money = 01, state = 010, out_cola = 0. 
# @time  890ns: in_money = 01, state = 111, out_cola = 0. 
# @time  900ns: in_money = 01, state = 100, out_cola = 1. 
# @time  910ns: in_money = 01, state = 010, out_cola = 0. 
# @time  920ns: in_money = 10, state = 111, out_cola = 0. 
# @time  930ns: in_money = 10, state = 101, out_cola = 1. 
# @time  940ns: in_money = 01, state = 001, out_cola = 0. 
# @time  950ns: in_money = 01, state = 010, out_cola = 0. 
# @time  960ns: in_money = 10, state = 111, out_cola = 0. 
# @time  970ns: in_money = 10, state = 101, out_cola = 1. 
# @time  980ns: in_money = 10, state = 001, out_cola = 0. 
# @time  990ns: in_money = 10, state = 011, out_cola = 0. 
# End time: 23:32:46 on Aug 07,2025, Elapsed time: 0:01:21
# Errors: 0, Warnings: 0
