Vivado Simulator v2020.2.2
Copyright 1986-1999, 2001-2021 Xilinx, Inc. All Rights Reserved.
Running: D:/Xilinx/Vivado/2020.2/bin/unwrapped/win64.o/xelab.exe -wto 4ac993cbd8f543d493469a8fdb4f6a06 --incr --debug typical --relax --mt 2 -L xil_defaultlib -L unisims_ver -L unimacro_ver -L secureip --snapshot tb_button_debounce_behav xil_defaultlib.tb_button_debounce xil_defaultlib.glbl -log elaborate.log 
Using 2 slave threads.
Starting static elaboration
Pass Through NonSizing Optimizer
WARNING: [VRFC 10-3091] actual bit length 32 differs from formal bit length 17 for port 'clk_freq_mhz' [D:/GitHub/fpga_learing/xviii_beep_piano/xviii_beep_piano.srcs/sources_1/new/button_debounce.v:59]
WARNING: [VRFC 10-3091] actual bit length 32 differs from formal bit length 17 for port 'count_20_ns' [D:/GitHub/fpga_learing/xviii_beep_piano/xviii_beep_piano.srcs/sources_1/new/button_debounce.v:61]
WARNING: [VRFC 10-3091] actual bit length 32 differs from formal bit length 17 for port 'count_us' [D:/GitHub/fpga_learing/xviii_beep_piano/xviii_beep_piano.srcs/sources_1/new/button_debounce.v:62]
WARNING: [VRFC 10-3091] actual bit length 32 differs from formal bit length 17 for port 'count_ms' [D:/GitHub/fpga_learing/xviii_beep_piano/xviii_beep_piano.srcs/sources_1/new/button_debounce.v:63]
WARNING: [VRFC 10-3091] actual bit length 32 differs from formal bit length 17 for port 'count_s' [D:/GitHub/fpga_learing/xviii_beep_piano/xviii_beep_piano.srcs/sources_1/new/button_debounce.v:64]
Completed static elaboration
Starting simulation data flow analysis
Completed simulation data flow analysis
Time Resolution for simulation is 1ps
Compiling module xil_defaultlib.counter
Compiling module xil_defaultlib.button_debounce
Compiling module xil_defaultlib.tb_button_debounce
Compiling module xil_defaultlib.glbl
Built simulation snapshot tb_button_debounce_behav
