# do {xvii_top_sim_compile.do}
# ** Warning: (vlib-34) Library already exists at "questa_lib/work".
# ** Warning: (vlib-34) Library already exists at "questa_lib/msim".
# ** Warning: (vlib-34) Library already exists at "questa_lib/msim/xil_defaultlib".
# QuestaSim-64 vmap 2020.1 Lib Mapping Utility 2020.01 Jan 28 2020
# vmap xil_defaultlib questa_lib/msim/xil_defaultlib 
# Modifying modelsim.ini
# QuestaSim-64 vlog 2020.1 Compiler 2020.01 Jan 28 2020
# Start time: 18:22:52 on Oct 30,2025
# vlog -incr -work xil_defaultlib ../../../../xvii_new_start.srcs/sources_1/new/counter.v ../../../../xvii_new_start.srcs/sources_1/new/xvii_top.v ../../../../xvii_new_start.srcs/sim_1/new/xvii_top_sim.v 
# -- Skipping module counter
# -- Compiling module xvii_top
# -- Skipping module xvii_top_sim
# 
# Top level modules:
# 	xvii_top_sim
# End time: 18:22:52 on Oct 30,2025, Elapsed time: 0:00:00
# Errors: 0, Warnings: 0
# QuestaSim-64 vlog 2020.1 Compiler 2020.01 Jan 28 2020
# Start time: 18:22:52 on Oct 30,2025
# vlog -work xil_defaultlib glbl.v 
# -- Compiling module glbl
# 
# Top level modules:
# 	glbl
# End time: 18:22:52 on Oct 30,2025, Elapsed time: 0:00:00
# Errors: 0, Warnings: 0
