# do {xvii_top_sim_elaborate.do}
# QuestaSim-64 vopt 2020.1 Compiler 2020.01 Jan 28 2020
# Start time: 18:22:53 on Oct 30,2025
# vopt "+acc=npr" -L xil_defaultlib -L unisims_ver -L unimacro_ver -L secureip -work xil_defaultlib xil_defaultlib.xvii_top_sim xil_defaultlib.glbl -o xvii_top_sim_opt 
# 
# Top level modules:
# 	xvii_top_sim
# 	glbl
# 
# Analyzing design...
# -- Loading module xvii_top_sim
# -- Loading module glbl
# -- Loading module xvii_top
# -- Loading module unisims_ver.IBUFDS
# -- Loading module counter
# Incremental compilation check found 4 design-units (out of 5) may be reused.
# Optimizing 1 design-unit (inlining 0/4 module instances, 0/1 cell instances):
# -- Optimizing module xvii_top(fast)
# Optimized design name is xvii_top_sim_opt
# End time: 18:22:54 on Oct 30,2025, Elapsed time: 0:00:01
# Errors: 0, Warnings: 0
