# //  Questa Sim-64
# //  Version 2020.1 win64 Jan 28 2020
# //
# //  Copyright 1991-2020 Mentor Graphics Corporation
# //  All Rights Reserved.
# //
# //  QuestaSim and its associated documentation contain trade
# //  secrets and commercial or financial information that are the property of
# //  Mentor Graphics Corporation and are privileged, confidential,
# //  and exempt from disclosure under the Freedom of Information Act,
# //  5 U.S.C. Section 552. Furthermore, this information
# //  is prohibited from disclosure under the Trade Secrets Act,
# //  18 U.S.C. Section 1905.
# //
# do {xvii_top_sim_simulate.do}
# vsim -lib xil_defaultlib xvii_top_sim_opt 
# Start time: 18:23:00 on Oct 30,2025
# Loading work.xvii_top_sim(fast)
# Loading work.xvii_top(fast)
# Loading unisims_ver.IBUFDS(fast)
# Loading work.counter(fast)
# Loading work.glbl(fast)
# 1
# 1
# .main_pane.wave.interior.cs.body.pw.wf
# .main_pane.structure.interior.cs.body.struct
# .main_pane.objects.interior.cs.body.tree
add wave -position insertpoint sim:/xvii_top_sim/xvii_top_inst/*
restart
# Loading work.xvii_top_sim(fast)
# Loading work.xvii_top(fast)
# Loading unisims_ver.IBUFDS(fast)
# Loading work.counter(fast)
# Loading work.glbl(fast)
run
# End time: 18:25:08 on Oct 30,2025, Elapsed time: 0:02:08
# Errors: 0, Warnings: 0
