#-----------------------------------------------------------
# Vivado v2024.2 (64-bit)
# SW Build 5239630 on Fri Nov 08 22:35:27 MST 2024
# IP Build 5239520 on Sun Nov 10 16:12:51 MST 2024
# SharedData Build 5239561 on Fri Nov 08 14:39:27 MST 2024
# Start of session at: Sat Aug  2 12:19:45 2025
# Process ID         : 19584
# Current directory  : D:/GitHub/fpga_learing/XII_run_led
# Command line       : vivado.exe -gui_launcher_event rodinguilauncherevent23680 D:\GitHub\fpga_learing\XII_run_led\XI_run_led.xpr
# Log file           : D:/GitHub/fpga_learing/XII_run_led/vivado.log
# Journal file       : D:/GitHub/fpga_learing/XII_run_led\vivado.jou
# Running On         : DESKTOP-IMB8E6N
# Platform           : Windows Server 2016 or Windows 10
# Operating System   : 19045
# Processor Detail   : Intel(R) Core(TM) i5-9300H CPU @ 2.40GHz
# CPU Frequency      : 2400 MHz
# CPU Physical cores : 4
# CPU Logical cores  : 8
# Host memory        : 17013 MB
# Swap memory        : 3216 MB
# Total Virtual      : 20230 MB
# Available Virtual  : 10399 MB
#-----------------------------------------------------------
start_gui
open_project D:/GitHub/fpga_learing/XII_run_led/XI_run_led.xpr
WARNING: [Board 49-26] cannot add Board Part xilinx.com:zcu208ld:part0:2.0 available at D:/Xilinx/Vivado/2024.2/data/xhub/boards/XilinxBoardStore/boards/Xilinx/zcu208ld/production/2.0/board.xml as part xczu58dr-fsvg1517-2-i specified in board_part file is either invalid or not available
WARNING: [Board 49-26] cannot add Board Part xilinx.com:zcu216ld:part0:2.0 available at D:/Xilinx/Vivado/2024.2/data/xhub/boards/XilinxBoardStore/boards/Xilinx/zcu216ld/production/2.0/board.xml as part xczu59dr-ffvf1760-2-i specified in board_part file is either invalid or not available
WARNING: [Board 49-26] cannot add Board Part xilinx.com:zcu670ld:part0:1.0 available at D:/Xilinx/Vivado/2024.2/data/xhub/boards/XilinxBoardStore/boards/Xilinx/zcu670ld/1.0/board.xml as part xczu57dr-fsve1156-2-i specified in board_part file is either invalid or not available
INFO: [Project 1-313] Project file moved from 'D:/GitHub/fpga_learing/XI_run_led' since last save.
INFO: [filemgmt 56-3] Default IP Output Path : Could not find the directory 'D:/GitHub/fpga_learing/XII_run_led/XI_run_led.gen/sources_1'.
Scanning sources...
Finished scanning sources
INFO: [IP_Flow 19-234] Refreshing IP repositories
INFO: [IP_Flow 19-1704] No user IP repositories specified
INFO: [IP_Flow 19-2313] Loaded Vivado IP repository 'D:/Xilinx/Vivado/2024.2/data/ip'.
open_project: Time (s): cpu = 00:00:24 ; elapsed = 00:00:12 . Memory (MB): peak = 1592.965 ; gain = 352.363
exit
INFO: [Common 17-206] Exiting Vivado at Sat Aug  2 12:20:11 2025...
