#-----------------------------------------------------------
# Vivado v2024.2 (64-bit)
# SW Build 5239630 on Fri Nov 08 22:35:27 MST 2024
# IP Build 5239520 on Sun Nov 10 16:12:51 MST 2024
# SharedData Build 5239561 on Fri Nov 08 14:39:27 MST 2024
# Start of session at: Sun Aug  3 10:22:35 2025
# Process ID         : 24216
# Current directory  : D:/GitHub/fpga_learing/XI_run_led
# Command line       : vivado.exe -gui_launcher_event rodinguilauncherevent12528 D:\GitHub\fpga_learing\XI_run_led\XI_run_led.xpr
# Log file           : D:/GitHub/fpga_learing/XI_run_led/vivado.log
# Journal file       : D:/GitHub/fpga_learing/XI_run_led\vivado.jou
# Running On         : DESKTOP-IMB8E6N
# Platform           : Windows Server 2016 or Windows 10
# Operating System   : 19045
# Processor Detail   : Intel(R) Core(TM) i5-9300H CPU @ 2.40GHz
# CPU Frequency      : 2400 MHz
# CPU Physical cores : 4
# CPU Logical cores  : 8
# Host memory        : 17013 MB
# Swap memory        : 3216 MB
# Total Virtual      : 20230 MB
# Available Virtual  : 9678 MB
#-----------------------------------------------------------
start_gui
open_project D:/GitHub/fpga_learing/XI_run_led/XI_run_led.xpr
WARNING: [Board 49-26] cannot add Board Part xilinx.com:zcu208ld:part0:2.0 available at D:/Xilinx/Vivado/2024.2/data/xhub/boards/XilinxBoardStore/boards/Xilinx/zcu208ld/production/2.0/board.xml as part xczu58dr-fsvg1517-2-i specified in board_part file is either invalid or not available
WARNING: [Board 49-26] cannot add Board Part xilinx.com:zcu216ld:part0:2.0 available at D:/Xilinx/Vivado/2024.2/data/xhub/boards/XilinxBoardStore/boards/Xilinx/zcu216ld/production/2.0/board.xml as part xczu59dr-ffvf1760-2-i specified in board_part file is either invalid or not available
WARNING: [Board 49-26] cannot add Board Part xilinx.com:zcu670ld:part0:1.0 available at D:/Xilinx/Vivado/2024.2/data/xhub/boards/XilinxBoardStore/boards/Xilinx/zcu670ld/1.0/board.xml as part xczu57dr-fsve1156-2-i specified in board_part file is either invalid or not available
INFO: [filemgmt 56-3] Default IP Output Path : Could not find the directory 'D:/GitHub/fpga_learing/XI_run_led/XI_run_led.gen/sources_1'.
Scanning sources...
Finished scanning sources
INFO: [IP_Flow 19-234] Refreshing IP repositories
INFO: [IP_Flow 19-1704] No user IP repositories specified
INFO: [IP_Flow 19-2313] Loaded Vivado IP repository 'D:/Xilinx/Vivado/2024.2/data/ip'.
open_project: Time (s): cpu = 00:00:26 ; elapsed = 00:00:12 . Memory (MB): peak = 1628.621 ; gain = 406.676
update_compile_order -fileset sources_1
reset_run synth_1
INFO: [Project 1-1161] Replacing file D:/GitHub/fpga_learing/XI_run_led/XI_run_led.srcs/utils_1/imports/synth_1/run_led.dcp with file D:/GitHub/fpga_learing/XI_run_led/XI_run_led.runs/synth_1/run_led.dcp
launch_runs impl_1 -to_step write_bitstream -jobs 4
[Sun Aug  3 10:44:41 2025] Launched synth_1...
Run output will be captured here: D:/GitHub/fpga_learing/XI_run_led/XI_run_led.runs/synth_1/runme.log
[Sun Aug  3 10:44:41 2025] Launched impl_1...
Run output will be captured here: D:/GitHub/fpga_learing/XI_run_led/XI_run_led.runs/impl_1/runme.log
open_hw_manager
connect_hw_server -allow_non_jtag
INFO: [Labtools 27-2285] Connecting to hw_server url TCP:localhost:3121
INFO: [Labtools 27-2222] Launching hw_server...
INFO: [Labtools 27-2221] Launch Output:

****** Xilinx hw_server v2024.2
  **** Build date : Oct 29 2024 at 10:25:41
    ** Copyright 1986-2022 Xilinx, Inc. All Rights Reserved.


INFO: [Labtools 27-3415] Connecting to cs_server url TCP:localhost:0
INFO: [Labtools 27-3417] Launching cs_server...
INFO: [Labtools 27-2221] Launch Output:


******** Xilinx cs_server v2024.2.0
  ****** Build date   : Oct 31 2024-02:19:07
    **** Build number : 2024.2.1730312347
      ** Copyright 2017-2022 Xilinx, Inc. All Rights Reserved.
      ** Copyright 2022-2025 Advanced Micro Devices, Inc. All Rights Reserved.



connect_hw_server: Time (s): cpu = 00:00:01 ; elapsed = 00:00:06 . Memory (MB): peak = 1735.840 ; gain = 13.102
open_hw_target
INFO: [Labtoolstcl 44-466] Opening hw_target localhost:3121/xilinx_tcf/Digilent/C306BF52ABCD
set_property PROGRAM.FILE {D:/GitHub/fpga_learing/XI_run_led/XI_run_led.runs/impl_1/run_led.bit} [get_hw_devices xcku5p_0]
current_hw_device [get_hw_devices xcku5p_0]
refresh_hw_device -update_hw_probes false [lindex [get_hw_devices xcku5p_0] 0]
INFO: [Labtools 27-1434] Device xcku5p (JTAG device index = 0) is programmed with a design that has no supported debug core(s) in it.
set_property PROBES.FILE {} [get_hw_devices xcku5p_0]
set_property FULL_PROBES.FILE {} [get_hw_devices xcku5p_0]
set_property PROGRAM.FILE {D:/GitHub/fpga_learing/XI_run_led/XI_run_led.runs/impl_1/run_led.bit} [get_hw_devices xcku5p_0]
program_hw_devices [get_hw_devices xcku5p_0]
INFO: [Labtools 27-3164] End of startup status: HIGH
refresh_hw_device [lindex [get_hw_devices xcku5p_0] 0]
INFO: [Labtools 27-1434] Device xcku5p (JTAG device index = 0) is programmed with a design that has no supported debug core(s) in it.
write_cfgmem  -format mcs -size 32 -interface SPIx1 -loadbit {up 0x00000000 "D:/GitHub/fpga_learing/XI_run_led/XI_run_led.runs/impl_1/run_led.bit" } -checksum -force -disablebitswap -file "D:/GitHub/fpga_learing/XI_run_led/XI_run_led.runs/run_led"
Command: write_cfgmem -format mcs -size 32 -interface SPIx1 -loadbit {up 0x00000000 "D:/GitHub/fpga_learing/XI_run_led/XI_run_led.runs/impl_1/run_led.bit" } -checksum -force -disablebitswap -file D:/GitHub/fpga_learing/XI_run_led/XI_run_led.runs/run_led
Creating config memory files...
Creating bitstream load up from address 0x00000000
Loading bitfile D:/GitHub/fpga_learing/XI_run_led/XI_run_led.runs/impl_1/run_led.bit
ERROR: [Writecfgmem 68-20] SPI_BUSWIDTH property is set to "4" on bitfile D:/GitHub/fpga_learing/XI_run_led/XI_run_led.runs/impl_1/run_led.bit. This property has to be set to "1" to generate a configuration memory file for the SPIX1 interface. Please ensure that a valid value has been set for the property BITSTREAM.Config.SPI_buswidth and rerun this command.
0 Infos, 0 Warnings, 0 Critical Warnings and 1 Errors encountered.
write_cfgmem failed
ERROR: [Common 17-39] 'write_cfgmem' failed due to earlier errors.
write_cfgmem  -format mcs -size 32 -interface SPIx1 -loadbit {up 0x00000000 "D:/GitHub/fpga_learing/XI_run_led/XI_run_led.runs/impl_1/run_led.bit" } -checksum -force -disablebitswap -file "D:/GitHub/fpga_learing/XI_run_led/XI_run_led.runs/run_led"
Command: write_cfgmem -format mcs -size 32 -interface SPIx1 -loadbit {up 0x00000000 "D:/GitHub/fpga_learing/XI_run_led/XI_run_led.runs/impl_1/run_led.bit" } -checksum -force -disablebitswap -file D:/GitHub/fpga_learing/XI_run_led/XI_run_led.runs/run_led
Creating config memory files...
Creating bitstream load up from address 0x00000000
Loading bitfile D:/GitHub/fpga_learing/XI_run_led/XI_run_led.runs/impl_1/run_led.bit
ERROR: [Writecfgmem 68-20] SPI_BUSWIDTH property is set to "4" on bitfile D:/GitHub/fpga_learing/XI_run_led/XI_run_led.runs/impl_1/run_led.bit. This property has to be set to "1" to generate a configuration memory file for the SPIX1 interface. Please ensure that a valid value has been set for the property BITSTREAM.Config.SPI_buswidth and rerun this command.
0 Infos, 0 Warnings, 0 Critical Warnings and 1 Errors encountered.
write_cfgmem failed
ERROR: [Common 17-39] 'write_cfgmem' failed due to earlier errors.
ERROR: [Labtoolstcl 44-513] HW Target shutdown. Closing target: localhost:3121/xilinx_tcf/Digilent/C306BF52ABCD
close_hw_manager
open_hw_manager
connect_hw_server -allow_non_jtag
INFO: [Labtools 27-2285] Connecting to hw_server url TCP:localhost:3121
INFO: [Labtools 27-2222] Launching hw_server...
INFO: [Labtools 27-2221] Launch Output:

****** Xilinx hw_server v2024.2
  **** Build date : Oct 29 2024 at 10:25:41
    ** Copyright 1986-2022 Xilinx, Inc. All Rights Reserved.


INFO: [Labtools 27-3415] Connecting to cs_server url TCP:localhost:0
INFO: [Labtools 27-3417] Launching cs_server...
INFO: [Labtools 27-2221] Launch Output:


******** Xilinx cs_server v2024.2.0
  ****** Build date   : Oct 31 2024-02:19:07
    **** Build number : 2024.2.1730312347
      ** Copyright 2017-2022 Xilinx, Inc. All Rights Reserved.
      ** Copyright 2022-2025 Advanced Micro Devices, Inc. All Rights Reserved.



connect_hw_server: Time (s): cpu = 00:00:00 ; elapsed = 00:00:06 . Memory (MB): peak = 1781.301 ; gain = 0.000
open_hw_target
INFO: [Labtoolstcl 44-466] Opening hw_target localhost:3121/xilinx_tcf/Digilent/C306BF52ABCD
set_property PROGRAM.FILE {D:/GitHub/fpga_learing/XI_run_led/XI_run_led.runs/impl_1/run_led.bit} [get_hw_devices xcku5p_0]
current_hw_device [get_hw_devices xcku5p_0]
refresh_hw_device -update_hw_probes false [lindex [get_hw_devices xcku5p_0] 0]
INFO: [Labtools 27-2302] Device xcku5p (JTAG device index = 0) is programmed with a design that has 2 ILA core(s).
INFO: [Labtools 27-2302] Device xcku5p (JTAG device index = 0) is programmed with a design that has 1 VIO core(s).
set_property PROBES.FILE {} [get_hw_devices xcku5p_0]
set_property FULL_PROBES.FILE {} [get_hw_devices xcku5p_0]
set_property PROGRAM.FILE {D:/GitHub/fpga_learing/XI_run_led/XI_run_led.runs/impl_1/run_led.bit} [get_hw_devices xcku5p_0]
program_hw_devices [get_hw_devices xcku5p_0]
INFO: [Labtools 27-3164] End of startup status: HIGH
refresh_hw_device [lindex [get_hw_devices xcku5p_0] 0]
INFO: [Labtools 27-1434] Device xcku5p (JTAG device index = 0) is programmed with a design that has no supported debug core(s) in it.
write_cfgmem  -format mcs -size 32 -interface SPIx4 -loadbit {up 0x00000000 "D:/GitHub/fpga_learing/XI_run_led/XI_run_led.runs/impl_1/run_led.bit" } -checksum -force -disablebitswap -file "D:/GitHub/fpga_learing/XI_run_led/XI_run_led.runs/run_led"
Command: write_cfgmem -format mcs -size 32 -interface SPIx4 -loadbit {up 0x00000000 "D:/GitHub/fpga_learing/XI_run_led/XI_run_led.runs/impl_1/run_led.bit" } -checksum -force -disablebitswap -file D:/GitHub/fpga_learing/XI_run_led/XI_run_led.runs/run_led
Creating config memory files...
Creating bitstream load up from address 0x00000000
Loading bitfile D:/GitHub/fpga_learing/XI_run_led/XI_run_led.runs/impl_1/run_led.bit
Writing file D:/GitHub/fpga_learing/XI_run_led/XI_run_led.runs/run_led.mcs
Writing log file D:/GitHub/fpga_learing/XI_run_led/XI_run_led.runs/run_led.prm
===================================
Configuration Memory information
===================================
File Format        MCS
Interface          SPIX4
Size               32M
Start Address      0x00000000
End Address        0x01FFFFFF
Checksum           0xC4F29FAA
Fill Value         0xFF

Addr1         Addr2         Date                    File(s)                                                                 Checksum
0x00000000    0x003A9BE7    Aug  3 10:49:40 2025    D:/GitHub/fpga_learing/XI_run_led/XI_run_led.runs/impl_1/run_led.bit    0x0153EBC2
File Checksum Total                                                                                                         0x0153EBC2
0 Infos, 0 Warnings, 0 Critical Warnings and 0 Errors encountered.
write_cfgmem completed successfully
create_hw_cfgmem -hw_device [lindex [get_hw_devices xcku5p_0] 0] [lindex [get_cfgmem_parts {mt25qu256-spi-x1_x2_x4}] 0]
set_property PROGRAM.BLANK_CHECK  0 [ get_property PROGRAM.HW_CFGMEM [lindex [get_hw_devices xcku5p_0] 0]]
set_property PROGRAM.ERASE  1 [ get_property PROGRAM.HW_CFGMEM [lindex [get_hw_devices xcku5p_0] 0]]
set_property PROGRAM.CFG_PROGRAM  1 [ get_property PROGRAM.HW_CFGMEM [lindex [get_hw_devices xcku5p_0] 0]]
set_property PROGRAM.VERIFY  1 [ get_property PROGRAM.HW_CFGMEM [lindex [get_hw_devices xcku5p_0] 0]]
set_property PROGRAM.CHECKSUM  0 [ get_property PROGRAM.HW_CFGMEM [lindex [get_hw_devices xcku5p_0] 0]]
refresh_hw_device [lindex [get_hw_devices xcku5p_0] 0]
INFO: [Labtools 27-1434] Device xcku5p (JTAG device index = 0) is programmed with a design that has no supported debug core(s) in it.
set_property PROGRAM.ADDRESS_RANGE  {use_file} [ get_property PROGRAM.HW_CFGMEM [lindex [get_hw_devices xcku5p_0] 0]]
set_property PROGRAM.FILES [list "D:/GitHub/fpga_learing/XI_run_led/XI_run_led.runs/run_led.mcs" ] [ get_property PROGRAM.HW_CFGMEM [lindex [get_hw_devices xcku5p_0] 0]]
set_property PROGRAM.PRM_FILE {} [ get_property PROGRAM.HW_CFGMEM [lindex [get_hw_devices xcku5p_0] 0]]
set_property PROGRAM.UNUSED_PIN_TERMINATION {pull-none} [ get_property PROGRAM.HW_CFGMEM [lindex [get_hw_devices xcku5p_0] 0]]
set_property PROGRAM.BLANK_CHECK  0 [ get_property PROGRAM.HW_CFGMEM [lindex [get_hw_devices xcku5p_0] 0]]
set_property PROGRAM.ERASE  1 [ get_property PROGRAM.HW_CFGMEM [lindex [get_hw_devices xcku5p_0] 0]]
set_property PROGRAM.CFG_PROGRAM  1 [ get_property PROGRAM.HW_CFGMEM [lindex [get_hw_devices xcku5p_0] 0]]
set_property PROGRAM.VERIFY  1 [ get_property PROGRAM.HW_CFGMEM [lindex [get_hw_devices xcku5p_0] 0]]
set_property PROGRAM.CHECKSUM  0 [ get_property PROGRAM.HW_CFGMEM [lindex [get_hw_devices xcku5p_0] 0]]
startgroup 
create_hw_bitstream -hw_device [lindex [get_hw_devices xcku5p_0] 0] [get_property PROGRAM.HW_CFGMEM_BITFILE [ lindex [get_hw_devices xcku5p_0] 0]]; program_hw_devices [lindex [get_hw_devices xcku5p_0] 0]; refresh_hw_device [lindex [get_hw_devices xcku5p_0] 0];
INFO: [Labtools 27-3164] End of startup status: HIGH
INFO: [Labtools 27-2302] Device xcku5p (JTAG device index = 0) is programmed with a design that has 1 SPI core(s).
program_hw_cfgmem -hw_cfgmem [ get_property PROGRAM.HW_CFGMEM [lindex [get_hw_devices xcku5p_0] 0]]
Mfg ID : 20   Memory Type : bb   Memory Capacity : 19   Device ID 1 : 0   Device ID 2 : 0
Performing Erase Operation...
Erase Operation successful.
Performing Program and Verify Operations...
Program/Verify Operation successful.
INFO: [Labtoolstcl 44-377] Flash programming completed successfully
program_hw_cfgmem: Time (s): cpu = 00:00:03 ; elapsed = 00:01:43 . Memory (MB): peak = 1798.156 ; gain = 0.000
endgroup
ERROR: [Labtoolstcl 44-513] HW Target shutdown. Closing target: localhost:3121/xilinx_tcf/Digilent/C306BF52ABCD
INFO: [Labtoolstcl 44-466] Opening hw_target localhost:3121/xilinx_tcf/Digilent/C306BF52ABCD
INFO: [Labtools 27-1435] Device xcku5p (JTAG device index = 0) is not programmed (DONE status = 0).
WARNING: [Labtoolstcl 44-129] No matching hw_ila_data was found.
close_hw_manager
exit
INFO: [Common 17-206] Exiting Vivado at Sun Aug  3 11:23:26 2025...
