#-----------------------------------------------------------
# Vivado v2024.2 (64-bit)
# SW Build 5239630 on Fri Nov 08 22:35:27 MST 2024
# IP Build 5239520 on Sun Nov 10 16:12:51 MST 2024
# SharedData Build 5239561 on Fri Nov 08 14:39:27 MST 2024
# Start of session at: Sun Aug  3 09:29:13 2025
# Process ID         : 21536
# Current directory  : D:/GitHub/fpga_learing/XI_run_led
# Command line       : vivado.exe -gui_launcher_event rodinguilauncherevent17056 D:\GitHub\fpga_learing\XI_run_led\XI_run_led.xpr
# Log file           : D:/GitHub/fpga_learing/XI_run_led/vivado.log
# Journal file       : D:/GitHub/fpga_learing/XI_run_led\vivado.jou
# Running On         : DESKTOP-IMB8E6N
# Platform           : Windows Server 2016 or Windows 10
# Operating System   : 19045
# Processor Detail   : Intel(R) Core(TM) i5-9300H CPU @ 2.40GHz
# CPU Frequency      : 2400 MHz
# CPU Physical cores : 4
# CPU Logical cores  : 8
# Host memory        : 17013 MB
# Swap memory        : 3216 MB
# Total Virtual      : 20230 MB
# Available Virtual  : 7605 MB
#-----------------------------------------------------------
start_gui
open_project D:/GitHub/fpga_learing/XI_run_led/XI_run_led.xpr
WARNING: [Board 49-26] cannot add Board Part xilinx.com:zcu208ld:part0:2.0 available at D:/Xilinx/Vivado/2024.2/data/xhub/boards/XilinxBoardStore/boards/Xilinx/zcu208ld/production/2.0/board.xml as part xczu58dr-fsvg1517-2-i specified in board_part file is either invalid or not available
WARNING: [Board 49-26] cannot add Board Part xilinx.com:zcu216ld:part0:2.0 available at D:/Xilinx/Vivado/2024.2/data/xhub/boards/XilinxBoardStore/boards/Xilinx/zcu216ld/production/2.0/board.xml as part xczu59dr-ffvf1760-2-i specified in board_part file is either invalid or not available
WARNING: [Board 49-26] cannot add Board Part xilinx.com:zcu670ld:part0:1.0 available at D:/Xilinx/Vivado/2024.2/data/xhub/boards/XilinxBoardStore/boards/Xilinx/zcu670ld/1.0/board.xml as part xczu57dr-fsve1156-2-i specified in board_part file is either invalid or not available
INFO: [filemgmt 56-3] Default IP Output Path : Could not find the directory 'D:/GitHub/fpga_learing/XI_run_led/XI_run_led.gen/sources_1'.
Scanning sources...
Finished scanning sources
INFO: [IP_Flow 19-234] Refreshing IP repositories
INFO: [IP_Flow 19-1704] No user IP repositories specified
INFO: [IP_Flow 19-2313] Loaded Vivado IP repository 'D:/Xilinx/Vivado/2024.2/data/ip'.
open_project: Time (s): cpu = 00:00:30 ; elapsed = 00:00:13 . Memory (MB): peak = 1621.594 ; gain = 400.953
update_compile_order -fileset sources_1
synth_design -top run_led -part xcku5p-ffvb676-2-i -lint 
Command: synth_design -top run_led -part xcku5p-ffvb676-2-i -lint
Starting synth_design
Attempting to get a license for feature 'Synthesis' and/or device 'xcku5p'
INFO: [Common 17-349] Got license for feature 'Synthesis' and/or device 'xcku5p'
INFO: [Synth 8-7079] Multithreading enabled for synth_design using a maximum of 2 processes.
INFO: [Synth 8-7078] Launching helper process for spawning children vivado processes
INFO: [Synth 8-7075] Helper process launched with PID 18368
---------------------------------------------------------------------------------
Starting Synthesize : Time (s): cpu = 00:00:08 ; elapsed = 00:00:06 . Memory (MB): peak = 2076.074 ; gain = 454.480
---------------------------------------------------------------------------------
Clean up Linter database...
INFO: [Synth 8-6157] synthesizing module 'run_led' [D:/GitHub/fpga_learing/XI_run_led/XI_run_led.srcs/sources_1/new/run_led.v:23]
INFO: [Synth 8-6155] done synthesizing module 'run_led' (1#1) [D:/GitHub/fpga_learing/XI_run_led/XI_run_led.srcs/sources_1/new/run_led.v:23]
---------------------------------------------------------------------------------
Finished Synthesize : Time (s): cpu = 00:00:10 ; elapsed = 00:00:08 . Memory (MB): peak = 2180.852 ; gain = 559.258
---------------------------------------------------------------------------------
Copyright 1986-2022 Xilinx, Inc. All Rights Reserved. Copyright 2022-2024 Advanced Micro Devices, Inc. All Rights Reserved.
---------------------------------------------------------------------------------------------------------------------------------------------
| Tool Version : Vivado v.2024.2 (win64) Build 5239630 Fri Nov 08 22:35:27 MST 2024
| Date         : Sun Aug  3 09:32:14 2025
| Host         : DESKTOP-IMB8E6N running 64-bit major release  (build 9200)
---------------------------------------------------------------------------------------------------------------------------------------------

RTL Linter Report

Table of Contents
-----------------
1. Summary

1. Summary
----------

+---------+----------+--------------+----------+
| Rule ID | Severity | # Violations | # Waived |
+---------+----------+--------------+----------+


INFO: [Synth 37-85] Total of 0 linter message(s) generated.
INFO: [Synth 37-45] Linter Run Finished!
Synthesis Optimization Runtime : Time (s): cpu = 00:00:10 ; elapsed = 00:00:08 . Memory (MB): peak = 2180.852 ; gain = 559.258
INFO: [Common 17-83] Releasing license: Synthesis
9 Infos, 0 Warnings, 0 Critical Warnings and 0 Errors encountered.
synth_design completed successfully
synth_design: Time (s): cpu = 00:00:10 ; elapsed = 00:00:08 . Memory (MB): peak = 2180.852 ; gain = 559.258
synth_design -rtl -rtl_skip_mlo -name rtl_1
Command: synth_design -rtl -rtl_skip_mlo -name rtl_1
Starting synth_design
Using part: xcku5p-ffvb676-2-i
Top: run_led
INFO: [Device 21-403] Loading part xcku5p-ffvb676-2-i
INFO: [Synth 8-7079] Multithreading enabled for synth_design using a maximum of 2 processes.
---------------------------------------------------------------------------------
Starting RTL Elaboration : Time (s): cpu = 00:00:07 ; elapsed = 00:00:06 . Memory (MB): peak = 3034.906 ; gain = 0.000
---------------------------------------------------------------------------------
INFO: [Synth 8-6157] synthesizing module 'run_led' [D:/GitHub/fpga_learing/XI_run_led/XI_run_led.srcs/sources_1/new/run_led.v:23]
INFO: [Synth 8-6155] done synthesizing module 'run_led' (0#1) [D:/GitHub/fpga_learing/XI_run_led/XI_run_led.srcs/sources_1/new/run_led.v:23]
---------------------------------------------------------------------------------
Finished RTL Elaboration : Time (s): cpu = 00:00:09 ; elapsed = 00:00:08 . Memory (MB): peak = 3034.906 ; gain = 0.000
---------------------------------------------------------------------------------
---------------------------------------------------------------------------------
Start Handling Custom Attributes
---------------------------------------------------------------------------------
---------------------------------------------------------------------------------
Finished Handling Custom Attributes : Time (s): cpu = 00:00:09 ; elapsed = 00:00:08 . Memory (MB): peak = 3034.906 ; gain = 0.000
---------------------------------------------------------------------------------
---------------------------------------------------------------------------------
Finished RTL Optimization Phase 1 : Time (s): cpu = 00:00:09 ; elapsed = 00:00:08 . Memory (MB): peak = 3034.906 ; gain = 0.000
---------------------------------------------------------------------------------
Netlist sorting complete. Time (s): cpu = 00:00:00 ; elapsed = 00:00:00.001 . Memory (MB): peak = 3034.906 ; gain = 0.000
INFO: [Project 1-570] Preparing netlist for logic optimization

Processing XDC Constraints
Initializing timing engine
Parsing XDC File [D:/GitHub/fpga_learing/XI_run_led/XI_run_led.srcs/constrs_1/new/mlk_h7_ku5p_pin.xdc]
Finished Parsing XDC File [D:/GitHub/fpga_learing/XI_run_led/XI_run_led.srcs/constrs_1/new/mlk_h7_ku5p_pin.xdc]
Completed Processing XDC Constraints

Netlist sorting complete. Time (s): cpu = 00:00:00 ; elapsed = 00:00:00 . Memory (MB): peak = 3034.906 ; gain = 0.000
INFO: [Project 1-111] Unisim Transformation Summary:
No Unisim elements were transformed.

RTL Elaboration Complete:  : Time (s): cpu = 00:00:24 ; elapsed = 00:00:16 . Memory (MB): peak = 3250.066 ; gain = 215.160
6 Infos, 0 Warnings, 0 Critical Warnings and 0 Errors encountered.
synth_design completed successfully
synth_design: Time (s): cpu = 00:00:32 ; elapsed = 00:00:24 . Memory (MB): peak = 3250.066 ; gain = 1069.215
launch_simulation -install_path D:/modelsim/win64
Command: launch_simulation  -install_path D:/modelsim/win64
INFO: [Vivado 12-12493] Simulation top is 'tb_run_led'
INFO: [Vivado 12-5682] Launching behavioral simulation in 'D:/GitHub/fpga_learing/XI_run_led/XI_run_led.sim/sim_1/behav/modelsim'
INFO: [USF-ModelSim-47] Finding simulator installation...
INFO: [USF-ModelSim-50] Using simulator executables from 'D:/modelsim/win64/vsim.exe'
INFO: [SIM-utils-51] Simulation object is 'sim_1'
INFO: [USF-modelsim-7] Finding pre-compiled libraries...
INFO: [USF-modelsim-11] File 'D:/Xilinx/Modelsim_Vivado_Lib/modelsim.ini' copied to run dir:'D:/GitHub/fpga_learing/XI_run_led/XI_run_led.sim/sim_1/behav/modelsim'
INFO: [SIM-utils-54] Inspecting design source files for 'tb_run_led' in fileset 'sim_1'...
INFO: [USF-ModelSim-107] Finding global include files...
INFO: [USF-ModelSim-108] Finding include directories and verilog header directory paths...
INFO: [USF-ModelSim-109] Fetching design files from 'sim_1'...
INFO: [USF-ModelSim-2] ModelSim::Compile design
INFO: [USF-ModelSim-15] Creating automatic 'do' files...
INFO: [USF-ModelSim-69] Executing 'COMPILE and ANALYZE' step in 'D:/GitHub/fpga_learing/XI_run_led/XI_run_led.sim/sim_1/behav/modelsim'
Reading pref.tcl

# 2020.4

# do {tb_run_led_compile.do}
# ** Warning: (vlib-34) Library already exists at "modelsim_lib/work".
# Errors: 0, Warnings: 1
# ** Warning: (vlib-34) Library already exists at "modelsim_lib/msim".
# Errors: 0, Warnings: 1
# ** Warning: (vlib-34) Library already exists at "modelsim_lib/msim/xil_defaultlib".
# Errors: 0, Warnings: 1
# Model Technology ModelSim SE-64 vmap 2020.4 Lib Mapping Utility 2020.10 Oct 13 2020
# vmap xil_defaultlib modelsim_lib/msim/xil_defaultlib 
# Modifying modelsim.ini
# Model Technology ModelSim SE-64 vlog 2020.4 Compiler 2020.10 Oct 13 2020
# Start time: 09:35:07 on Aug 03,2025
# vlog -incr -mfcu -work xil_defaultlib ../../../../XI_run_led.srcs/sources_1/new/run_led.v ../../../../XI_run_led.srcs/sim_1/new/tb_run_led.v 
# -- Compiling module run_led
# -- Skipping module tb_run_led
# 
# Top level modules:
# 	tb_run_led
# End time: 09:35:07 on Aug 03,2025, Elapsed time: 0:00:00
# Errors: 0, Warnings: 0
# Model Technology ModelSim SE-64 vlog 2020.4 Compiler 2020.10 Oct 13 2020
# Start time: 09:35:07 on Aug 03,2025
# vlog -work xil_defaultlib glbl.v 
# -- Compiling module glbl
# 
# Top level modules:
# 	glbl
# End time: 09:35:07 on Aug 03,2025, Elapsed time: 0:00:00
# Errors: 0, Warnings: 0
INFO: [USF-ModelSim-69] 'compile' step finished in '2' seconds
INFO: [USF-ModelSim-4] ModelSim::Simulate design
INFO: [USF-ModelSim-69] Executing 'SIMULATE' step in 'D:/GitHub/fpga_learing/XI_run_led/XI_run_led.sim/sim_1/behav/modelsim'
Program launched (PID=19776)
reset_run synth_1
INFO: [Project 1-1161] Replacing file D:/GitHub/fpga_learing/XI_run_led/XI_run_led.srcs/utils_1/imports/synth_1/run_led.dcp with file D:/GitHub/fpga_learing/XI_run_led/XI_run_led.runs/synth_1/run_led.dcp
launch_runs impl_1 -to_step write_bitstream -jobs 4
[Sun Aug  3 09:52:14 2025] Launched synth_1...
Run output will be captured here: D:/GitHub/fpga_learing/XI_run_led/XI_run_led.runs/synth_1/runme.log
[Sun Aug  3 09:52:14 2025] Launched impl_1...
Run output will be captured here: D:/GitHub/fpga_learing/XI_run_led/XI_run_led.runs/impl_1/runme.log
open_hw_manager
connect_hw_server -allow_non_jtag
INFO: [Labtools 27-2285] Connecting to hw_server url TCP:localhost:3121
INFO: [Labtools 27-2222] Launching hw_server...
INFO: [Labtools 27-2221] Launch Output:

****** Xilinx hw_server v2024.2
  **** Build date : Oct 29 2024 at 10:25:41
    ** Copyright 1986-2022 Xilinx, Inc. All Rights Reserved.


INFO: [Labtools 27-3415] Connecting to cs_server url TCP:localhost:0
INFO: [Labtools 27-3417] Launching cs_server...
INFO: [Labtools 27-2221] Launch Output:


******** Xilinx cs_server v2024.2.0
  ****** Build date   : Oct 31 2024-02:19:07
    **** Build number : 2024.2.1730312347
      ** Copyright 2017-2022 Xilinx, Inc. All Rights Reserved.
      ** Copyright 2022-2025 Advanced Micro Devices, Inc. All Rights Reserved.



connect_hw_server: Time (s): cpu = 00:00:00 ; elapsed = 00:00:07 . Memory (MB): peak = 3558.051 ; gain = 14.996
open_hw_target
INFO: [Labtoolstcl 44-466] Opening hw_target localhost:3121/xilinx_tcf/Digilent/C306BF52ABCD
set_property PROGRAM.FILE {D:/GitHub/fpga_learing/XI_run_led/XI_run_led.runs/impl_1/run_led.bit} [get_hw_devices xcku5p_0]
current_hw_device [get_hw_devices xcku5p_0]
refresh_hw_device -update_hw_probes false [lindex [get_hw_devices xcku5p_0] 0]
INFO: [Labtools 27-2302] Device xcku5p (JTAG device index = 0) is programmed with a design that has 2 ILA core(s).
INFO: [Labtools 27-2302] Device xcku5p (JTAG device index = 0) is programmed with a design that has 1 VIO core(s).
set_property PROBES.FILE {} [get_hw_devices xcku5p_0]
set_property FULL_PROBES.FILE {} [get_hw_devices xcku5p_0]
set_property PROGRAM.FILE {D:/GitHub/fpga_learing/XI_run_led/XI_run_led.runs/impl_1/run_led.bit} [get_hw_devices xcku5p_0]
program_hw_devices [get_hw_devices xcku5p_0]
INFO: [Labtools 27-3164] End of startup status: HIGH
refresh_hw_device [lindex [get_hw_devices xcku5p_0] 0]
INFO: [Labtools 27-1434] Device xcku5p (JTAG device index = 0) is programmed with a design that has no supported debug core(s) in it.
close_hw_manager
reset_run synth_1
INFO: [Project 1-1161] Replacing file D:/GitHub/fpga_learing/XI_run_led/XI_run_led.srcs/utils_1/imports/synth_1/run_led.dcp with file D:/GitHub/fpga_learing/XI_run_led/XI_run_led.runs/synth_1/run_led.dcp
launch_runs impl_1 -jobs 4
[Sun Aug  3 10:10:43 2025] Launched synth_1...
Run output will be captured here: D:/GitHub/fpga_learing/XI_run_led/XI_run_led.runs/synth_1/runme.log
[Sun Aug  3 10:10:43 2025] Launched impl_1...
Run output will be captured here: D:/GitHub/fpga_learing/XI_run_led/XI_run_led.runs/impl_1/runme.log
synth_design -top run_led -part xcku5p-ffvb676-2-i -lint 
Command: synth_design -top run_led -part xcku5p-ffvb676-2-i -lint
Starting synth_design
Attempting to get a license for feature 'Synthesis' and/or device 'xcku5p'
INFO: [Common 17-349] Got license for feature 'Synthesis' and/or device 'xcku5p'
INFO: [Synth 8-7079] Multithreading enabled for synth_design using a maximum of 2 processes.
---------------------------------------------------------------------------------
Starting Synthesize : Time (s): cpu = 00:00:08 ; elapsed = 00:00:07 . Memory (MB): peak = 3666.938 ; gain = 104.121
---------------------------------------------------------------------------------
Clean up Linter database...
INFO: [Synth 8-6157] synthesizing module 'run_led' [D:/GitHub/fpga_learing/XI_run_led/XI_run_led.srcs/sources_1/new/run_led.v:23]
INFO: [Synth 8-6155] done synthesizing module 'run_led' (1#1) [D:/GitHub/fpga_learing/XI_run_led/XI_run_led.srcs/sources_1/new/run_led.v:23]
---------------------------------------------------------------------------------
Finished Synthesize : Time (s): cpu = 00:00:10 ; elapsed = 00:00:09 . Memory (MB): peak = 3764.664 ; gain = 201.848
---------------------------------------------------------------------------------
Copyright 1986-2022 Xilinx, Inc. All Rights Reserved. Copyright 2022-2024 Advanced Micro Devices, Inc. All Rights Reserved.
---------------------------------------------------------------------------------------------------------------------------------------------
| Tool Version : Vivado v.2024.2 (win64) Build 5239630 Fri Nov 08 22:35:27 MST 2024
| Date         : Sun Aug  3 10:12:46 2025
| Host         : DESKTOP-IMB8E6N running 64-bit major release  (build 9200)
---------------------------------------------------------------------------------------------------------------------------------------------

RTL Linter Report

Table of Contents
-----------------
1. Summary

1. Summary
----------

+---------+----------+--------------+----------+
| Rule ID | Severity | # Violations | # Waived |
+---------+----------+--------------+----------+


INFO: [Synth 37-85] Total of 0 linter message(s) generated.
INFO: [Synth 37-45] Linter Run Finished!
Synthesis Optimization Runtime : Time (s): cpu = 00:00:10 ; elapsed = 00:00:09 . Memory (MB): peak = 3788.547 ; gain = 225.730
INFO: [Common 17-83] Releasing license: Synthesis
7 Infos, 0 Warnings, 0 Critical Warnings and 0 Errors encountered.
synth_design completed successfully
synth_design: Time (s): cpu = 00:00:10 ; elapsed = 00:00:10 . Memory (MB): peak = 3788.547 ; gain = 225.730
launch_simulation -install_path D:/modelsim/win64
Command: launch_simulation  -install_path D:/modelsim/win64
INFO: [Vivado 12-12493] Simulation top is 'tb_run_led'
INFO: [Vivado 12-5682] Launching behavioral simulation in 'D:/GitHub/fpga_learing/XI_run_led/XI_run_led.sim/sim_1/behav/modelsim'
INFO: [USF-ModelSim-47] Finding simulator installation...
INFO: [USF-ModelSim-50] Using simulator executables from 'D:/modelsim/win64/vsim.exe'
INFO: [SIM-utils-51] Simulation object is 'sim_1'
INFO: [USF-modelsim-7] Finding pre-compiled libraries...
INFO: [USF-modelsim-11] File 'D:/Xilinx/Modelsim_Vivado_Lib/modelsim.ini' copied to run dir:'D:/GitHub/fpga_learing/XI_run_led/XI_run_led.sim/sim_1/behav/modelsim'
INFO: [SIM-utils-54] Inspecting design source files for 'tb_run_led' in fileset 'sim_1'...
INFO: [USF-ModelSim-107] Finding global include files...
INFO: [USF-ModelSim-108] Finding include directories and verilog header directory paths...
INFO: [USF-ModelSim-109] Fetching design files from 'sim_1'...
INFO: [USF-ModelSim-2] ModelSim::Compile design
INFO: [USF-ModelSim-15] Creating automatic 'do' files...
INFO: [USF-ModelSim-69] Executing 'COMPILE and ANALYZE' step in 'D:/GitHub/fpga_learing/XI_run_led/XI_run_led.sim/sim_1/behav/modelsim'
Reading pref.tcl

# 2020.4

# do {tb_run_led_compile.do}
# ** Warning: (vlib-34) Library already exists at "modelsim_lib/work".
# Errors: 0, Warnings: 1
# ** Warning: (vlib-34) Library already exists at "modelsim_lib/msim".
# Errors: 0, Warnings: 1
# ** Warning: (vlib-34) Library already exists at "modelsim_lib/msim/xil_defaultlib".
# Errors: 0, Warnings: 1
# Model Technology ModelSim SE-64 vmap 2020.4 Lib Mapping Utility 2020.10 Oct 13 2020
# vmap xil_defaultlib modelsim_lib/msim/xil_defaultlib 
# Modifying modelsim.ini
# Model Technology ModelSim SE-64 vlog 2020.4 Compiler 2020.10 Oct 13 2020
# Start time: 10:13:23 on Aug 03,2025
# vlog -incr -mfcu -work xil_defaultlib ../../../../XI_run_led.srcs/sources_1/new/run_led.v ../../../../XI_run_led.srcs/sim_1/new/tb_run_led.v 
# -- Compiling module run_led
# -- Skipping module tb_run_led
# 
# Top level modules:
# 	tb_run_led
# End time: 10:13:23 on Aug 03,2025, Elapsed time: 0:00:00
# Errors: 0, Warnings: 0
# Model Technology ModelSim SE-64 vlog 2020.4 Compiler 2020.10 Oct 13 2020
# Start time: 10:13:23 on Aug 03,2025
# vlog -work xil_defaultlib glbl.v 
# -- Compiling module glbl
# 
# Top level modules:
# 	glbl
# End time: 10:13:23 on Aug 03,2025, Elapsed time: 0:00:00
# Errors: 0, Warnings: 0
INFO: [USF-ModelSim-69] 'compile' step finished in '2' seconds
INFO: [USF-ModelSim-4] ModelSim::Simulate design
INFO: [USF-ModelSim-69] Executing 'SIMULATE' step in 'D:/GitHub/fpga_learing/XI_run_led/XI_run_led.sim/sim_1/behav/modelsim'
Program launched (PID=12836)
open_hw_manager
connect_hw_server -allow_non_jtag
INFO: [Labtools 27-2285] Connecting to hw_server url TCP:localhost:3121
INFO: [Labtools 27-2222] Launching hw_server...
INFO: [Labtools 27-2221] Launch Output:

****** Xilinx hw_server v2024.2
  **** Build date : Oct 29 2024 at 10:25:41
    ** Copyright 1986-2022 Xilinx, Inc. All Rights Reserved.


INFO: [Labtools 27-3415] Connecting to cs_server url TCP:localhost:0
INFO: [Labtools 27-3417] Launching cs_server...
INFO: [Labtools 27-2221] Launch Output:


******** Xilinx cs_server v2024.2.0
  ****** Build date   : Oct 31 2024-02:19:07
    **** Build number : 2024.2.1730312347
      ** Copyright 2017-2022 Xilinx, Inc. All Rights Reserved.
      ** Copyright 2022-2025 Advanced Micro Devices, Inc. All Rights Reserved.



connect_hw_server: Time (s): cpu = 00:00:00 ; elapsed = 00:00:06 . Memory (MB): peak = 3788.547 ; gain = 0.000
open_hw_target
INFO: [Labtoolstcl 44-466] Opening hw_target localhost:3121/xilinx_tcf/Digilent/C306BF52ABCD
current_hw_device [get_hw_devices xcku5p_0]
refresh_hw_device -update_hw_probes false [lindex [get_hw_devices xcku5p_0] 0]
INFO: [Labtools 27-1434] Device xcku5p (JTAG device index = 0) is programmed with a design that has no supported debug core(s) in it.
launch_runs impl_1 -to_step write_bitstream -jobs 4
[Sun Aug  3 10:18:08 2025] Launched impl_1...
Run output will be captured here: D:/GitHub/fpga_learing/XI_run_led/XI_run_led.runs/impl_1/runme.log
set_property PROBES.FILE {} [get_hw_devices xcku5p_0]
set_property FULL_PROBES.FILE {} [get_hw_devices xcku5p_0]
set_property PROGRAM.FILE {D:/GitHub/fpga_learing/XI_run_led/XI_run_led.runs/impl_1/run_led.bit} [get_hw_devices xcku5p_0]
program_hw_devices [get_hw_devices xcku5p_0]
INFO: [Labtools 27-3164] End of startup status: HIGH
refresh_hw_device [lindex [get_hw_devices xcku5p_0] 0]
INFO: [Labtools 27-1434] Device xcku5p (JTAG device index = 0) is programmed with a design that has no supported debug core(s) in it.
exit
INFO: [Common 17-206] Exiting Vivado at Sun Aug  3 10:21:40 2025...
