#-----------------------------------------------------------
# Vivado v2024.2 (64-bit)
# SW Build 5239630 on Fri Nov 08 22:35:27 MST 2024
# IP Build 5239520 on Sun Nov 10 16:12:51 MST 2024
# SharedData Build 5239561 on Fri Nov 08 14:39:27 MST 2024
# Start of session at: Fri Aug  1 22:16:51 2025
# Process ID         : 18760
# Current directory  : D:/GitHub/fpga_learing/XI_run_led
# Command line       : vivado.exe -gui_launcher_event rodinguilauncherevent19584 D:\GitHub\fpga_learing\XI_run_led\XI_run_led.xpr
# Log file           : D:/GitHub/fpga_learing/XI_run_led/vivado.log
# Journal file       : D:/GitHub/fpga_learing/XI_run_led\vivado.jou
# Running On         : DESKTOP-IMB8E6N
# Platform           : Windows Server 2016 or Windows 10
# Operating System   : 19045
# Processor Detail   : Intel(R) Core(TM) i5-9300H CPU @ 2.40GHz
# CPU Frequency      : 2400 MHz
# CPU Physical cores : 4
# CPU Logical cores  : 8
# Host memory        : 17013 MB
# Swap memory        : 3368 MB
# Total Virtual      : 20381 MB
# Available Virtual  : 9602 MB
#-----------------------------------------------------------
start_gui
open_project D:/GitHub/fpga_learing/XI_run_led/XI_run_led.xpr
WARNING: [Board 49-26] cannot add Board Part xilinx.com:zcu208ld:part0:2.0 available at D:/Xilinx/Vivado/2024.2/data/xhub/boards/XilinxBoardStore/boards/Xilinx/zcu208ld/production/2.0/board.xml as part xczu58dr-fsvg1517-2-i specified in board_part file is either invalid or not available
WARNING: [Board 49-26] cannot add Board Part xilinx.com:zcu216ld:part0:2.0 available at D:/Xilinx/Vivado/2024.2/data/xhub/boards/XilinxBoardStore/boards/Xilinx/zcu216ld/production/2.0/board.xml as part xczu59dr-ffvf1760-2-i specified in board_part file is either invalid or not available
WARNING: [Board 49-26] cannot add Board Part xilinx.com:zcu670ld:part0:1.0 available at D:/Xilinx/Vivado/2024.2/data/xhub/boards/XilinxBoardStore/boards/Xilinx/zcu670ld/1.0/board.xml as part xczu57dr-fsve1156-2-i specified in board_part file is either invalid or not available
INFO: [filemgmt 56-3] Default IP Output Path : Could not find the directory 'D:/GitHub/fpga_learing/XI_run_led/XI_run_led.gen/sources_1'.
Scanning sources...
Finished scanning sources
INFO: [IP_Flow 19-234] Refreshing IP repositories
INFO: [IP_Flow 19-1704] No user IP repositories specified
INFO: [IP_Flow 19-2313] Loaded Vivado IP repository 'D:/Xilinx/Vivado/2024.2/data/ip'.
open_project: Time (s): cpu = 00:00:29 ; elapsed = 00:00:13 . Memory (MB): peak = 1577.949 ; gain = 359.035
update_compile_order -fileset sources_1
launch_simulation -install_path D:/modelsim/win64
Command: launch_simulation  -install_path D:/modelsim/win64
INFO: [Vivado 12-12493] Simulation top is 'tb_run_led'
INFO: [Vivado 12-5682] Launching behavioral simulation in 'D:/GitHub/fpga_learing/XI_run_led/XI_run_led.sim/sim_1/behav/modelsim'
INFO: [USF-ModelSim-47] Finding simulator installation...
INFO: [USF-ModelSim-50] Using simulator executables from 'D:/modelsim/win64/vsim.exe'
INFO: [SIM-utils-51] Simulation object is 'sim_1'
INFO: [USF-modelsim-7] Finding pre-compiled libraries...
INFO: [USF-modelsim-11] File 'D:/Xilinx/Modelsim_Vivado_Lib/modelsim.ini' copied to run dir:'D:/GitHub/fpga_learing/XI_run_led/XI_run_led.sim/sim_1/behav/modelsim'
INFO: [SIM-utils-54] Inspecting design source files for 'tb_run_led' in fileset 'sim_1'...
INFO: [USF-ModelSim-107] Finding global include files...
INFO: [USF-ModelSim-108] Finding include directories and verilog header directory paths...
INFO: [USF-ModelSim-109] Fetching design files from 'sim_1'...
INFO: [USF-ModelSim-2] ModelSim::Compile design
INFO: [USF-ModelSim-15] Creating automatic 'do' files...
INFO: [USF-ModelSim-69] Executing 'COMPILE and ANALYZE' step in 'D:/GitHub/fpga_learing/XI_run_led/XI_run_led.sim/sim_1/behav/modelsim'
Reading pref.tcl

# 2020.4

# do {tb_run_led_compile.do}
# ** Warning: (vlib-34) Library already exists at "modelsim_lib/work".
# Errors: 0, Warnings: 1
# ** Warning: (vlib-34) Library already exists at "modelsim_lib/msim".
# Errors: 0, Warnings: 1
# ** Warning: (vlib-34) Library already exists at "modelsim_lib/msim/xil_defaultlib".
# Errors: 0, Warnings: 1
# Model Technology ModelSim SE-64 vmap 2020.4 Lib Mapping Utility 2020.10 Oct 13 2020
# vmap xil_defaultlib modelsim_lib/msim/xil_defaultlib 
# Modifying modelsim.ini
# Model Technology ModelSim SE-64 vlog 2020.4 Compiler 2020.10 Oct 13 2020
# Start time: 22:17:29 on Aug 01,2025
# vlog -incr -mfcu -work xil_defaultlib ../../../../XI_run_led.srcs/sources_1/new/run_led.v ../../../../XI_run_led.srcs/sim_1/new/tb_run_led.v 
# -- Compiling module run_led
# -- Skipping module tb_run_led
# 
# Top level modules:
# 	tb_run_led
# End time: 22:17:29 on Aug 01,2025, Elapsed time: 0:00:00
# Errors: 0, Warnings: 0
# Model Technology ModelSim SE-64 vlog 2020.4 Compiler 2020.10 Oct 13 2020
# Start time: 22:17:29 on Aug 01,2025
# vlog -work xil_defaultlib glbl.v 
# -- Compiling module glbl
# 
# Top level modules:
# 	glbl
# End time: 22:17:29 on Aug 01,2025, Elapsed time: 0:00:00
# Errors: 0, Warnings: 0
INFO: [USF-ModelSim-69] 'compile' step finished in '2' seconds
INFO: [USF-ModelSim-4] ModelSim::Simulate design
INFO: [USF-ModelSim-69] Executing 'SIMULATE' step in 'D:/GitHub/fpga_learing/XI_run_led/XI_run_led.sim/sim_1/behav/modelsim'
Program launched (PID=14984)
launch_simulation -install_path D:/modelsim/win64
Command: launch_simulation  -install_path D:/modelsim/win64
INFO: [Vivado 12-12493] Simulation top is 'tb_run_led'
INFO: [Vivado 12-5682] Launching behavioral simulation in 'D:/GitHub/fpga_learing/XI_run_led/XI_run_led.sim/sim_1/behav/modelsim'
INFO: [USF-ModelSim-47] Finding simulator installation...
INFO: [USF-ModelSim-50] Using simulator executables from 'D:/modelsim/win64/vsim.exe'
INFO: [SIM-utils-51] Simulation object is 'sim_1'
INFO: [USF-modelsim-7] Finding pre-compiled libraries...
INFO: [USF-modelsim-11] File 'D:/Xilinx/Modelsim_Vivado_Lib/modelsim.ini' copied to run dir:'D:/GitHub/fpga_learing/XI_run_led/XI_run_led.sim/sim_1/behav/modelsim'
INFO: [SIM-utils-54] Inspecting design source files for 'tb_run_led' in fileset 'sim_1'...
INFO: [USF-ModelSim-107] Finding global include files...
INFO: [USF-ModelSim-108] Finding include directories and verilog header directory paths...
INFO: [USF-ModelSim-109] Fetching design files from 'sim_1'...
INFO: [USF-ModelSim-2] ModelSim::Compile design
INFO: [USF-ModelSim-15] Creating automatic 'do' files...
INFO: [USF-ModelSim-69] Executing 'COMPILE and ANALYZE' step in 'D:/GitHub/fpga_learing/XI_run_led/XI_run_led.sim/sim_1/behav/modelsim'
Reading pref.tcl

# 2020.4

# do {tb_run_led_compile.do}
# ** Warning: (vlib-34) Library already exists at "modelsim_lib/work".
# Errors: 0, Warnings: 1
# ** Warning: (vlib-34) Library already exists at "modelsim_lib/msim".
# Errors: 0, Warnings: 1
# ** Warning: (vlib-34) Library already exists at "modelsim_lib/msim/xil_defaultlib".
# Errors: 0, Warnings: 1
# Model Technology ModelSim SE-64 vmap 2020.4 Lib Mapping Utility 2020.10 Oct 13 2020
# vmap xil_defaultlib modelsim_lib/msim/xil_defaultlib 
# Modifying modelsim.ini
# Model Technology ModelSim SE-64 vlog 2020.4 Compiler 2020.10 Oct 13 2020
# Start time: 22:21:29 on Aug 01,2025
# vlog -incr -mfcu -work xil_defaultlib ../../../../XI_run_led.srcs/sources_1/new/run_led.v ../../../../XI_run_led.srcs/sim_1/new/tb_run_led.v 
# -- Skipping module run_led
# -- Compiling module tb_run_led
# 
# Top level modules:
# 	tb_run_led
# End time: 22:21:29 on Aug 01,2025, Elapsed time: 0:00:00
# Errors: 0, Warnings: 0
# Model Technology ModelSim SE-64 vlog 2020.4 Compiler 2020.10 Oct 13 2020
# Start time: 22:21:29 on Aug 01,2025
# vlog -work xil_defaultlib glbl.v 
# -- Compiling module glbl
# 
# Top level modules:
# 	glbl
# End time: 22:21:29 on Aug 01,2025, Elapsed time: 0:00:00
# Errors: 0, Warnings: 0
INFO: [USF-ModelSim-69] 'compile' step finished in '2' seconds
INFO: [USF-ModelSim-4] ModelSim::Simulate design
INFO: [USF-ModelSim-69] Executing 'SIMULATE' step in 'D:/GitHub/fpga_learing/XI_run_led/XI_run_led.sim/sim_1/behav/modelsim'
Program launched (PID=12668)
launch_simulation -install_path D:/modelsim/win64
Command: launch_simulation  -install_path D:/modelsim/win64
INFO: [Vivado 12-12493] Simulation top is 'tb_run_led'
INFO: [Vivado 12-5682] Launching behavioral simulation in 'D:/GitHub/fpga_learing/XI_run_led/XI_run_led.sim/sim_1/behav/modelsim'
INFO: [USF-ModelSim-47] Finding simulator installation...
INFO: [USF-ModelSim-50] Using simulator executables from 'D:/modelsim/win64/vsim.exe'
INFO: [SIM-utils-51] Simulation object is 'sim_1'
INFO: [USF-modelsim-7] Finding pre-compiled libraries...
INFO: [USF-modelsim-11] File 'D:/Xilinx/Modelsim_Vivado_Lib/modelsim.ini' copied to run dir:'D:/GitHub/fpga_learing/XI_run_led/XI_run_led.sim/sim_1/behav/modelsim'
INFO: [SIM-utils-54] Inspecting design source files for 'tb_run_led' in fileset 'sim_1'...
INFO: [USF-ModelSim-107] Finding global include files...
INFO: [USF-ModelSim-108] Finding include directories and verilog header directory paths...
INFO: [USF-ModelSim-109] Fetching design files from 'sim_1'...
INFO: [USF-ModelSim-2] ModelSim::Compile design
INFO: [USF-ModelSim-15] Creating automatic 'do' files...
INFO: [USF-ModelSim-69] Executing 'COMPILE and ANALYZE' step in 'D:/GitHub/fpga_learing/XI_run_led/XI_run_led.sim/sim_1/behav/modelsim'
Reading pref.tcl

# 2020.4

# do {tb_run_led_compile.do}
# ** Warning: (vlib-34) Library already exists at "modelsim_lib/work".
# Errors: 0, Warnings: 1
# ** Warning: (vlib-34) Library already exists at "modelsim_lib/msim".
# Errors: 0, Warnings: 1
# ** Warning: (vlib-34) Library already exists at "modelsim_lib/msim/xil_defaultlib".
# Errors: 0, Warnings: 1
# Model Technology ModelSim SE-64 vmap 2020.4 Lib Mapping Utility 2020.10 Oct 13 2020
# vmap xil_defaultlib modelsim_lib/msim/xil_defaultlib 
# Modifying modelsim.ini
# Model Technology ModelSim SE-64 vlog 2020.4 Compiler 2020.10 Oct 13 2020
# Start time: 22:22:55 on Aug 01,2025
# vlog -incr -mfcu -work xil_defaultlib ../../../../XI_run_led.srcs/sources_1/new/run_led.v ../../../../XI_run_led.srcs/sim_1/new/tb_run_led.v 
# -- Skipping module run_led
# -- Compiling module tb_run_led
# 
# Top level modules:
# 	tb_run_led
# End time: 22:22:55 on Aug 01,2025, Elapsed time: 0:00:00
# Errors: 0, Warnings: 0
# Model Technology ModelSim SE-64 vlog 2020.4 Compiler 2020.10 Oct 13 2020
# Start time: 22:22:55 on Aug 01,2025
# vlog -work xil_defaultlib glbl.v 
# -- Compiling module glbl
# 
# Top level modules:
# 	glbl
# End time: 22:22:55 on Aug 01,2025, Elapsed time: 0:00:00
# Errors: 0, Warnings: 0
INFO: [USF-ModelSim-69] 'compile' step finished in '2' seconds
INFO: [USF-ModelSim-4] ModelSim::Simulate design
INFO: [USF-ModelSim-69] Executing 'SIMULATE' step in 'D:/GitHub/fpga_learing/XI_run_led/XI_run_led.sim/sim_1/behav/modelsim'
Program launched (PID=10164)
launch_simulation -install_path D:/modelsim/win64
Command: launch_simulation  -install_path D:/modelsim/win64
INFO: [Vivado 12-12493] Simulation top is 'tb_run_led'
INFO: [Vivado 12-5682] Launching behavioral simulation in 'D:/GitHub/fpga_learing/XI_run_led/XI_run_led.sim/sim_1/behav/modelsim'
INFO: [USF-ModelSim-47] Finding simulator installation...
INFO: [USF-ModelSim-50] Using simulator executables from 'D:/modelsim/win64/vsim.exe'
INFO: [SIM-utils-51] Simulation object is 'sim_1'
INFO: [USF-modelsim-7] Finding pre-compiled libraries...
INFO: [USF-modelsim-11] File 'D:/Xilinx/Modelsim_Vivado_Lib/modelsim.ini' copied to run dir:'D:/GitHub/fpga_learing/XI_run_led/XI_run_led.sim/sim_1/behav/modelsim'
INFO: [SIM-utils-54] Inspecting design source files for 'tb_run_led' in fileset 'sim_1'...
INFO: [USF-ModelSim-107] Finding global include files...
INFO: [USF-ModelSim-108] Finding include directories and verilog header directory paths...
INFO: [USF-ModelSim-109] Fetching design files from 'sim_1'...
INFO: [USF-ModelSim-2] ModelSim::Compile design
INFO: [USF-ModelSim-15] Creating automatic 'do' files...
INFO: [USF-ModelSim-69] Executing 'COMPILE and ANALYZE' step in 'D:/GitHub/fpga_learing/XI_run_led/XI_run_led.sim/sim_1/behav/modelsim'
Reading pref.tcl

# 2020.4

# do {tb_run_led_compile.do}
# ** Warning: (vlib-34) Library already exists at "modelsim_lib/work".
# Errors: 0, Warnings: 1
# ** Warning: (vlib-34) Library already exists at "modelsim_lib/msim".
# Errors: 0, Warnings: 1
# ** Warning: (vlib-34) Library already exists at "modelsim_lib/msim/xil_defaultlib".
# Errors: 0, Warnings: 1
# Model Technology ModelSim SE-64 vmap 2020.4 Lib Mapping Utility 2020.10 Oct 13 2020
# vmap xil_defaultlib modelsim_lib/msim/xil_defaultlib 
# Modifying modelsim.ini
# Model Technology ModelSim SE-64 vlog 2020.4 Compiler 2020.10 Oct 13 2020
# Start time: 22:24:06 on Aug 01,2025
# vlog -incr -mfcu -work xil_defaultlib ../../../../XI_run_led.srcs/sources_1/new/run_led.v ../../../../XI_run_led.srcs/sim_1/new/tb_run_led.v 
# -- Skipping module run_led
# -- Compiling module tb_run_led
# 
# Top level modules:
# 	tb_run_led
# End time: 22:24:06 on Aug 01,2025, Elapsed time: 0:00:00
# Errors: 0, Warnings: 0
# Model Technology ModelSim SE-64 vlog 2020.4 Compiler 2020.10 Oct 13 2020
# Start time: 22:24:06 on Aug 01,2025
# vlog -work xil_defaultlib glbl.v 
# -- Compiling module glbl
# 
# Top level modules:
# 	glbl
# End time: 22:24:06 on Aug 01,2025, Elapsed time: 0:00:00
# Errors: 0, Warnings: 0
INFO: [USF-ModelSim-69] 'compile' step finished in '2' seconds
INFO: [USF-ModelSim-4] ModelSim::Simulate design
INFO: [USF-ModelSim-69] Executing 'SIMULATE' step in 'D:/GitHub/fpga_learing/XI_run_led/XI_run_led.sim/sim_1/behav/modelsim'
Program launched (PID=21712)
launch_simulation -install_path D:/modelsim/win64
Command: launch_simulation  -install_path D:/modelsim/win64
INFO: [Vivado 12-12493] Simulation top is 'tb_run_led'
INFO: [Vivado 12-5682] Launching behavioral simulation in 'D:/GitHub/fpga_learing/XI_run_led/XI_run_led.sim/sim_1/behav/modelsim'
INFO: [USF-ModelSim-47] Finding simulator installation...
INFO: [USF-ModelSim-50] Using simulator executables from 'D:/modelsim/win64/vsim.exe'
INFO: [SIM-utils-51] Simulation object is 'sim_1'
INFO: [USF-modelsim-7] Finding pre-compiled libraries...
INFO: [USF-modelsim-11] File 'D:/Xilinx/Modelsim_Vivado_Lib/modelsim.ini' copied to run dir:'D:/GitHub/fpga_learing/XI_run_led/XI_run_led.sim/sim_1/behav/modelsim'
INFO: [SIM-utils-54] Inspecting design source files for 'tb_run_led' in fileset 'sim_1'...
INFO: [USF-ModelSim-107] Finding global include files...
INFO: [USF-ModelSim-108] Finding include directories and verilog header directory paths...
INFO: [USF-ModelSim-109] Fetching design files from 'sim_1'...
INFO: [USF-ModelSim-2] ModelSim::Compile design
INFO: [USF-ModelSim-15] Creating automatic 'do' files...
INFO: [USF-ModelSim-69] Executing 'COMPILE and ANALYZE' step in 'D:/GitHub/fpga_learing/XI_run_led/XI_run_led.sim/sim_1/behav/modelsim'
Reading pref.tcl

# 2020.4

# do {tb_run_led_compile.do}
# ** Warning: (vlib-34) Library already exists at "modelsim_lib/work".
# Errors: 0, Warnings: 1
# ** Warning: (vlib-34) Library already exists at "modelsim_lib/msim".
# Errors: 0, Warnings: 1
# ** Warning: (vlib-34) Library already exists at "modelsim_lib/msim/xil_defaultlib".
# Errors: 0, Warnings: 1
# Model Technology ModelSim SE-64 vmap 2020.4 Lib Mapping Utility 2020.10 Oct 13 2020
# vmap xil_defaultlib modelsim_lib/msim/xil_defaultlib 
# Modifying modelsim.ini
# Model Technology ModelSim SE-64 vlog 2020.4 Compiler 2020.10 Oct 13 2020
# Start time: 22:33:33 on Aug 01,2025
# vlog -incr -mfcu -work xil_defaultlib ../../../../XI_run_led.srcs/sources_1/new/run_led.v ../../../../XI_run_led.srcs/sim_1/new/tb_run_led.v 
# -- Skipping module run_led
# -- Compiling module tb_run_led
# 
# Top level modules:
# 	tb_run_led
# End time: 22:33:33 on Aug 01,2025, Elapsed time: 0:00:00
# Errors: 0, Warnings: 0
# Model Technology ModelSim SE-64 vlog 2020.4 Compiler 2020.10 Oct 13 2020
# Start time: 22:33:33 on Aug 01,2025
# vlog -work xil_defaultlib glbl.v 
# -- Compiling module glbl
# 
# Top level modules:
# 	glbl
# End time: 22:33:33 on Aug 01,2025, Elapsed time: 0:00:00
# Errors: 0, Warnings: 0
INFO: [USF-ModelSim-69] 'compile' step finished in '2' seconds
INFO: [USF-ModelSim-4] ModelSim::Simulate design
INFO: [USF-ModelSim-69] Executing 'SIMULATE' step in 'D:/GitHub/fpga_learing/XI_run_led/XI_run_led.sim/sim_1/behav/modelsim'
Program launched (PID=25692)
exit
INFO: [Common 17-206] Exiting Vivado at Fri Aug  1 22:35:55 2025...
