Copyright 1986-2022 Xilinx, Inc. All Rights Reserved. Copyright 2022-2024 Advanced Micro Devices, Inc. All Rights Reserved.
--------------------------------------------------------------------------------------------------------------------------------------------------------------------
| Tool Version : Vivado v.2024.2 (win64) Build 5239630 Fri Nov 08 22:35:27 MST 2024
| Date         : Thu Aug  7 23:40:06 2025
| Host         : DESKTOP-IMB8E6N running 64-bit major release  (build 9200)
| Command      : report_methodology -file simple_fsm_methodology_drc_routed.rpt -pb simple_fsm_methodology_drc_routed.pb -rpx simple_fsm_methodology_drc_routed.rpx
| Design       : simple_fsm
| Device       : xcku5p-ffvb676-2-i
| Speed File   : -2
| Design State : Fully Routed
--------------------------------------------------------------------------------------------------------------------------------------------------------------------

Report Methodology

Table of Contents
-----------------
1. REPORT SUMMARY
2. REPORT DETAILS

1. REPORT SUMMARY
-----------------
            Netlist: netlist
          Floorplan: design_1
      Design limits: <entire design considered>
             Max checks: <unlimited>
             Checks found: 5
+-----------+----------+-------------------------------+--------+
| Rule      | Severity | Description                   | Checks |
+-----------+----------+-------------------------------+--------+
| TIMING-18 | Warning  | Missing input or output delay | 5      |
+-----------+----------+-------------------------------+--------+

2. REPORT DETAILS
-----------------
TIMING-18#1 Warning
Missing input or output delay  
An input delay is missing on in_coin_one relative to the rising and/or falling clock edge(s) of clock_system.
Related violations: <none>

TIMING-18#2 Warning
Missing input or output delay  
An input delay is missing on in_coin_point relative to the rising and/or falling clock edge(s) of clock_system.
Related violations: <none>

TIMING-18#3 Warning
Missing input or output delay  
An input delay is missing on rst_sys_n relative to the rising and/or falling clock edge(s) of clock_system.
Related violations: <none>

TIMING-18#4 Warning
Missing input or output delay  
An output delay is missing on out_change relative to the rising and/or falling clock edge(s) of clock_system.
Related violations: <none>

TIMING-18#5 Warning
Missing input or output delay  
An output delay is missing on out_cola relative to the rising and/or falling clock edge(s) of clock_system.
Related violations: <none>


