#-----------------------------------------------------------
# Vivado v2020.2 (64-bit)
# SW Build 3064766 on Wed Nov 18 09:12:45 MST 2020
# IP Build 3064653 on Wed Nov 18 14:17:31 MST 2020
# Start of session at: Fri Aug 29 11:44:58 2025
# Process ID: 24176
# Current directory: D:/GitHub/fpga_learing/XII_breath_led
# Command line: vivado.exe -gui_launcher_event rodinguilauncherevent22212 D:\GitHub\fpga_learing\XII_breath_led\XII_breath_led.xpr
# Log file: D:/GitHub/fpga_learing/XII_breath_led/vivado.log
# Journal file: D:/GitHub/fpga_learing/XII_breath_led\vivado.jou
#-----------------------------------------------------------
start_gui
open_project D:/GitHub/fpga_learing/XII_breath_led/XII_breath_led.xpr
update_compile_order -fileset sources_1
save_project_as XII_breath_led_20 D:/GitHub/fpga_learing/XII_breath_led_20 -force
open_hw_manager
connect_hw_server -allow_non_jtag
open_hw_target
set_property PROGRAM.FILE {D:/GitHub/fpga_learing/XII_breath_led_20/XII_breath_led_20.runs/impl_1/breath_led.bit} [get_hw_devices xcku5p_0]
current_hw_device [get_hw_devices xcku5p_0]
refresh_hw_device -update_hw_probes false [lindex [get_hw_devices xcku5p_0] 0]
create_hw_cfgmem -hw_device [get_hw_devices xcku5p_0] -mem_dev [lindex [get_cfgmem_parts {mt25qu256-spi-x1_x2_x4}] 0]
set_property PROGRAM.ADDRESS_RANGE  {use_file} [ get_property PROGRAM.HW_CFGMEM [lindex [get_hw_devices xcku5p_0] 0]]
set_property PROGRAM.FILES [list "D:/GitHub/fpga_learing/XII_breath_led/XII_breath_led.runs/breath_led.bin" ] [ get_property PROGRAM.HW_CFGMEM [lindex [get_hw_devices xcku5p_0] 0]]
set_property PROGRAM.PRM_FILE {} [ get_property PROGRAM.HW_CFGMEM [lindex [get_hw_devices xcku5p_0] 0]]
set_property PROGRAM.UNUSED_PIN_TERMINATION {pull-none} [ get_property PROGRAM.HW_CFGMEM [lindex [get_hw_devices xcku5p_0] 0]]
set_property PROGRAM.BLANK_CHECK  0 [ get_property PROGRAM.HW_CFGMEM [lindex [get_hw_devices xcku5p_0] 0]]
set_property PROGRAM.ERASE  1 [ get_property PROGRAM.HW_CFGMEM [lindex [get_hw_devices xcku5p_0] 0]]
set_property PROGRAM.CFG_PROGRAM  1 [ get_property PROGRAM.HW_CFGMEM [lindex [get_hw_devices xcku5p_0] 0]]
set_property PROGRAM.VERIFY  1 [ get_property PROGRAM.HW_CFGMEM [lindex [get_hw_devices xcku5p_0] 0]]
set_property PROGRAM.CHECKSUM  0 [ get_property PROGRAM.HW_CFGMEM [lindex [get_hw_devices xcku5p_0] 0]]
startgroup 
create_hw_bitstream -hw_device [lindex [get_hw_devices xcku5p_0] 0] [get_property PROGRAM.HW_CFGMEM_BITFILE [ lindex [get_hw_devices xcku5p_0] 0]]; program_hw_devices [lindex [get_hw_devices xcku5p_0] 0]; refresh_hw_device [lindex [get_hw_devices xcku5p_0] 0];
program_hw_cfgmem -hw_cfgmem [ get_property PROGRAM.HW_CFGMEM [lindex [get_hw_devices xcku5p_0] 0]]
endgroup
