# do {tb_top_compile.do}
# ** Warning: (vlib-34) Library already exists at "questa_lib/work".
# ** Warning: (vlib-34) Library already exists at "questa_lib/msim".
# ** Warning: (vlib-34) Library already exists at "questa_lib/msim/xil_defaultlib".
# QuestaSim-64 vmap 2020.1 Lib Mapping Utility 2020.01 Jan 28 2020
# vmap xil_defaultlib questa_lib/msim/xil_defaultlib 
# Modifying modelsim.ini
# QuestaSim-64 vlog 2020.1 Compiler 2020.01 Jan 28 2020
# Start time: 17:28:16 on Aug 28,2025
# vlog -incr -work xil_defaultlib ../../../../XIV_servo.srcs/sources_1/imports/new/button_debounce.v ../../../../XIV_servo.srcs/sources_1/imports/new/counter.v ../../../../XIV_servo.srcs/sources_1/imports/new/pwm_generate.v ../../../../XIV_servo.srcs/sources_1/imports/new/servo_level.v ../../../../XIV_servo.srcs/sources_1/imports/new/top.v ../../../../XIV_servo.srcs/sim_1/imports/new/tb_top.v 
# -- Skipping module button_debounce
# -- Skipping module counter
# -- Skipping module pwm_generate
# -- Skipping module servo_level
# -- Skipping module top
# -- Skipping module tb_top
# 
# Top level modules:
# 	tb_top
# End time: 17:28:16 on Aug 28,2025, Elapsed time: 0:00:00
# Errors: 0, Warnings: 0
# QuestaSim-64 vlog 2020.1 Compiler 2020.01 Jan 28 2020
# Start time: 17:28:16 on Aug 28,2025
# vlog -work xil_defaultlib glbl.v 
# -- Compiling module glbl
# 
# Top level modules:
# 	glbl
# End time: 17:28:16 on Aug 28,2025, Elapsed time: 0:00:00
# Errors: 0, Warnings: 0
