# do {tb_top_elaborate.do}
# QuestaSim-64 vopt 2020.1 Compiler 2020.01 Jan 28 2020
# Start time: 17:28:17 on Aug 28,2025
# vopt "+acc=npr" -L xil_defaultlib -L unisims_ver -L unimacro_ver -L secureip -work xil_defaultlib xil_defaultlib.tb_top xil_defaultlib.glbl -o tb_top_opt 
# 
# Top level modules:
# 	tb_top
# 	glbl
# 
# Analyzing design...
# -- Loading module tb_top
# -- Loading module glbl
# -- Loading module top
# -- Loading module button_debounce
# -- Loading module counter
# -- Loading module servo_level
# -- Loading module pwm_generate
# Incremental compilation check found 8 design-units (out of 9) may be reused.
# Optimizing 1 design-unit (inlining 0/9 module instances):
# -- Optimizing module pwm_generate(fast)
# Optimized design name is tb_top_opt
# End time: 17:28:18 on Aug 28,2025, Elapsed time: 0:00:01
# Errors: 0, Warnings: 0
