#-----------------------------------------------------------
# Vivado v2023.1 (64-bit)
# SW Build 3865809 on Sun May  7 15:04:56 MDT 2023
# IP Build 3864474 on Sun May  7 20:36:21 MDT 2023
# SharedData Build 3865790 on Sun May 07 13:33:03 MDT 2023
# Start of session at: Thu Apr  2 00:30:59 2026
# Process ID: 6506
# Current directory: /home/tgspock/Github/fpga_learing/xx_fft_lab/xx_fft_lab.runs/impl_1/.Xil/Vivado-6150-tgspock-BOHK-WAX9X/dc_drv.0/dc/prj_ip.runs/dbg_hub_synth_1
# Command line: vivado -log dbg_hub.vds -product Vivado -mode batch -messageDb vivado.pb -notrace -source dbg_hub.tcl
# Log file: /home/tgspock/Github/fpga_learing/xx_fft_lab/xx_fft_lab.runs/impl_1/.Xil/Vivado-6150-tgspock-BOHK-WAX9X/dc_drv.0/dc/prj_ip.runs/dbg_hub_synth_1/dbg_hub.vds
# Journal file: /home/tgspock/Github/fpga_learing/xx_fft_lab/xx_fft_lab.runs/impl_1/.Xil/Vivado-6150-tgspock-BOHK-WAX9X/dc_drv.0/dc/prj_ip.runs/dbg_hub_synth_1/vivado.jou
# Running On: tgspock-BOHK-WAX9X, OS: Linux, CPU Frequency: 1400.000 MHz, CPU Physical cores: 8, Host memory: 7195 MB
#-----------------------------------------------------------
source dbg_hub.tcl -notrace
