#-----------------------------------------------------------
# Vivado v2020.2.2 (64-bit)
# SW Build 3118627 on Tue Feb  9 05:14:06 MST 2021
# IP Build 3115676 on Tue Feb  9 10:48:11 MST 2021
# Start of session at: Thu Nov  6 20:51:36 2025
# Process ID: 22100
# Current directory: D:/GitHub/fpga_learing/xvii_new_start
# Command line: vivado.exe -gui_launcher_event rodinguilauncherevent32620 D:\GitHub\fpga_learing\xvii_new_start\xvii_new_start.xpr
# Log file: D:/GitHub/fpga_learing/xvii_new_start/vivado.log
# Journal file: D:/GitHub/fpga_learing/xvii_new_start\vivado.jou
#-----------------------------------------------------------
start_gui
open_project D:/GitHub/fpga_learing/xvii_new_start/xvii_new_start.xpr
WARNING: [filemgmt 56-3] Default IP Output Path : Could not find the directory 'D:/GitHub/fpga_learing/xvii_new_start/xvii_new_start.gen/sources_1'.
Scanning sources...
Finished scanning sources
INFO: [IP_Flow 19-234] Refreshing IP repositories
INFO: [IP_Flow 19-1704] No user IP repositories specified
INFO: [IP_Flow 19-2313] Loaded Vivado IP repository 'D:/Xilinx/Vivado/2020.2/data/ip'.
open_project: Time (s): cpu = 00:00:21 ; elapsed = 00:00:13 . Memory (MB): peak = 1141.246 ; gain = 0.000
update_compile_order -fileset sources_1
synth_design -rtl -rtl_skip_mlo -name rtl_1
Command: synth_design -rtl -rtl_skip_mlo -name rtl_1
Starting synth_design
Using part: xczu19eg-ffvc1760-2-i
Top: xvii_top
INFO: [Device 21-403] Loading part xczu19eg-ffvc1760-2-i
---------------------------------------------------------------------------------
Starting RTL Elaboration : Time (s): cpu = 00:00:04 ; elapsed = 00:00:05 . Memory (MB): peak = 2396.969 ; gain = 140.469
---------------------------------------------------------------------------------
INFO: [Synth 8-6157] synthesizing module 'xvii_top' [D:/GitHub/fpga_learing/xvii_new_start/xvii_new_start.srcs/sources_1/new/xvii_top.v:23]
INFO: [Synth 8-6157] synthesizing module 'IBUFDS' [D:/Xilinx/Vivado/2020.2/scripts/rt/data/unisim_comp.v:51974]
	Parameter CAPACITANCE bound to: DONT_CARE - type: string 
	Parameter DIFF_TERM bound to: FALSE - type: string 
	Parameter DQS_BIAS bound to: FALSE - type: string 
	Parameter IBUF_DELAY_VALUE bound to: 0 - type: string 
	Parameter IBUF_LOW_PWR bound to: TRUE - type: string 
	Parameter IFD_DELAY_VALUE bound to: AUTO - type: string 
	Parameter IOSTANDARD bound to: DEFAULT - type: string 
INFO: [Synth 8-6155] done synthesizing module 'IBUFDS' (1#1) [D:/Xilinx/Vivado/2020.2/scripts/rt/data/unisim_comp.v:51974]
INFO: [Synth 8-6157] synthesizing module 'counter' [D:/GitHub/fpga_learing/xvii_new_start/xvii_new_start.srcs/sources_1/new/counter.v:23]
	Parameter CLK_FREQ_250_MHZ bound to: 17'b00000000011111010 
	Parameter CLK_FREQ_200_MHZ bound to: 17'b00000000011001000 
	Parameter CLK_FREQ_100_MHZ bound to: 17'b00000000001100100 
	Parameter CLK_FREQ_50_MHZ bound to: 17'b00000000000110010 
	Parameter CLK_FREQ_1_MHZ bound to: 17'b00000000000000001 
INFO: [Synth 8-6155] done synthesizing module 'counter' (2#1) [D:/GitHub/fpga_learing/xvii_new_start/xvii_new_start.srcs/sources_1/new/counter.v:23]
INFO: [Synth 8-6155] done synthesizing module 'xvii_top' (3#1) [D:/GitHub/fpga_learing/xvii_new_start/xvii_new_start.srcs/sources_1/new/xvii_top.v:23]
---------------------------------------------------------------------------------
Finished RTL Elaboration : Time (s): cpu = 00:00:05 ; elapsed = 00:00:06 . Memory (MB): peak = 2445.438 ; gain = 188.938
---------------------------------------------------------------------------------
---------------------------------------------------------------------------------
Start Handling Custom Attributes
---------------------------------------------------------------------------------
---------------------------------------------------------------------------------
Finished Handling Custom Attributes : Time (s): cpu = 00:00:06 ; elapsed = 00:00:07 . Memory (MB): peak = 2463.398 ; gain = 206.898
---------------------------------------------------------------------------------
---------------------------------------------------------------------------------
Finished RTL Optimization Phase 1 : Time (s): cpu = 00:00:06 ; elapsed = 00:00:07 . Memory (MB): peak = 2463.398 ; gain = 206.898
---------------------------------------------------------------------------------
Netlist sorting complete. Time (s): cpu = 00:00:00 ; elapsed = 00:00:00.013 . Memory (MB): peak = 2475.438 ; gain = 0.000
INFO: [Netlist 29-17] Analyzing 1 Unisim elements for replacement
INFO: [Netlist 29-28] Unisim Transformation completed in 0 CPU seconds
INFO: [Project 1-570] Preparing netlist for logic optimization

Processing XDC Constraints
Initializing timing engine
Parsing XDC File [D:/GitHub/fpga_learing/xvii_new_start/xvii_new_start.srcs/constrs_1/new/xvii_top.xdc]
Finished Parsing XDC File [D:/GitHub/fpga_learing/xvii_new_start/xvii_new_start.srcs/constrs_1/new/xvii_top.xdc]
Completed Processing XDC Constraints

Netlist sorting complete. Time (s): cpu = 00:00:00 ; elapsed = 00:00:00 . Memory (MB): peak = 2596.836 ; gain = 0.000
INFO: [Project 1-111] Unisim Transformation Summary:
  A total of 1 instances were transformed.
  IBUFDS => IBUFDS (DIFFINBUF, IBUFCTRL): 1 instance 

RTL Elaboration Complete:  : Time (s): cpu = 00:00:35 ; elapsed = 00:00:20 . Memory (MB): peak = 2833.898 ; gain = 577.398
11 Infos, 0 Warnings, 0 Critical Warnings and 0 Errors encountered.
synth_design completed successfully
synth_design: Time (s): cpu = 00:00:50 ; elapsed = 00:00:44 . Memory (MB): peak = 2833.898 ; gain = 1692.652
