Copyright 1986-2021 Xilinx, Inc. All Rights Reserved.
-----------------------------------------------------------------------------------------------------------------------------------------------------------------
| Tool Version : Vivado v.2020.2.2 (win64) Build 3118627 Tue Feb  9 05:14:06 MST 2021
| Date         : Fri Oct 10 12:06:00 2025
| Host         : DESKTOP-IMB8E6N running 64-bit major release  (build 9200)
| Command      : report_methodology -file XVIII_top_methodology_drc_routed.rpt -pb XVIII_top_methodology_drc_routed.pb -rpx XVIII_top_methodology_drc_routed.rpx
| Design       : XVIII_top
| Device       : xcku5p-ffvb676-2-i
| Speed File   : -2
| Design State : Fully Routed
-----------------------------------------------------------------------------------------------------------------------------------------------------------------

Report Methodology

Table of Contents
-----------------
1. REPORT SUMMARY
2. REPORT DETAILS

1. REPORT SUMMARY
-----------------
            Netlist: netlist
          Floorplan: design_1
      Design limits: <entire design considered>
             Max violations: <unlimited>
             Violations found: 3
+-----------+----------+-------------------------------+------------+
| Rule      | Severity | Description                   | Violations |
+-----------+----------+-------------------------------+------------+
| TIMING-18 | Warning  | Missing input or output delay | 3          |
+-----------+----------+-------------------------------+------------+

2. REPORT DETAILS
-----------------
TIMING-18#1 Warning
Missing input or output delay  
An input delay is missing on in_button_0 relative to clock(s) clock_system
Related violations: <none>

TIMING-18#2 Warning
Missing input or output delay  
An input delay is missing on rst_sys_n relative to clock(s) clock_system
Related violations: <none>

TIMING-18#3 Warning
Missing input or output delay  
An output delay is missing on out_led relative to clock(s) clock_system
Related violations: <none>


