Copyright 1986-2021 Xilinx, Inc. All Rights Reserved.
--------------------------------------------------------------------------------------
| Tool Version : Vivado v.2020.2.2 (win64) Build 3118627 Tue Feb  9 05:14:06 MST 2021
| Date         : Fri Oct 10 12:05:43 2025
| Host         : DESKTOP-IMB8E6N running 64-bit major release  (build 9200)
| Command      : report_control_sets -verbose -file XVIII_top_control_sets_placed.rpt
| Design       : XVIII_top
| Device       : xcku5p
--------------------------------------------------------------------------------------

Control Set Information

Table of Contents
-----------------
1. Summary
2. Histogram
3. Flip-Flop Distribution
4. Detailed Control Set Information

1. Summary
----------

+----------------------------------------------------------+-------+
|                          Status                          | Count |
+----------------------------------------------------------+-------+
| Total control sets                                       |     6 |
|    Minimum number of control sets                        |     6 |
|    Addition due to synthesis replication                 |     0 |
|    Addition due to physical synthesis replication        |     0 |
| Unused register locations in slices containing registers |     5 |
+----------------------------------------------------------+-------+
* Control sets can be merged at opt_design using control_set_merge or merge_equivalent_drivers
** Run report_qor_suggestions for automated merging and remapping suggestions


2. Histogram
------------

+--------------------+-------+
|       Fanout       | Count |
+--------------------+-------+
| Total control sets |     6 |
| >= 0 to < 4        |     2 |
| >= 4 to < 6        |     0 |
| >= 6 to < 8        |     0 |
| >= 8 to < 10       |     1 |
| >= 10 to < 12      |     0 |
| >= 12 to < 14      |     0 |
| >= 14 to < 16      |     0 |
| >= 16              |     3 |
+--------------------+-------+
* Control sets can be remapped at either synth_design or opt_design


3. Flip-Flop Distribution
-------------------------

+--------------+-----------------------+------------------------+-----------------+--------------+
| Clock Enable | Synchronous Set/Reset | Asynchronous Set/Reset | Total Registers | Total Slices |
+--------------+-----------------------+------------------------+-----------------+--------------+
| No           | No                    | No                     |             248 |           31 |
| No           | No                    | Yes                    |               2 |            1 |
| No           | Yes                   | No                     |              54 |           10 |
| Yes          | No                    | No                     |               0 |            0 |
| Yes          | No                    | Yes                    |               3 |            2 |
| Yes          | Yes                   | No                     |              48 |            6 |
+--------------+-----------------------+------------------------+-----------------+--------------+


4. Detailed Control Set Information
-----------------------------------

+---------------+--------------------------------------------------+-------------------------------------------------+------------------+----------------+--------------+
|  Clock Signal |                   Enable Signal                  |                 Set/Reset Signal                | Slice Load Count | Bel Load Count | Bels / Slice |
+---------------+--------------------------------------------------+-------------------------------------------------+------------------+----------------+--------------+
|  clk_sys_BUFG | button_0_inst/reg_event_release_reg_0            | rst_sys_n_IBUF_inst/O                           |                1 |              1 |         1.00 |
|  clk_sys_BUFG | button_0_inst/counter_inst/E[0]                  | rst_sys_n_IBUF_inst/O                           |                1 |              2 |         2.00 |
|  clk_sys_BUFG |                                                  | rst_sys_n_IBUF_inst/O                           |                5 |              8 |         1.60 |
|  clk_sys_BUFG |                                                  | button_0_inst/counter_inst/reg_count[0]_i_1_n_0 |                6 |             48 |         8.00 |
|  clk_sys_BUFG | button_0_inst/counter_inst/reg_valid_reg_n_0_[3] | rst_sys_n_IBUF_inst/O                           |                6 |             48 |         8.00 |
|  clk_sys_BUFG |                                                  |                                                 |               31 |            248 |         8.00 |
+---------------+--------------------------------------------------+-------------------------------------------------+------------------+----------------+--------------+


