#-----------------------------------------------------------
# Vivado v2020.2 (64-bit)
# SW Build 3064766 on Wed Nov 18 09:12:45 MST 2020
# IP Build 3064653 on Wed Nov 18 14:17:31 MST 2020
# Start of session at: Thu Sep  4 11:20:26 2025
# Process ID: 4912
# Current directory: D:/GitHub/fpga_learing/XVIII_beep_piano
# Command line: vivado.exe -gui_launcher_event rodinguilauncherevent6552 D:\GitHub\fpga_learing\XVIII_beep_piano\XVIII_beep_piano.xpr
# Log file: D:/GitHub/fpga_learing/XVIII_beep_piano/vivado.log
# Journal file: D:/GitHub/fpga_learing/XVIII_beep_piano\vivado.jou
#-----------------------------------------------------------
start_gui
open_project D:/GitHub/fpga_learing/XVIII_beep_piano/XVIII_beep_piano.xpr
WARNING: [filemgmt 56-3] Default IP Output Path : Could not find the directory 'D:/GitHub/fpga_learing/XVIII_beep_piano/XVIII_beep_piano.gen/sources_1'.
Scanning sources...
Finished scanning sources
INFO: [IP_Flow 19-234] Refreshing IP repositories
INFO: [IP_Flow 19-1704] No user IP repositories specified
INFO: [IP_Flow 19-2313] Loaded Vivado IP repository 'D:/Xilinx/Vivado/2020.2/data/ip'.
open_project: Time (s): cpu = 00:00:13 ; elapsed = 00:00:09 . Memory (MB): peak = 1136.500 ; gain = 0.000
update_compile_order -fileset sources_1
update_compile_order -fileset sources_1
