#-----------------------------------------------------------
# Vivado v2020.2 (64-bit)
# SW Build 3064766 on Wed Nov 18 09:12:45 MST 2020
# IP Build 3064653 on Wed Nov 18 14:17:31 MST 2020
# Start of session at: Tue Sep 23 15:22:40 2025
# Process ID: 12176
# Current directory: D:/GitHub/fpga_learing/XVIII_beep_piano
# Command line: vivado.exe -gui_launcher_event rodinguilauncherevent6132 D:\GitHub\fpga_learing\XVIII_beep_piano\XVIII_beep_piano.xpr
# Log file: D:/GitHub/fpga_learing/XVIII_beep_piano/vivado.log
# Journal file: D:/GitHub/fpga_learing/XVIII_beep_piano\vivado.jou
#-----------------------------------------------------------
start_gui
open_project D:/GitHub/fpga_learing/XVIII_beep_piano/XVIII_beep_piano.xpr
WARNING: [filemgmt 56-3] Default IP Output Path : Could not find the directory 'D:/GitHub/fpga_learing/XVIII_beep_piano/XVIII_beep_piano.gen/sources_1'.
Scanning sources...
Finished scanning sources
INFO: [IP_Flow 19-234] Refreshing IP repositories
INFO: [IP_Flow 19-1704] No user IP repositories specified
INFO: [IP_Flow 19-2313] Loaded Vivado IP repository 'D:/Xilinx/Vivado/2020.2/data/ip'.
open_project: Time (s): cpu = 00:00:13 ; elapsed = 00:00:10 . Memory (MB): peak = 1137.105 ; gain = 0.000
update_compile_order -fileset sources_1
set_property SOURCE_SET sources_1 [get_filesets sim_1]
close [ open D:/GitHub/fpga_learing/XVIII_beep_piano/XVIII_beep_piano.srcs/sim_1/new/tb_top.v w ]
add_files -fileset sim_1 D:/GitHub/fpga_learing/XVIII_beep_piano/XVIII_beep_piano.srcs/sim_1/new/tb_top.v
update_compile_order -fileset sim_1
synth_design -rtl -rtl_skip_mlo -name rtl_1
Command: synth_design -rtl -rtl_skip_mlo -name rtl_1
Starting synth_design
Using part: xcku5p-ffvb676-2-i
Top: XVIII_top
INFO: [Device 21-403] Loading part xcku5p-ffvb676-2-i
---------------------------------------------------------------------------------
Starting RTL Elaboration : Time (s): cpu = 00:00:04 ; elapsed = 00:00:04 . Memory (MB): peak = 2235.871 ; gain = 150.301
---------------------------------------------------------------------------------
INFO: [Synth 8-6157] synthesizing module 'XVIII_top' [D:/GitHub/fpga_learing/XVIII_beep_piano/XVIII_beep_piano.srcs/sources_1/new/XVIII_top.v:23]
INFO: [Synth 8-6157] synthesizing module 'IBUFDS' [D:/Xilinx/Vivado/2020.2/scripts/rt/data/unisim_comp.v:32998]
	Parameter CAPACITANCE bound to: DONT_CARE - type: string 
	Parameter DIFF_TERM bound to: FALSE - type: string 
	Parameter DQS_BIAS bound to: FALSE - type: string 
	Parameter IBUF_DELAY_VALUE bound to: 0 - type: string 
	Parameter IBUF_LOW_PWR bound to: TRUE - type: string 
	Parameter IFD_DELAY_VALUE bound to: AUTO - type: string 
	Parameter IOSTANDARD bound to: DEFAULT - type: string 
INFO: [Synth 8-6155] done synthesizing module 'IBUFDS' (1#1) [D:/Xilinx/Vivado/2020.2/scripts/rt/data/unisim_comp.v:32998]
INFO: [Synth 8-6157] synthesizing module 'button_debounce' [D:/GitHub/fpga_learing/XVIII_beep_piano/XVIII_beep_piano.srcs/sources_1/new/button_debounce.v:22]
	Parameter STATE_BTN_IDLE bound to: 2'b00 
	Parameter STATE_BTN_DOWN bound to: 2'b01 
	Parameter STATE_BTN_KEEP bound to: 2'b11 
	Parameter STATE_BTN_UP bound to: 2'b10 
INFO: [Synth 8-6157] synthesizing module 'counter' [D:/GitHub/fpga_learing/XVIII_beep_piano/XVIII_beep_piano.srcs/sources_1/new/counter.v:23]
	Parameter CLK_FREQUENCY_MHZ bound to: 100 - type: integer 
	Parameter COUNT_10_NS bound to: 0 - type: integer 
	Parameter COUNT_US bound to: 0 - type: integer 
	Parameter COUNT_MS bound to: 10 - type: integer 
	Parameter COUNT_S bound to: 0 - type: integer 
	Parameter TEN_NS bound to: 1 - type: integer 
	Parameter ONE_US bound to: 100 - type: integer 
	Parameter ONE_MS bound to: 100000 - type: integer 
	Parameter ONE_S bound to: 100000000 - type: integer 
	Parameter COUNT_MAX bound to: 64'b0000000000000000000000000000000000000000000011110100001000111111 
	Parameter COUNT_WIDTH bound to: 20 - type: integer 
INFO: [Synth 8-6155] done synthesizing module 'counter' (2#1) [D:/GitHub/fpga_learing/XVIII_beep_piano/XVIII_beep_piano.srcs/sources_1/new/counter.v:23]
INFO: [Synth 8-226] default block is never used [D:/GitHub/fpga_learing/XVIII_beep_piano/XVIII_beep_piano.srcs/sources_1/new/button_debounce.v:74]
INFO: [Synth 8-6155] done synthesizing module 'button_debounce' (3#1) [D:/GitHub/fpga_learing/XVIII_beep_piano/XVIII_beep_piano.srcs/sources_1/new/button_debounce.v:22]
INFO: [Synth 8-6155] done synthesizing module 'XVIII_top' (4#1) [D:/GitHub/fpga_learing/XVIII_beep_piano/XVIII_beep_piano.srcs/sources_1/new/XVIII_top.v:23]
---------------------------------------------------------------------------------
Finished RTL Elaboration : Time (s): cpu = 00:00:05 ; elapsed = 00:00:06 . Memory (MB): peak = 2312.070 ; gain = 226.500
---------------------------------------------------------------------------------
---------------------------------------------------------------------------------
Start Handling Custom Attributes
---------------------------------------------------------------------------------
---------------------------------------------------------------------------------
Finished Handling Custom Attributes : Time (s): cpu = 00:00:05 ; elapsed = 00:00:06 . Memory (MB): peak = 2318.332 ; gain = 232.762
---------------------------------------------------------------------------------
---------------------------------------------------------------------------------
Finished RTL Optimization Phase 1 : Time (s): cpu = 00:00:05 ; elapsed = 00:00:06 . Memory (MB): peak = 2318.332 ; gain = 232.762
---------------------------------------------------------------------------------
Netlist sorting complete. Time (s): cpu = 00:00:00 ; elapsed = 00:00:00.001 . Memory (MB): peak = 2330.383 ; gain = 0.000
INFO: [Netlist 29-17] Analyzing 1 Unisim elements for replacement
INFO: [Netlist 29-28] Unisim Transformation completed in 0 CPU seconds
INFO: [Project 1-570] Preparing netlist for logic optimization

Processing XDC Constraints
Initializing timing engine
Completed Processing XDC Constraints

Netlist sorting complete. Time (s): cpu = 00:00:00 ; elapsed = 00:00:00 . Memory (MB): peak = 2390.680 ; gain = 0.000
INFO: [Project 1-111] Unisim Transformation Summary:
  A total of 1 instances were transformed.
  IBUFDS => IBUFDS (DIFFINBUF, IBUFCTRL): 1 instance 

RTL Elaboration Complete:  : Time (s): cpu = 00:00:21 ; elapsed = 00:00:11 . Memory (MB): peak = 2668.621 ; gain = 583.051
14 Infos, 0 Warnings, 0 Critical Warnings and 0 Errors encountered.
synth_design completed successfully
synth_design: Time (s): cpu = 00:00:34 ; elapsed = 00:00:35 . Memory (MB): peak = 2668.621 ; gain = 1531.516
place_ports clk_sys_p V24
set_property IOSTANDARD DIFF_SSTL12 [get_ports [list clk_sys_p]]
set_property package_pin "" [get_ports [list  rst_sys_n]]
set_property IOSTANDARD LVCMOS18 [get_ports [list rst_sys_n]]
place_ports rst_sys_n W19
place_ports out_led AC16
set_property IOSTANDARD LVCMOS18 [get_ports [list out_led]]
place_ports in_button_0 AB16
set_property IOSTANDARD LVCMOS18 [get_ports [list in_button_0]]
file mkdir D:/GitHub/fpga_learing/XVIII_beep_piano/XVIII_beep_piano.srcs/constrs_1/new
close [ open D:/GitHub/fpga_learing/XVIII_beep_piano/XVIII_beep_piano.srcs/constrs_1/new/beep_piano.xdc w ]
add_files -fileset constrs_1 D:/GitHub/fpga_learing/XVIII_beep_piano/XVIII_beep_piano.srcs/constrs_1/new/beep_piano.xdc
set_property target_constrs_file D:/GitHub/fpga_learing/XVIII_beep_piano/XVIII_beep_piano.srcs/constrs_1/new/beep_piano.xdc [current_fileset -constrset]
save_constraints -force
launch_runs impl_1 -to_step write_bitstream -jobs 6
[Wed Sep 24 15:21:14 2025] Launched synth_1...
Run output will be captured here: D:/GitHub/fpga_learing/XVIII_beep_piano/XVIII_beep_piano.runs/synth_1/runme.log
[Wed Sep 24 15:21:14 2025] Launched impl_1...
Run output will be captured here: D:/GitHub/fpga_learing/XVIII_beep_piano/XVIII_beep_piano.runs/impl_1/runme.log
refresh_design
INFO: [Project 1-570] Preparing netlist for logic optimization

Processing XDC Constraints
Initializing timing engine
Parsing XDC File [D:/GitHub/fpga_learing/XVIII_beep_piano/XVIII_beep_piano.srcs/constrs_1/new/beep_piano.xdc]
Finished Parsing XDC File [D:/GitHub/fpga_learing/XVIII_beep_piano/XVIII_beep_piano.srcs/constrs_1/new/beep_piano.xdc]
Completed Processing XDC Constraints

refresh_design: Time (s): cpu = 00:00:14 ; elapsed = 00:00:08 . Memory (MB): peak = 2809.996 ; gain = 1.340
open_hw_manager
connect_hw_server -allow_non_jtag
INFO: [Labtools 27-2285] Connecting to hw_server url TCP:localhost:3121
INFO: [Labtools 27-2222] Launching hw_server...
INFO: [Labtools 27-2221] Launch Output:

****** Xilinx hw_server v2020.2
  **** Build date : Nov 18 2020 at 10:01:48
    ** Copyright 1986-2020 Xilinx, Inc. All Rights Reserved.


INFO: [Labtools 27-3415] Connecting to cs_server url TCP:localhost:3042
INFO: [Labtools 27-3417] Launching cs_server...
INFO: [Labtools 27-2221] Launch Output:


******** Xilinx cs_server v2020.2
  ****** Build date   : Nov 04 2020-05:02:56
    **** Build number : 2020.2.1604437376
      ** Copyright 2017-2020 Xilinx, Inc. All Rights Reserved.



connect_hw_server: Time (s): cpu = 00:00:00 ; elapsed = 00:00:10 . Memory (MB): peak = 2944.270 ; gain = 2.680
open_hw_target
INFO: [Labtoolstcl 44-466] Opening hw_target localhost:3121/xilinx_tcf/Digilent/C306BF52ABCD
open_hw_target: Time (s): cpu = 00:00:05 ; elapsed = 00:00:06 . Memory (MB): peak = 4381.652 ; gain = 1437.383
set_property PROGRAM.FILE {D:/GitHub/fpga_learing/XVIII_beep_piano/XVIII_beep_piano.runs/impl_1/XVIII_top.bit} [get_hw_devices xcku5p_0]
current_hw_device [get_hw_devices xcku5p_0]
refresh_hw_device -update_hw_probes false [lindex [get_hw_devices xcku5p_0] 0]
INFO: [Labtools 27-1434] Device xcku5p (JTAG device index = 0) is programmed with a design that has no supported debug core(s) in it.
set_property PROBES.FILE {} [get_hw_devices xcku5p_0]
set_property FULL_PROBES.FILE {} [get_hw_devices xcku5p_0]
set_property PROGRAM.FILE {D:/GitHub/fpga_learing/XVIII_beep_piano/XVIII_beep_piano.runs/impl_1/XVIII_top.bit} [get_hw_devices xcku5p_0]
program_hw_devices [get_hw_devices xcku5p_0]
INFO: [Labtools 27-3164] End of startup status: HIGH
refresh_hw_device [lindex [get_hw_devices xcku5p_0] 0]
INFO: [Labtools 27-1434] Device xcku5p (JTAG device index = 0) is programmed with a design that has no supported debug core(s) in it.
ERROR: [Labtoolstcl 44-513] HW Target shutdown. Closing target: localhost:3121/xilinx_tcf/Digilent/C306BF52ABCD
INFO: [Labtoolstcl 44-466] Opening hw_target localhost:3121/xilinx_tcf/Digilent/C306BF52ABCD
INFO: [Labtools 27-1434] Device xcku5p (JTAG device index = 0) is programmed with a design that has no supported debug core(s) in it.
WARNING: [Labtoolstcl 44-129] No matching hw_ila_data was found.
set_property PROBES.FILE {} [get_hw_devices xcku5p_0]
set_property FULL_PROBES.FILE {} [get_hw_devices xcku5p_0]
set_property PROGRAM.FILE {D:/GitHub/fpga_learing/XVIII_beep_piano/XVIII_beep_piano.runs/impl_1/XVIII_top.bit} [get_hw_devices xcku5p_0]
program_hw_devices [get_hw_devices xcku5p_0]
INFO: [Labtools 27-3164] End of startup status: HIGH
refresh_hw_device [lindex [get_hw_devices xcku5p_0] 0]
INFO: [Labtools 27-1434] Device xcku5p (JTAG device index = 0) is programmed with a design that has no supported debug core(s) in it.
ERROR: [Labtoolstcl 44-513] HW Target shutdown. Closing target: localhost:3121/xilinx_tcf/Digilent/C306BF52ABCD
close_hw_manager
set_property IOSTANDARD LVCMOS18 [get_ports [list out_led]]
place_ports in_button_0 W20
save_constraints
reset_run impl_1
launch_runs impl_1 -to_step write_bitstream -jobs 6
[Wed Sep 24 16:30:34 2025] Launched impl_1...
Run output will be captured here: D:/GitHub/fpga_learing/XVIII_beep_piano/XVIII_beep_piano.runs/impl_1/runme.log
open_hw_manager
connect_hw_server -allow_non_jtag
INFO: [Labtools 27-2285] Connecting to hw_server url TCP:localhost:3121
INFO: [Labtools 27-2222] Launching hw_server...
INFO: [Labtools 27-2221] Launch Output:

****** Xilinx hw_server v2020.2
  **** Build date : Nov 18 2020 at 10:01:48
    ** Copyright 1986-2020 Xilinx, Inc. All Rights Reserved.


INFO: [Labtools 27-3415] Connecting to cs_server url TCP:localhost:3042
INFO: [Labtools 27-3417] Launching cs_server...
INFO: [Labtools 27-2221] Launch Output:


******** Xilinx cs_server v2020.2
  ****** Build date   : Nov 04 2020-05:02:56
    **** Build number : 2020.2.1604437376
      ** Copyright 2017-2020 Xilinx, Inc. All Rights Reserved.



connect_hw_server: Time (s): cpu = 00:00:00 ; elapsed = 00:00:08 . Memory (MB): peak = 4432.375 ; gain = 0.000
open_hw_target
INFO: [Labtoolstcl 44-466] Opening hw_target localhost:3121/xilinx_tcf/Digilent/C306BF52ABCD
set_property PROGRAM.FILE {D:/GitHub/fpga_learing/XVIII_beep_piano/XVIII_beep_piano.runs/impl_1/XVIII_top.bit} [get_hw_devices xcku5p_0]
current_hw_device [get_hw_devices xcku5p_0]
refresh_hw_device -update_hw_probes false [lindex [get_hw_devices xcku5p_0] 0]
INFO: [Labtools 27-1434] Device xcku5p (JTAG device index = 0) is programmed with a design that has no supported debug core(s) in it.
set_property PROBES.FILE {} [get_hw_devices xcku5p_0]
set_property FULL_PROBES.FILE {} [get_hw_devices xcku5p_0]
set_property PROGRAM.FILE {D:/GitHub/fpga_learing/XVIII_beep_piano/XVIII_beep_piano.runs/impl_1/XVIII_top.bit} [get_hw_devices xcku5p_0]
program_hw_devices [get_hw_devices xcku5p_0]
INFO: [Labtools 27-3164] End of startup status: HIGH
refresh_hw_device [lindex [get_hw_devices xcku5p_0] 0]
INFO: [Labtools 27-1434] Device xcku5p (JTAG device index = 0) is programmed with a design that has no supported debug core(s) in it.
close_hw_manager
close [ open D:/GitHub/fpga_learing/XVIII_beep_piano/XVIII_beep_piano.srcs/sources_1/new/beeper.v w ]
add_files D:/GitHub/fpga_learing/XVIII_beep_piano/XVIII_beep_piano.srcs/sources_1/new/beeper.v
refresh_design
---------------------------------------------------------------------------------
Starting RTL Elaboration : Time (s): cpu = 00:00:05 ; elapsed = 00:00:06 . Memory (MB): peak = 4506.230 ; gain = 73.855
---------------------------------------------------------------------------------
INFO: [Synth 8-6157] synthesizing module 'XVIII_top' [D:/GitHub/fpga_learing/XVIII_beep_piano/XVIII_beep_piano.srcs/sources_1/new/XVIII_top.v:23]
INFO: [Synth 8-6157] synthesizing module 'IBUFDS' [D:/Xilinx/Vivado/2020.2/scripts/rt/data/unisim_comp.v:32998]
	Parameter CAPACITANCE bound to: DONT_CARE - type: string 
	Parameter DIFF_TERM bound to: FALSE - type: string 
	Parameter DQS_BIAS bound to: FALSE - type: string 
	Parameter IBUF_DELAY_VALUE bound to: 0 - type: string 
	Parameter IBUF_LOW_PWR bound to: TRUE - type: string 
	Parameter IFD_DELAY_VALUE bound to: AUTO - type: string 
	Parameter IOSTANDARD bound to: DEFAULT - type: string 
INFO: [Synth 8-6155] done synthesizing module 'IBUFDS' (1#1) [D:/Xilinx/Vivado/2020.2/scripts/rt/data/unisim_comp.v:32998]
INFO: [Synth 8-6157] synthesizing module 'button_debounce' [D:/GitHub/fpga_learing/XVIII_beep_piano/XVIII_beep_piano.srcs/sources_1/new/button_debounce.v:22]
	Parameter STATE_BTN_IDLE bound to: 2'b00 
	Parameter STATE_BTN_DOWN bound to: 2'b01 
	Parameter STATE_BTN_KEEP bound to: 2'b11 
	Parameter STATE_BTN_UP bound to: 2'b10 
INFO: [Synth 8-6157] synthesizing module 'counter' [D:/GitHub/fpga_learing/XVIII_beep_piano/XVIII_beep_piano.srcs/sources_1/new/counter.v:23]
	Parameter CLK_FREQUENCY_MHZ bound to: 100 - type: integer 
	Parameter COUNT_10_NS bound to: 0 - type: integer 
	Parameter COUNT_US bound to: 0 - type: integer 
	Parameter COUNT_MS bound to: 10 - type: integer 
	Parameter COUNT_S bound to: 0 - type: integer 
	Parameter TEN_NS bound to: 1 - type: integer 
	Parameter ONE_US bound to: 100 - type: integer 
	Parameter ONE_MS bound to: 100000 - type: integer 
	Parameter ONE_S bound to: 100000000 - type: integer 
	Parameter COUNT_MAX bound to: 64'b0000000000000000000000000000000000000000000011110100001000111111 
	Parameter COUNT_WIDTH bound to: 20 - type: integer 
INFO: [Synth 8-6155] done synthesizing module 'counter' (2#1) [D:/GitHub/fpga_learing/XVIII_beep_piano/XVIII_beep_piano.srcs/sources_1/new/counter.v:23]
INFO: [Synth 8-226] default block is never used [D:/GitHub/fpga_learing/XVIII_beep_piano/XVIII_beep_piano.srcs/sources_1/new/button_debounce.v:74]
INFO: [Synth 8-6155] done synthesizing module 'button_debounce' (3#1) [D:/GitHub/fpga_learing/XVIII_beep_piano/XVIII_beep_piano.srcs/sources_1/new/button_debounce.v:22]
INFO: [Synth 8-6155] done synthesizing module 'XVIII_top' (4#1) [D:/GitHub/fpga_learing/XVIII_beep_piano/XVIII_beep_piano.srcs/sources_1/new/XVIII_top.v:23]
---------------------------------------------------------------------------------
Finished RTL Elaboration : Time (s): cpu = 00:00:06 ; elapsed = 00:00:07 . Memory (MB): peak = 4545.105 ; gain = 112.730
---------------------------------------------------------------------------------
---------------------------------------------------------------------------------
Start Handling Custom Attributes
---------------------------------------------------------------------------------
---------------------------------------------------------------------------------
Finished Handling Custom Attributes : Time (s): cpu = 00:00:06 ; elapsed = 00:00:07 . Memory (MB): peak = 4567.734 ; gain = 135.359
---------------------------------------------------------------------------------
---------------------------------------------------------------------------------
Finished RTL Optimization Phase 1 : Time (s): cpu = 00:00:06 ; elapsed = 00:00:07 . Memory (MB): peak = 4567.734 ; gain = 135.359
---------------------------------------------------------------------------------
Netlist sorting complete. Time (s): cpu = 00:00:00 ; elapsed = 00:00:00.001 . Memory (MB): peak = 4579.344 ; gain = 0.000
INFO: [Netlist 29-17] Analyzing 1 Unisim elements for replacement
INFO: [Netlist 29-28] Unisim Transformation completed in 0 CPU seconds
INFO: [Project 1-570] Preparing netlist for logic optimization

Processing XDC Constraints
Initializing timing engine
Parsing XDC File [D:/GitHub/fpga_learing/XVIII_beep_piano/XVIII_beep_piano.srcs/constrs_1/new/beep_piano.xdc]
Finished Parsing XDC File [D:/GitHub/fpga_learing/XVIII_beep_piano/XVIII_beep_piano.srcs/constrs_1/new/beep_piano.xdc]
Completed Processing XDC Constraints

refresh_design: Time (s): cpu = 00:00:20 ; elapsed = 00:00:16 . Memory (MB): peak = 5121.449 ; gain = 689.074
update_compile_order -fileset sources_1
refresh_design
---------------------------------------------------------------------------------
Starting RTL Elaboration : Time (s): cpu = 00:00:04 ; elapsed = 00:00:05 . Memory (MB): peak = 5200.867 ; gain = 0.000
---------------------------------------------------------------------------------
INFO: [Synth 8-6157] synthesizing module 'XVIII_top' [D:/GitHub/fpga_learing/XVIII_beep_piano/XVIII_beep_piano.srcs/sources_1/new/XVIII_top.v:23]
INFO: [Synth 8-6157] synthesizing module 'IBUFDS' [D:/Xilinx/Vivado/2020.2/scripts/rt/data/unisim_comp.v:32998]
	Parameter CAPACITANCE bound to: DONT_CARE - type: string 
	Parameter DIFF_TERM bound to: FALSE - type: string 
	Parameter DQS_BIAS bound to: FALSE - type: string 
	Parameter IBUF_DELAY_VALUE bound to: 0 - type: string 
	Parameter IBUF_LOW_PWR bound to: TRUE - type: string 
	Parameter IFD_DELAY_VALUE bound to: AUTO - type: string 
	Parameter IOSTANDARD bound to: DEFAULT - type: string 
INFO: [Synth 8-6155] done synthesizing module 'IBUFDS' (1#1) [D:/Xilinx/Vivado/2020.2/scripts/rt/data/unisim_comp.v:32998]
INFO: [Synth 8-6157] synthesizing module 'button_debounce' [D:/GitHub/fpga_learing/XVIII_beep_piano/XVIII_beep_piano.srcs/sources_1/new/button_debounce.v:22]
	Parameter STATE_BTN_IDLE bound to: 2'b00 
	Parameter STATE_BTN_DOWN bound to: 2'b01 
	Parameter STATE_BTN_KEEP bound to: 2'b11 
	Parameter STATE_BTN_UP bound to: 2'b10 
	Parameter REAL_CLK_FREQ bound to: 100 - type: integer 
	Parameter TEST_CLK_FREQ bound to: 1 - type: integer 
INFO: [Synth 8-6157] synthesizing module 'counter' [D:/GitHub/fpga_learing/XVIII_beep_piano/XVIII_beep_piano.srcs/sources_1/new/counter.v:23]
	Parameter CLK_FREQ_100_MHZ bound to: 100 - type: integer 
	Parameter CLK_FREQ_50_MHZ bound to: 50 - type: integer 
	Parameter CLK_FREQ_1_MHZ bound to: 1 - type: integer 
INFO: [Synth 8-6155] done synthesizing module 'counter' (2#1) [D:/GitHub/fpga_learing/XVIII_beep_piano/XVIII_beep_piano.srcs/sources_1/new/counter.v:23]
INFO: [Synth 8-226] default block is never used [D:/GitHub/fpga_learing/XVIII_beep_piano/XVIII_beep_piano.srcs/sources_1/new/button_debounce.v:79]
INFO: [Synth 8-6155] done synthesizing module 'button_debounce' (3#1) [D:/GitHub/fpga_learing/XVIII_beep_piano/XVIII_beep_piano.srcs/sources_1/new/button_debounce.v:22]
INFO: [Synth 8-6155] done synthesizing module 'XVIII_top' (4#1) [D:/GitHub/fpga_learing/XVIII_beep_piano/XVIII_beep_piano.srcs/sources_1/new/XVIII_top.v:23]
---------------------------------------------------------------------------------
Finished RTL Elaboration : Time (s): cpu = 00:00:05 ; elapsed = 00:00:06 . Memory (MB): peak = 5200.867 ; gain = 0.000
---------------------------------------------------------------------------------
---------------------------------------------------------------------------------
Start Handling Custom Attributes
---------------------------------------------------------------------------------
---------------------------------------------------------------------------------
Finished Handling Custom Attributes : Time (s): cpu = 00:00:05 ; elapsed = 00:00:06 . Memory (MB): peak = 5200.867 ; gain = 0.000
---------------------------------------------------------------------------------
---------------------------------------------------------------------------------
Finished RTL Optimization Phase 1 : Time (s): cpu = 00:00:05 ; elapsed = 00:00:06 . Memory (MB): peak = 5200.867 ; gain = 0.000
---------------------------------------------------------------------------------
Netlist sorting complete. Time (s): cpu = 00:00:00 ; elapsed = 00:00:00.018 . Memory (MB): peak = 5200.867 ; gain = 0.000
INFO: [Netlist 29-17] Analyzing 1 Unisim elements for replacement
INFO: [Netlist 29-28] Unisim Transformation completed in 0 CPU seconds
INFO: [Project 1-570] Preparing netlist for logic optimization

Processing XDC Constraints
Initializing timing engine
Parsing XDC File [D:/GitHub/fpga_learing/XVIII_beep_piano/XVIII_beep_piano.srcs/constrs_1/new/beep_piano.xdc]
Finished Parsing XDC File [D:/GitHub/fpga_learing/XVIII_beep_piano/XVIII_beep_piano.srcs/constrs_1/new/beep_piano.xdc]
Completed Processing XDC Constraints

refresh_design: Time (s): cpu = 00:00:18 ; elapsed = 00:00:14 . Memory (MB): peak = 5200.867 ; gain = 0.000
launch_simulation -install_path C:/questasim64_2020.1/win64 -gcc_install_path C:/gcc/gcc-7.3.0-no-debug/bin
Command: launch_simulation -install_path C:/questasim64_2020.1/win64 -gcc_install_path C:/gcc/gcc-7.3.0-no-debug/bin
INFO: [Vivado 12-5682] Launching behavioral simulation in 'D:/GitHub/fpga_learing/XVIII_beep_piano/XVIII_beep_piano.sim/sim_1/behav/questa'
INFO: [USF-Questa-47] Finding simulator installation...
INFO: [USF-Questa-50] Using simulator executables from 'C:/questasim64_2020.1/win64/vsim.exe'
INFO: [SIM-utils-51] Simulation object is 'sim_1'
INFO: [USF-Questa-7] Finding pre-compiled libraries...
INFO: [USF_Questa-11] File 'D:/Xilinx/Vivado_Questa_Lib/modelsim.ini' copied to run dir:'D:/GitHub/fpga_learing/XVIII_beep_piano/XVIII_beep_piano.sim/sim_1/behav/questa'
INFO: [SIM-utils-54] Inspecting design source files for 'tb_button_debounce' in fileset 'sim_1'...
INFO: [USF-Questa-107] Finding global include files...
INFO: [USF-Questa-108] Finding include directories and verilog header directory paths...
INFO: [USF-Questa-109] Fetching design files from 'sim_1'...
INFO: [USF-Questa-2] Questa::Compile design
INFO: [USF-Questa-15] Creating automatic 'do' files...
INFO: [USF-Questa-69] Executing 'COMPILE and ANALYZE' step in 'D:/GitHub/fpga_learing/XVIII_beep_piano/XVIII_beep_piano.sim/sim_1/behav/questa'
Reading pref.tcl

# 2020.1

# do {tb_button_debounce_compile.do}
# ** Warning: (vlib-34) Library already exists at "questa_lib/work".
# ** Warning: (vlib-34) Library already exists at "questa_lib/msim".
# ** Warning: (vlib-34) Library already exists at "questa_lib/msim/xil_defaultlib".
# QuestaSim-64 vmap 2020.1 Lib Mapping Utility 2020.01 Jan 28 2020
# vmap xil_defaultlib questa_lib/msim/xil_defaultlib 
# Modifying modelsim.ini
# QuestaSim-64 vlog 2020.1 Compiler 2020.01 Jan 28 2020
# Start time: 16:47:34 on Sep 25,2025
# vlog -incr -work xil_defaultlib ../../../../XVIII_beep_piano.srcs/sources_1/new/button_debounce.v ../../../../XVIII_beep_piano.srcs/sources_1/new/counter.v ../../../../XVIII_beep_piano.srcs/sim_1/new/tb_button_debounce.v 
# -- Compiling module button_debounce
# -- Compiling module counter
# -- Compiling module tb_button_debounce
# 
# Top level modules:
# 	tb_button_debounce
# End time: 16:47:34 on Sep 25,2025, Elapsed time: 0:00:00
# Errors: 0, Warnings: 0
# QuestaSim-64 vlog 2020.1 Compiler 2020.01 Jan 28 2020
# Start time: 16:47:34 on Sep 25,2025
# vlog -work xil_defaultlib glbl.v 
# -- Compiling module glbl
# 
# Top level modules:
# 	glbl
# End time: 16:47:34 on Sep 25,2025, Elapsed time: 0:00:00
# Errors: 0, Warnings: 0
INFO: [USF-Questa-69] 'compile' step finished in '2' seconds
INFO: [USF-Questa-3] Questa::Elaborate design
INFO: [USF-Questa-69] Executing 'ELABORATE' step in 'D:/GitHub/fpga_learing/XVIII_beep_piano/XVIII_beep_piano.sim/sim_1/behav/questa'
Reading pref.tcl

# 2020.1

# do {tb_button_debounce_elaborate.do}
# QuestaSim-64 vopt 2020.1 Compiler 2020.01 Jan 28 2020
# Start time: 16:47:35 on Sep 25,2025
# vopt "+acc=npr" -L xil_defaultlib -L unisims_ver -L unimacro_ver -L secureip -work xil_defaultlib xil_defaultlib.tb_button_debounce xil_defaultlib.glbl -o tb_button_debounce_opt 
# 
# Top level modules:
# 	tb_button_debounce
# 	glbl
# 
# Analyzing design...
# -- Loading module tb_button_debounce
# -- Loading module glbl
# -- Loading module button_debounce
# -- Loading module counter
# Incremental compilation check found 1 design-unit (out of 4) may be reused.
# Optimizing 3 design-units (inlining 0/4 module instances):
# -- Optimizing module counter(fast)
# -- Optimizing module button_debounce(fast)
# -- Optimizing module tb_button_debounce(fast)
# Optimized design name is tb_button_debounce_opt
# End time: 16:47:36 on Sep 25,2025, Elapsed time: 0:00:01
# Errors: 0, Warnings: 0
INFO: [USF-Questa-69] 'elaborate' step finished in '2' seconds
INFO: [USF-Questa-4] Questa::Simulate design
INFO: [USF-Questa-69] Executing 'SIMULATE' step in 'D:/GitHub/fpga_learing/XVIII_beep_piano/XVIII_beep_piano.sim/sim_1/behav/questa'
Program launched (PID=17488)
launch_simulation: Time (s): cpu = 00:00:01 ; elapsed = 00:00:05 . Memory (MB): peak = 5200.867 ; gain = 0.000
reset_run synth_1
launch_runs impl_1 -to_step write_bitstream -jobs 6
[Thu Sep 25 16:52:12 2025] Launched synth_1...
Run output will be captured here: D:/GitHub/fpga_learing/XVIII_beep_piano/XVIII_beep_piano.runs/synth_1/runme.log
[Thu Sep 25 16:52:12 2025] Launched impl_1...
Run output will be captured here: D:/GitHub/fpga_learing/XVIII_beep_piano/XVIII_beep_piano.runs/impl_1/runme.log
open_hw_manager
connect_hw_server -allow_non_jtag
INFO: [Labtools 27-2285] Connecting to hw_server url TCP:localhost:3121
INFO: [Labtools 27-2222] Launching hw_server...
INFO: [Labtools 27-2221] Launch Output:

****** Xilinx hw_server v2020.2
  **** Build date : Nov 18 2020 at 10:01:48
    ** Copyright 1986-2020 Xilinx, Inc. All Rights Reserved.


INFO: [Labtools 27-3415] Connecting to cs_server url TCP:localhost:3042
INFO: [Labtools 27-3417] Launching cs_server...
INFO: [Labtools 27-2221] Launch Output:


******** Xilinx cs_server v2020.2
  ****** Build date   : Nov 04 2020-05:02:56
    **** Build number : 2020.2.1604437376
      ** Copyright 2017-2020 Xilinx, Inc. All Rights Reserved.



connect_hw_server: Time (s): cpu = 00:00:00 ; elapsed = 00:00:10 . Memory (MB): peak = 5200.867 ; gain = 0.000
disconnect_hw_server localhost:3121
connect_hw_server -allow_non_jtag
INFO: [Labtools 27-2285] Connecting to hw_server url TCP:localhost:3121
INFO: [Labtools 27-3415] Connecting to cs_server url TCP:localhost:3042
INFO: [Labtools 27-3414] Connected to existing cs_server.
open_hw_target
INFO: [Labtoolstcl 44-466] Opening hw_target localhost:3121/xilinx_tcf/Digilent/C306BF52ABCD
set_property PROGRAM.FILE {D:/GitHub/fpga_learing/XVIII_beep_piano/XVIII_beep_piano.runs/impl_1/XVIII_top.bit} [get_hw_devices xcku5p_0]
current_hw_device [get_hw_devices xcku5p_0]
refresh_hw_device -update_hw_probes false [lindex [get_hw_devices xcku5p_0] 0]
INFO: [Labtools 27-1434] Device xcku5p (JTAG device index = 0) is programmed with a design that has no supported debug core(s) in it.
set_property PROBES.FILE {} [get_hw_devices xcku5p_0]
set_property FULL_PROBES.FILE {} [get_hw_devices xcku5p_0]
set_property PROGRAM.FILE {D:/GitHub/fpga_learing/XVIII_beep_piano/XVIII_beep_piano.runs/impl_1/XVIII_top.bit} [get_hw_devices xcku5p_0]
program_hw_devices [get_hw_devices xcku5p_0]
INFO: [Labtools 27-3164] End of startup status: HIGH
refresh_hw_device [lindex [get_hw_devices xcku5p_0] 0]
INFO: [Labtools 27-1434] Device xcku5p (JTAG device index = 0) is programmed with a design that has no supported debug core(s) in it.
ERROR: [Labtoolstcl 44-513] HW Target shutdown. Closing target: localhost:3121/xilinx_tcf/Digilent/C306BF52ABCD
close_hw_manager
exit
INFO: [Common 17-206] Exiting Vivado at Fri Sep 26 11:52:33 2025...
