#-----------------------------------------------------------
# Vivado v2020.2 (64-bit)
# SW Build 3064766 on Wed Nov 18 09:12:45 MST 2020
# IP Build 3064653 on Wed Nov 18 14:17:31 MST 2020
# Start of session at: Fri Sep 26 11:52:42 2025
# Process ID: 24484
# Current directory: D:/GitHub/fpga_learing/XVIII_beep_piano
# Command line: vivado.exe -gui_launcher_event rodinguilauncherevent5964 D:\GitHub\fpga_learing\XVIII_beep_piano\XVIII_beep_piano.xpr
# Log file: D:/GitHub/fpga_learing/XVIII_beep_piano/vivado.log
# Journal file: D:/GitHub/fpga_learing/XVIII_beep_piano\vivado.jou
#-----------------------------------------------------------
start_gui
open_project D:/GitHub/fpga_learing/XVIII_beep_piano/XVIII_beep_piano.xpr
WARNING: [filemgmt 56-3] Default IP Output Path : Could not find the directory 'D:/GitHub/fpga_learing/XVIII_beep_piano/XVIII_beep_piano.gen/sources_1'.
Scanning sources...
Finished scanning sources
INFO: [IP_Flow 19-234] Refreshing IP repositories
INFO: [IP_Flow 19-1704] No user IP repositories specified
INFO: [IP_Flow 19-2313] Loaded Vivado IP repository 'D:/Xilinx/Vivado/2020.2/data/ip'.
open_project: Time (s): cpu = 00:00:15 ; elapsed = 00:00:10 . Memory (MB): peak = 1137.285 ; gain = 0.000
update_compile_order -fileset sources_1
synth_design -rtl -rtl_skip_mlo -name rtl_1
Command: synth_design -rtl -rtl_skip_mlo -name rtl_1
Starting synth_design
Using part: xcku5p-ffvb676-2-i
Top: XVIII_top
INFO: [Device 21-403] Loading part xcku5p-ffvb676-2-i
---------------------------------------------------------------------------------
Starting RTL Elaboration : Time (s): cpu = 00:00:04 ; elapsed = 00:00:04 . Memory (MB): peak = 2242.109 ; gain = 151.477
---------------------------------------------------------------------------------
INFO: [Synth 8-6157] synthesizing module 'XVIII_top' [D:/GitHub/fpga_learing/XVIII_beep_piano/XVIII_beep_piano.srcs/sources_1/new/XVIII_top.v:23]
INFO: [Synth 8-6157] synthesizing module 'IBUFDS' [D:/Xilinx/Vivado/2020.2/scripts/rt/data/unisim_comp.v:32998]
	Parameter CAPACITANCE bound to: DONT_CARE - type: string 
	Parameter DIFF_TERM bound to: FALSE - type: string 
	Parameter DQS_BIAS bound to: FALSE - type: string 
	Parameter IBUF_DELAY_VALUE bound to: 0 - type: string 
	Parameter IBUF_LOW_PWR bound to: TRUE - type: string 
	Parameter IFD_DELAY_VALUE bound to: AUTO - type: string 
	Parameter IOSTANDARD bound to: DEFAULT - type: string 
INFO: [Synth 8-6155] done synthesizing module 'IBUFDS' (1#1) [D:/Xilinx/Vivado/2020.2/scripts/rt/data/unisim_comp.v:32998]
INFO: [Synth 8-6157] synthesizing module 'button_debounce' [D:/GitHub/fpga_learing/XVIII_beep_piano/XVIII_beep_piano.srcs/sources_1/new/button_debounce.v:22]
	Parameter STATE_BTN_IDLE bound to: 2'b00 
	Parameter STATE_BTN_DOWN bound to: 2'b01 
	Parameter STATE_BTN_KEEP bound to: 2'b11 
	Parameter STATE_BTN_UP bound to: 2'b10 
	Parameter REAL_CLK_FREQ bound to: 100 - type: integer 
	Parameter TEST_CLK_FREQ bound to: 1 - type: integer 
INFO: [Synth 8-6157] synthesizing module 'counter' [D:/GitHub/fpga_learing/XVIII_beep_piano/XVIII_beep_piano.srcs/sources_1/new/counter.v:23]
	Parameter CLK_FREQ_100_MHZ bound to: 100 - type: integer 
	Parameter CLK_FREQ_50_MHZ bound to: 50 - type: integer 
	Parameter CLK_FREQ_1_MHZ bound to: 1 - type: integer 
INFO: [Synth 8-6155] done synthesizing module 'counter' (2#1) [D:/GitHub/fpga_learing/XVIII_beep_piano/XVIII_beep_piano.srcs/sources_1/new/counter.v:23]
INFO: [Synth 8-226] default block is never used [D:/GitHub/fpga_learing/XVIII_beep_piano/XVIII_beep_piano.srcs/sources_1/new/button_debounce.v:79]
INFO: [Synth 8-6155] done synthesizing module 'button_debounce' (3#1) [D:/GitHub/fpga_learing/XVIII_beep_piano/XVIII_beep_piano.srcs/sources_1/new/button_debounce.v:22]
INFO: [Synth 8-6155] done synthesizing module 'XVIII_top' (4#1) [D:/GitHub/fpga_learing/XVIII_beep_piano/XVIII_beep_piano.srcs/sources_1/new/XVIII_top.v:23]
---------------------------------------------------------------------------------
Finished RTL Elaboration : Time (s): cpu = 00:00:05 ; elapsed = 00:00:05 . Memory (MB): peak = 2290.211 ; gain = 199.578
---------------------------------------------------------------------------------
---------------------------------------------------------------------------------
Start Handling Custom Attributes
---------------------------------------------------------------------------------
---------------------------------------------------------------------------------
Finished Handling Custom Attributes : Time (s): cpu = 00:00:05 ; elapsed = 00:00:06 . Memory (MB): peak = 2309.121 ; gain = 218.488
---------------------------------------------------------------------------------
---------------------------------------------------------------------------------
Finished RTL Optimization Phase 1 : Time (s): cpu = 00:00:05 ; elapsed = 00:00:06 . Memory (MB): peak = 2309.121 ; gain = 218.488
---------------------------------------------------------------------------------
Netlist sorting complete. Time (s): cpu = 00:00:00 ; elapsed = 00:00:00.017 . Memory (MB): peak = 2321.148 ; gain = 0.000
INFO: [Netlist 29-17] Analyzing 1 Unisim elements for replacement
INFO: [Netlist 29-28] Unisim Transformation completed in 0 CPU seconds
INFO: [Project 1-570] Preparing netlist for logic optimization

Processing XDC Constraints
Initializing timing engine
Parsing XDC File [D:/GitHub/fpga_learing/XVIII_beep_piano/XVIII_beep_piano.srcs/constrs_1/new/beep_piano.xdc]
Finished Parsing XDC File [D:/GitHub/fpga_learing/XVIII_beep_piano/XVIII_beep_piano.srcs/constrs_1/new/beep_piano.xdc]
Completed Processing XDC Constraints

Netlist sorting complete. Time (s): cpu = 00:00:00 ; elapsed = 00:00:00.001 . Memory (MB): peak = 2420.492 ; gain = 0.000
INFO: [Project 1-111] Unisim Transformation Summary:
  A total of 1 instances were transformed.
  IBUFDS => IBUFDS (DIFFINBUF, IBUFCTRL): 1 instance 

RTL Elaboration Complete:  : Time (s): cpu = 00:00:24 ; elapsed = 00:00:16 . Memory (MB): peak = 2720.023 ; gain = 629.391
14 Infos, 0 Warnings, 0 Critical Warnings and 0 Errors encountered.
synth_design completed successfully
synth_design: Time (s): cpu = 00:00:36 ; elapsed = 00:00:38 . Memory (MB): peak = 2720.090 ; gain = 1582.805
reset_run synth_1
launch_runs impl_1 -to_step write_bitstream -jobs 6
[Fri Sep 26 12:11:06 2025] Launched synth_1...
Run output will be captured here: D:/GitHub/fpga_learing/XVIII_beep_piano/XVIII_beep_piano.runs/synth_1/runme.log
[Fri Sep 26 12:11:06 2025] Launched impl_1...
Run output will be captured here: D:/GitHub/fpga_learing/XVIII_beep_piano/XVIII_beep_piano.runs/impl_1/runme.log
exit
INFO: [Common 17-206] Exiting Vivado at Sat Sep 27 16:19:18 2025...
