# //  Questa Sim-64
# //  Version 2020.1 win64 Jan 28 2020
# //
# //  Copyright 1991-2020 Mentor Graphics Corporation
# //  All Rights Reserved.
# //
# //  QuestaSim and its associated documentation contain trade
# //  secrets and commercial or financial information that are the property of
# //  Mentor Graphics Corporation and are privileged, confidential,
# //  and exempt from disclosure under the Freedom of Information Act,
# //  5 U.S.C. Section 552. Furthermore, this information
# //  is prohibited from disclosure under the Trade Secrets Act,
# //  18 U.S.C. Section 1905.
# //
# do {tb_button_debounce_simulate.do}
# vsim -lib xil_defaultlib tb_button_debounce_opt 
# Start time: 17:33:31 on Oct 09,2025
# Loading work.tb_button_debounce(fast)
# Loading work.button_debounce(fast)
# Loading work.counter(fast)
# Loading work.glbl(fast)
# 1
# 1
# .main_pane.wave.interior.cs.body.pw.wf
# .main_pane.structure.interior.cs.body.struct
# .main_pane.objects.interior.cs.body.tree
restart
# Loading work.tb_button_debounce(fast)
# Loading work.button_debounce(fast)
# Loading work.counter(fast)
# Loading work.glbl(fast)
run
# End time: 17:35:19 on Oct 09,2025, Elapsed time: 0:01:48
# Errors: 0, Warnings: 0
