# do {tb_breath_led_compile.do}
# ** Warning: (vlib-34) Library already exists at "modelsim_lib/work".
# Errors: 0, Warnings: 1
# ** Warning: (vlib-34) Library already exists at "modelsim_lib/msim".
# Errors: 0, Warnings: 1
# ** Warning: (vlib-34) Library already exists at "modelsim_lib/msim/xil_defaultlib".
# Errors: 0, Warnings: 1
# Model Technology ModelSim SE-64 vmap 2020.4 Lib Mapping Utility 2020.10 Oct 13 2020
# vmap xil_defaultlib modelsim_lib/msim/xil_defaultlib 
# Modifying modelsim.ini
# Model Technology ModelSim SE-64 vlog 2020.4 Compiler 2020.10 Oct 13 2020
# Start time: 16:59:29 on Aug 05,2025
# vlog -incr -work xil_defaultlib ../../../../XII_breath_led.srcs/sources_1/new/breath_led.v ../../../../XII_breath_led.srcs/sim_1/new/tb_breath_led.v 
# -- Skipping module breath_led
# -- Compiling module tb_breath_led
# 
# Top level modules:
# 	tb_breath_led
# End time: 16:59:29 on Aug 05,2025, Elapsed time: 0:00:00
# Errors: 0, Warnings: 0
# Model Technology ModelSim SE-64 vlog 2020.4 Compiler 2020.10 Oct 13 2020
# Start time: 16:59:29 on Aug 05,2025
# vlog -work xil_defaultlib glbl.v 
# -- Compiling module glbl
# 
# Top level modules:
# 	glbl
# End time: 16:59:29 on Aug 05,2025, Elapsed time: 0:00:00
# Errors: 0, Warnings: 0
