# //  ModelSim SE-64 2020.4 Oct 13 2020
# //
# //  Copyright 1991-2020 Mentor Graphics Corporation
# //  All Rights Reserved.
# //
# //  ModelSim SE-64 and its associated documentation contain trade
# //  secrets and commercial or financial information that are the property of
# //  Mentor Graphics Corporation and are privileged, confidential,
# //  and exempt from disclosure under the Freedom of Information Act,
# //  5 U.S.C. Section 552. Furthermore, this information
# //  is prohibited from disclosure under the Trade Secrets Act,
# //  18 U.S.C. Section 1905.
# //
# do {tb_breath_led_simulate.do}
# vsim -voptargs=""+acc"" -L xil_defaultlib -L unisims_ver -L unimacro_ver -L secureip -lib xil_defaultlib xil_defaultlib.tb_breath_led xil_defaultlib.glbl 
# Start time: 16:59:39 on Aug 05,2025
# ** Note: (vsim-3813) Design is being optimized due to module recompilation...
# Loading work.tb_breath_led(fast)
# Loading work.breath_led(fast)
# Loading work.glbl(fast)
# 1
# 1
# .main_pane.wave.interior.cs.body.pw.wf
# .main_pane.structure.interior.cs.body.struct
# .main_pane.objects.interior.cs.body.tree
view -new wave
# .main_pane.wave.interior.cs.body.pw.wf
add wave -position insertpoint sim:/tb_breath_led/breath_led_inst/*
restart
# ** Note: (vsim-8009) Loading existing optimized design _opt
# Loading work.tb_breath_led(fast)
# Loading work.breath_led(fast)
# Loading work.glbl(fast)
run
# End time: 17:10:10 on Aug 05,2025, Elapsed time: 0:10:31
# Errors: 0, Warnings: 0
