# do {XVII_uart_compile.do}
# QuestaSim-64 vmap 2020.1 Lib Mapping Utility 2020.01 Jan 28 2020
# vmap xil_defaultlib questa_lib/msim/xil_defaultlib 
# Modifying modelsim.ini
# QuestaSim-64 vlog 2020.1 Compiler 2020.01 Jan 28 2020
# Start time: 15:10:09 on Aug 27,2025
# vlog -incr -work xil_defaultlib ../../../../XVII_uart.srcs/sources_1/new/clock_generator.v ../../../../XVII_uart.srcs/sources_1/new/uart_rx.v ../../../../XVII_uart.srcs/sources_1/new/uart_tx.v ../../../../XVII_uart.srcs/sources_1/new/XVII_uart.v 
# -- Compiling module clock_generator
# -- Compiling module uart_rx
# -- Compiling module uart_tx
# -- Compiling module XVII_uart
# 
# Top level modules:
# 	XVII_uart
# End time: 15:10:09 on Aug 27,2025, Elapsed time: 0:00:00
# Errors: 0, Warnings: 0
# QuestaSim-64 vlog 2020.1 Compiler 2020.01 Jan 28 2020
# Start time: 15:10:09 on Aug 27,2025
# vlog -work xil_defaultlib glbl.v 
# -- Compiling module glbl
# 
# Top level modules:
# 	glbl
# End time: 15:10:09 on Aug 27,2025, Elapsed time: 0:00:00
# Errors: 0, Warnings: 0
