# //  Questa Sim-64
# //  Version 2020.1 win64 Jan 28 2020
# //
# //  Copyright 1991-2020 Mentor Graphics Corporation
# //  All Rights Reserved.
# //
# //  QuestaSim and its associated documentation contain trade
# //  secrets and commercial or financial information that are the property of
# //  Mentor Graphics Corporation and are privileged, confidential,
# //  and exempt from disclosure under the Freedom of Information Act,
# //  5 U.S.C. Section 552. Furthermore, this information
# //  is prohibited from disclosure under the Trade Secrets Act,
# //  18 U.S.C. Section 1905.
# //
# do {XVII_uart_simulate.do}
# vsim -lib xil_defaultlib XVII_uart_opt 
# Start time: 15:10:22 on Aug 27,2025
# Loading work.XVII_uart(fast)
# Loading unisims_ver.IBUFDS(fast)
# Loading work.clock_generator(fast)
# Loading work.uart_rx(fast)
# Loading work.clock_generator(fast__1)
# Loading work.uart_tx(fast)
# Loading work.glbl(fast)
# 1
# 1
# .main_pane.wave.interior.cs.body.pw.wf
# .main_pane.structure.interior.cs.body.struct
# .main_pane.objects.interior.cs.body.tree
# End time: 15:11:15 on Aug 27,2025, Elapsed time: 0:00:53
# Errors: 0, Warnings: 0
