Copyright 1986-2021 Xilinx, Inc. All Rights Reserved.
-------------------------------------------------------------------------------------------------------------
| Tool Version : Vivado v.2020.2.2 (win64) Build 3118627 Tue Feb  9 05:14:06 MST 2021
| Date         : Thu Oct 30 19:55:33 2025
| Host         : DESKTOP-IMB8E6N running 64-bit major release  (build 9200)
| Command      : report_utilization -file xvii_top_utilization_placed.rpt -pb xvii_top_utilization_placed.pb
| Design       : xvii_top
| Device       : xczu19egffvc1760-2
| Design State : Fully Placed
-------------------------------------------------------------------------------------------------------------

Utilization Design Information

Table of Contents
-----------------
1. CLB Logic
1.1 Summary of Registers by Type
2. CLB Logic Distribution
3. BLOCKRAM
4. ARITHMETIC
5. I/O
6. CLOCK
7. ADVANCED
8. CONFIGURATION
9. Primitives
10. Black Boxes
11. Instantiated Netlists

1. CLB Logic
------------

+-------------------------+------+-------+-----------+-------+
|        Site Type        | Used | Fixed | Available | Util% |
+-------------------------+------+-------+-----------+-------+
| CLB LUTs                |  256 |     0 |    522720 |  0.05 |
|   LUT as Logic          |  256 |     0 |    522720 |  0.05 |
|   LUT as Memory         |    0 |     0 |    161280 |  0.00 |
| CLB Registers           |  355 |     0 |   1045440 |  0.03 |
|   Register as Flip Flop |  355 |     0 |   1045440 |  0.03 |
|   Register as Latch     |    0 |     0 |   1045440 |  0.00 |
| CARRY8                  |   35 |     0 |     65340 |  0.05 |
| F7 Muxes                |    0 |     0 |    261360 |  0.00 |
| F8 Muxes                |    0 |     0 |    130680 |  0.00 |
| F9 Muxes                |    0 |     0 |     65340 |  0.00 |
+-------------------------+------+-------+-----------+-------+


1.1 Summary of Registers by Type
--------------------------------

+-------+--------------+-------------+--------------+
| Total | Clock Enable | Synchronous | Asynchronous |
+-------+--------------+-------------+--------------+
| 0     |            _ |           - |            - |
| 0     |            _ |           - |          Set |
| 0     |            _ |           - |        Reset |
| 0     |            _ |         Set |            - |
| 0     |            _ |       Reset |            - |
| 0     |          Yes |           - |            - |
| 0     |          Yes |           - |          Set |
| 5     |          Yes |           - |        Reset |
| 0     |          Yes |         Set |            - |
| 350   |          Yes |       Reset |            - |
+-------+--------------+-------------+--------------+


2. CLB Logic Distribution
-------------------------

+--------------------------------------------+------+-------+-----------+-------+
|                  Site Type                 | Used | Fixed | Available | Util% |
+--------------------------------------------+------+-------+-----------+-------+
| CLB                                        |   60 |     0 |     65340 |  0.09 |
|   CLBL                                     |   34 |     0 |           |       |
|   CLBM                                     |   26 |     0 |           |       |
| LUT as Logic                               |  256 |     0 |    522720 |  0.05 |
|   using O5 output only                     |    2 |       |           |       |
|   using O6 output only                     |  230 |       |           |       |
|   using O5 and O6                          |   24 |       |           |       |
| LUT as Memory                              |    0 |     0 |    161280 |  0.00 |
|   LUT as Distributed RAM                   |    0 |     0 |           |       |
|   LUT as Shift Register                    |    0 |     0 |           |       |
| CLB Registers                              |  355 |     0 |   1045440 |  0.03 |
|   Register driven from within the CLB      |  196 |       |           |       |
|   Register driven from outside the CLB     |  159 |       |           |       |
|     LUT in front of the register is unused |  139 |       |           |       |
|     LUT in front of the register is used   |   20 |       |           |       |
| Unique Control Sets                        |    5 |       |    130680 | <0.01 |
+--------------------------------------------+------+-------+-----------+-------+
* * Note: Available Control Sets calculated as Slices * 2, Review the Control Sets Report for more information regarding control sets.


3. BLOCKRAM
-----------

+----------------+------+-------+-----------+-------+
|    Site Type   | Used | Fixed | Available | Util% |
+----------------+------+-------+-----------+-------+
| Block RAM Tile |    0 |     0 |       984 |  0.00 |
|   RAMB36/FIFO* |    0 |     0 |       984 |  0.00 |
|   RAMB18       |    0 |     0 |      1968 |  0.00 |
| URAM           |    0 |     0 |       128 |  0.00 |
+----------------+------+-------+-----------+-------+
* Note: Each Block RAM Tile only has one FIFO logic available and therefore can accommodate only one FIFO36E2 or one FIFO18E2. However, if a FIFO18E2 occupies a Block RAM Tile, that tile can still accommodate a RAMB18E2


4. ARITHMETIC
-------------

+----------------+------+-------+-----------+-------+
|    Site Type   | Used | Fixed | Available | Util% |
+----------------+------+-------+-----------+-------+
| DSPs           |    8 |     0 |      1968 |  0.41 |
|   DSP48E2 only |    8 |       |           |       |
+----------------+------+-------+-----------+-------+


5. I/O
------

+------------------+------+-------+-----------+-------+
|     Site Type    | Used | Fixed | Available | Util% |
+------------------+------+-------+-----------+-------+
| Bonded IOB       |    7 |     7 |       512 |  1.37 |
| HPIOB_M          |    1 |     1 |       192 |  0.52 |
|   INPUT          |    1 |       |           |       |
|   OUTPUT         |    0 |       |           |       |
|   BIDIR          |    0 |       |           |       |
| HPIOB_S          |    1 |     1 |       192 |  0.52 |
|   INPUT          |    1 |       |           |       |
|   OUTPUT         |    0 |       |           |       |
|   BIDIR          |    0 |       |           |       |
| HDIOB_M          |    3 |     3 |        48 |  6.25 |
|   INPUT          |    1 |       |           |       |
|   OUTPUT         |    2 |       |           |       |
|   BIDIR          |    0 |       |           |       |
| HDIOB_S          |    2 |     2 |        48 |  4.17 |
|   INPUT          |    0 |       |           |       |
|   OUTPUT         |    2 |       |           |       |
|   BIDIR          |    0 |       |           |       |
| HPIOB_SNGL       |    0 |     0 |        32 |  0.00 |
| HPIOBDIFFINBUF   |    1 |     1 |       264 |  0.38 |
|   DIFFINBUF      |    1 |     1 |           |       |
| HPIOBDIFFOUTBUF  |    0 |     0 |       264 |  0.00 |
| HDIOBDIFFINBUF   |    0 |     0 |        48 |  0.00 |
| BITSLICE_CONTROL |    0 |     0 |        88 |  0.00 |
| BITSLICE_RX_TX   |    0 |     0 |       572 |  0.00 |
| BITSLICE_TX      |    0 |     0 |        88 |  0.00 |
| RIU_OR           |    0 |     0 |        44 |  0.00 |
+------------------+------+-------+-----------+-------+


6. CLOCK
--------

+----------------------+------+-------+-----------+-------+
|       Site Type      | Used | Fixed | Available | Util% |
+----------------------+------+-------+-----------+-------+
| GLOBAL CLOCK BUFFERs |    1 |     0 |       940 |  0.11 |
|   BUFGCE             |    1 |     0 |       280 |  0.36 |
|   BUFGCE_DIV         |    0 |     0 |        44 |  0.00 |
|   BUFG_GT            |    0 |     0 |       456 |  0.00 |
|   BUFG_PS            |    0 |     0 |        72 |  0.00 |
|   BUFGCTRL*          |    0 |     0 |        88 |  0.00 |
| PLL                  |    0 |     0 |        22 |  0.00 |
| MMCM                 |    0 |     0 |        11 |  0.00 |
+----------------------+------+-------+-----------+-------+
* Note: Each used BUFGCTRL counts as two GLOBAL CLOCK BUFFERs. This table does not include global clocking resources, only buffer cell usage. See the Clock Utilization Report (report_clock_utilization) for detailed accounting of global clocking resource availability.


7. ADVANCED
-----------

+-----------------+------+-------+-----------+-------+
|    Site Type    | Used | Fixed | Available | Util% |
+-----------------+------+-------+-----------+-------+
| CMACE4          |    0 |     0 |         4 |  0.00 |
| GTHE4_CHANNEL   |    0 |     0 |        32 |  0.00 |
| GTHE4_COMMON    |    0 |     0 |         8 |  0.00 |
| GTYE4_CHANNEL   |    0 |     0 |        16 |  0.00 |
| GTYE4_COMMON    |    0 |     0 |         4 |  0.00 |
| ILKNE4          |    0 |     0 |         4 |  0.00 |
| OBUFDS_GTE4     |    0 |     0 |        24 |  0.00 |
| OBUFDS_GTE4_ADV |    0 |     0 |        24 |  0.00 |
| PCIE40E4        |    0 |     0 |         5 |  0.00 |
| PS8             |    0 |     0 |         1 |  0.00 |
| SYSMONE4        |    0 |     0 |         1 |  0.00 |
+-----------------+------+-------+-----------+-------+


8. CONFIGURATION
----------------

+-------------+------+-------+-----------+-------+
|  Site Type  | Used | Fixed | Available | Util% |
+-------------+------+-------+-----------+-------+
| BSCANE2     |    0 |     0 |         4 |  0.00 |
| DNA_PORTE2  |    0 |     0 |         1 |  0.00 |
| EFUSE_USR   |    0 |     0 |         1 |  0.00 |
| FRAME_ECCE4 |    0 |     0 |         1 |  0.00 |
| ICAPE3      |    0 |     0 |         2 |  0.00 |
| MASTER_JTAG |    0 |     0 |         1 |  0.00 |
| STARTUPE3   |    0 |     0 |         1 |  0.00 |
+-------------+------+-------+-----------+-------+


9. Primitives
-------------

+-----------+------+---------------------+
|  Ref Name | Used | Functional Category |
+-----------+------+---------------------+
| FDRE      |  350 |            Register |
| LUT2      |  142 |                 CLB |
| LUT4      |   53 |                 CLB |
| LUT1      |   49 |                 CLB |
| CARRY8    |   35 |                 CLB |
| LUT6      |   28 |                 CLB |
| DSP48E2   |    8 |          Arithmetic |
| LUT5      |    5 |                 CLB |
| FDCE      |    5 |            Register |
| OBUF      |    4 |                 I/O |
| LUT3      |    3 |                 CLB |
| IBUFCTRL  |    2 |              Others |
| INBUF     |    1 |                 I/O |
| DIFFINBUF |    1 |                 I/O |
| BUFGCE    |    1 |               Clock |
+-----------+------+---------------------+


10. Black Boxes
---------------

+----------+------+
| Ref Name | Used |
+----------+------+


11. Instantiated Netlists
-------------------------

+----------+------+
| Ref Name | Used |
+----------+------+


