
*** Running vivado
    with args -log XVIII_top.vds -m64 -product Vivado -mode batch -messageDb vivado.pb -notrace -source XVIII_top.tcl



****** Vivado v2020.2.2 (64-bit)
  **** SW Build 3118627 on Tue Feb  9 05:14:06 MST 2021
  **** IP Build 3115676 on Tue Feb  9 10:48:11 MST 2021
    ** Copyright 1986-2021 Xilinx, Inc. All Rights Reserved.

source XVIII_top.tcl -notrace
Command: synth_design -top XVIII_top -part xcku5p-ffvb676-2-i
Starting synth_design
Attempting to get a license for feature 'Synthesis' and/or device 'xcku5p'
INFO: [Common 17-349] Got license for feature 'Synthesis' and/or device 'xcku5p'
INFO: [Device 21-403] Loading part xcku5p-ffvb676-2-i
INFO: [Synth 8-7079] Multithreading enabled for synth_design using a maximum of 2 processes.
INFO: [Synth 8-7078] Launching helper process for spawning children vivado processes
INFO: [Synth 8-7075] Helper process launched with PID 14944
---------------------------------------------------------------------------------
Starting RTL Elaboration : Time (s): cpu = 00:00:04 ; elapsed = 00:00:04 . Memory (MB): peak = 1816.539 ; gain = 157.090
---------------------------------------------------------------------------------
INFO: [Synth 8-6157] synthesizing module 'XVIII_top' [D:/GitHub/fpga_learing/XVIII_beep_piano/XVIII_beep_piano.srcs/sources_1/new/XVIII_top.v:23]
INFO: [Synth 8-6157] synthesizing module 'IBUFDS' [D:/Xilinx/Vivado/2020.2/scripts/rt/data/unisim_comp.v:51974]
	Parameter CAPACITANCE bound to: DONT_CARE - type: string 
	Parameter DIFF_TERM bound to: FALSE - type: string 
	Parameter DQS_BIAS bound to: FALSE - type: string 
	Parameter IBUF_DELAY_VALUE bound to: 0 - type: string 
	Parameter IBUF_LOW_PWR bound to: TRUE - type: string 
	Parameter IFD_DELAY_VALUE bound to: AUTO - type: string 
	Parameter IOSTANDARD bound to: DEFAULT - type: string 
INFO: [Synth 8-6155] done synthesizing module 'IBUFDS' (1#1) [D:/Xilinx/Vivado/2020.2/scripts/rt/data/unisim_comp.v:51974]
INFO: [Synth 8-6157] synthesizing module 'button_debounce' [D:/GitHub/fpga_learing/XVIII_beep_piano/XVIII_beep_piano.srcs/sources_1/new/button_debounce.v:22]
	Parameter STATE_BTN_IDLE bound to: 2'b00 
	Parameter STATE_BTN_DOWN bound to: 2'b01 
	Parameter STATE_BTN_KEEP bound to: 2'b11 
	Parameter STATE_BTN_UP bound to: 2'b10 
	Parameter REAL_CLK_FREQ bound to: 100 - type: integer 
	Parameter TEST_CLK_FREQ bound to: 1 - type: integer 
INFO: [Synth 8-6157] synthesizing module 'counter' [D:/GitHub/fpga_learing/XVIII_beep_piano/XVIII_beep_piano.srcs/sources_1/new/counter.v:23]
	Parameter CLK_FREQ_250_MHZ bound to: 17'b00000000011111010 
	Parameter CLK_FREQ_200_MHZ bound to: 17'b00000000011001000 
	Parameter CLK_FREQ_100_MHZ bound to: 17'b00000000001100100 
	Parameter CLK_FREQ_50_MHZ bound to: 17'b00000000000110010 
	Parameter CLK_FREQ_1_MHZ bound to: 17'b00000000000000001 
INFO: [Synth 8-6155] done synthesizing module 'counter' (2#1) [D:/GitHub/fpga_learing/XVIII_beep_piano/XVIII_beep_piano.srcs/sources_1/new/counter.v:23]
INFO: [Synth 8-226] default block is never used [D:/GitHub/fpga_learing/XVIII_beep_piano/XVIII_beep_piano.srcs/sources_1/new/button_debounce.v:79]
INFO: [Synth 8-6155] done synthesizing module 'button_debounce' (3#1) [D:/GitHub/fpga_learing/XVIII_beep_piano/XVIII_beep_piano.srcs/sources_1/new/button_debounce.v:22]
INFO: [Synth 8-6155] done synthesizing module 'XVIII_top' (4#1) [D:/GitHub/fpga_learing/XVIII_beep_piano/XVIII_beep_piano.srcs/sources_1/new/XVIII_top.v:23]
---------------------------------------------------------------------------------
Finished RTL Elaboration : Time (s): cpu = 00:00:05 ; elapsed = 00:00:05 . Memory (MB): peak = 1867.445 ; gain = 207.996
---------------------------------------------------------------------------------
---------------------------------------------------------------------------------
Start Handling Custom Attributes
---------------------------------------------------------------------------------
---------------------------------------------------------------------------------
Finished Handling Custom Attributes : Time (s): cpu = 00:00:05 ; elapsed = 00:00:06 . Memory (MB): peak = 1885.371 ; gain = 225.922
---------------------------------------------------------------------------------
---------------------------------------------------------------------------------
Finished RTL Optimization Phase 1 : Time (s): cpu = 00:00:05 ; elapsed = 00:00:06 . Memory (MB): peak = 1885.371 ; gain = 225.922
---------------------------------------------------------------------------------
Netlist sorting complete. Time (s): cpu = 00:00:00 ; elapsed = 00:00:00.013 . Memory (MB): peak = 1897.414 ; gain = 0.000
INFO: [Netlist 29-17] Analyzing 1 Unisim elements for replacement
INFO: [Netlist 29-28] Unisim Transformation completed in 0 CPU seconds
INFO: [Project 1-570] Preparing netlist for logic optimization

Processing XDC Constraints
Initializing timing engine
Parsing XDC File [D:/GitHub/fpga_learing/XVIII_beep_piano/XVIII_beep_piano.srcs/constrs_1/new/beep_piano.xdc]
Finished Parsing XDC File [D:/GitHub/fpga_learing/XVIII_beep_piano/XVIII_beep_piano.srcs/constrs_1/new/beep_piano.xdc]
INFO: [Project 1-236] Implementation specific constraints were found while reading constraint file [D:/GitHub/fpga_learing/XVIII_beep_piano/XVIII_beep_piano.srcs/constrs_1/new/beep_piano.xdc]. These constraints will be ignored for synthesis but will be used in implementation. Impacted constraints are listed in the file [.Xil/XVIII_top_propImpl.xdc].
Resolution: To avoid this warning, move constraints listed in [.Xil/XVIII_top_propImpl.xdc] to another XDC file and exclude this new file from synthesis with the used_in_synthesis property (File Properties dialog in GUI) and re-run elaboration/synthesis.
Completed Processing XDC Constraints

Netlist sorting complete. Time (s): cpu = 00:00:00 ; elapsed = 00:00:00 . Memory (MB): peak = 2005.871 ; gain = 0.000
INFO: [Project 1-111] Unisim Transformation Summary:
  A total of 1 instances were transformed.
  IBUFDS => IBUFDS (DIFFINBUF, IBUFCTRL): 1 instance 

Constraint Validation Runtime : Time (s): cpu = 00:00:00 ; elapsed = 00:00:00.005 . Memory (MB): peak = 2005.871 ; gain = 0.000
---------------------------------------------------------------------------------
Finished Constraint Validation : Time (s): cpu = 00:00:15 ; elapsed = 00:00:16 . Memory (MB): peak = 2005.871 ; gain = 346.422
---------------------------------------------------------------------------------
---------------------------------------------------------------------------------
Start Loading Part and Timing Information
---------------------------------------------------------------------------------
Loading part: xcku5p-ffvb676-2-i
INFO: [Synth 8-6742] Reading net delay rules and data
---------------------------------------------------------------------------------
Finished Loading Part and Timing Information : Time (s): cpu = 00:00:15 ; elapsed = 00:00:16 . Memory (MB): peak = 2005.871 ; gain = 346.422
---------------------------------------------------------------------------------
---------------------------------------------------------------------------------
Start Applying 'set_property' XDC Constraints
---------------------------------------------------------------------------------
---------------------------------------------------------------------------------
Finished applying 'set_property' XDC Constraints : Time (s): cpu = 00:00:15 ; elapsed = 00:00:16 . Memory (MB): peak = 2005.871 ; gain = 346.422
---------------------------------------------------------------------------------
INFO: [Synth 8-802] inferred FSM for state register 'reg_state_reg' in module 'button_debounce'
---------------------------------------------------------------------------------------------------
                   State |                     New Encoding |                Previous Encoding 
---------------------------------------------------------------------------------------------------
          STATE_BTN_IDLE |                               00 |                               00
          STATE_BTN_DOWN |                               01 |                               01
          STATE_BTN_KEEP |                               10 |                               11
            STATE_BTN_UP |                               11 |                               10
---------------------------------------------------------------------------------------------------
INFO: [Synth 8-3354] encoded FSM with state register 'reg_state_reg' using encoding 'sequential' in module 'button_debounce'
---------------------------------------------------------------------------------
Finished RTL Optimization Phase 2 : Time (s): cpu = 00:00:15 ; elapsed = 00:00:16 . Memory (MB): peak = 2005.871 ; gain = 346.422
---------------------------------------------------------------------------------
---------------------------------------------------------------------------------
Start RTL Component Statistics 
---------------------------------------------------------------------------------
Detailed RTL Component Info : 
+---Adders : 
	   2 Input   48 Bit       Adders := 4     
+---Registers : 
	               48 Bit    Registers := 4     
	               47 Bit    Registers := 4     
	               30 Bit    Registers := 4     
	               17 Bit    Registers := 5     
	                1 Bit    Registers := 8     
+---Multipliers : 
	              17x30  Multipliers := 4     
+---Muxes : 
	   5 Input   28 Bit        Muxes := 1     
	   2 Input   28 Bit        Muxes := 1     
	   5 Input   18 Bit        Muxes := 1     
	   2 Input   18 Bit        Muxes := 1     
	   5 Input    8 Bit        Muxes := 1     
	   2 Input    8 Bit        Muxes := 1     
	   6 Input    3 Bit        Muxes := 4     
	   2 Input    3 Bit        Muxes := 1     
	   4 Input    2 Bit        Muxes := 1     
	   2 Input    2 Bit        Muxes := 3     
	   2 Input    1 Bit        Muxes := 6     
---------------------------------------------------------------------------------
Finished RTL Component Statistics 
---------------------------------------------------------------------------------
---------------------------------------------------------------------------------
Start Part Resource Summary
---------------------------------------------------------------------------------
Part Resources:
DSPs: 1824 (col length:96)
BRAMs: 960 (col length: RAMB18 96 RAMB36 48)
---------------------------------------------------------------------------------
Finished Part Resource Summary
---------------------------------------------------------------------------------
---------------------------------------------------------------------------------
Start Cross Boundary and Area Optimization
---------------------------------------------------------------------------------
DSP Report: Generating DSP button_0_inst/counter_inst/, operation Mode is: A2*B.
DSP Report: register button_0_inst/counter_inst/ is absorbed into DSP button_0_inst/counter_inst/.
DSP Report: operator button_0_inst/counter_inst/ is absorbed into DSP button_0_inst/counter_inst/.
DSP Report: operator button_0_inst/counter_inst/ is absorbed into DSP button_0_inst/counter_inst/.
DSP Report: Generating DSP button_0_inst/counter_inst/count_middleware_reg[3], operation Mode is: (C+A*B2)'.
DSP Report: register button_0_inst/counter_inst/count_middleware_reg[3] is absorbed into DSP button_0_inst/counter_inst/count_middleware_reg[3].
DSP Report: register button_0_inst/counter_inst/count_middleware_reg[3] is absorbed into DSP button_0_inst/counter_inst/count_middleware_reg[3].
DSP Report: operator button_0_inst/counter_inst/ is absorbed into DSP button_0_inst/counter_inst/count_middleware_reg[3].
DSP Report: operator button_0_inst/counter_inst/ is absorbed into DSP button_0_inst/counter_inst/count_middleware_reg[3].
DSP Report: Generating DSP button_0_inst/counter_inst/, operation Mode is: A2*B2.
DSP Report: register button_0_inst/counter_inst/ is absorbed into DSP button_0_inst/counter_inst/.
DSP Report: register button_0_inst/counter_inst/ is absorbed into DSP button_0_inst/counter_inst/.
DSP Report: operator button_0_inst/counter_inst/ is absorbed into DSP button_0_inst/counter_inst/.
DSP Report: operator button_0_inst/counter_inst/ is absorbed into DSP button_0_inst/counter_inst/.
DSP Report: Generating DSP button_0_inst/counter_inst/count_middleware_reg[2], operation Mode is: (C+A2*B2)'.
DSP Report: register button_0_inst/counter_inst/count_middleware_reg[2] is absorbed into DSP button_0_inst/counter_inst/count_middleware_reg[2].
DSP Report: register button_0_inst/counter_inst/count_middleware_reg[2] is absorbed into DSP button_0_inst/counter_inst/count_middleware_reg[2].
DSP Report: register button_0_inst/counter_inst/count_middleware_reg[2] is absorbed into DSP button_0_inst/counter_inst/count_middleware_reg[2].
DSP Report: operator button_0_inst/counter_inst/ is absorbed into DSP button_0_inst/counter_inst/count_middleware_reg[2].
DSP Report: operator button_0_inst/counter_inst/ is absorbed into DSP button_0_inst/counter_inst/count_middleware_reg[2].
DSP Report: Generating DSP button_0_inst/counter_inst/, operation Mode is: A2*B.
DSP Report: register button_0_inst/counter_inst/ is absorbed into DSP button_0_inst/counter_inst/.
DSP Report: operator button_0_inst/counter_inst/ is absorbed into DSP button_0_inst/counter_inst/.
DSP Report: operator button_0_inst/counter_inst/ is absorbed into DSP button_0_inst/counter_inst/.
DSP Report: Generating DSP button_0_inst/counter_inst/count_middleware_reg[1], operation Mode is: (C+A*B2)'.
DSP Report: register button_0_inst/counter_inst/count_middleware_reg[1] is absorbed into DSP button_0_inst/counter_inst/count_middleware_reg[1].
DSP Report: register button_0_inst/counter_inst/count_middleware_reg[1] is absorbed into DSP button_0_inst/counter_inst/count_middleware_reg[1].
DSP Report: operator button_0_inst/counter_inst/ is absorbed into DSP button_0_inst/counter_inst/count_middleware_reg[1].
DSP Report: operator button_0_inst/counter_inst/ is absorbed into DSP button_0_inst/counter_inst/count_middleware_reg[1].
DSP Report: Generating DSP button_0_inst/counter_inst/, operation Mode is: A2*B.
DSP Report: register button_0_inst/counter_inst/ is absorbed into DSP button_0_inst/counter_inst/.
DSP Report: operator button_0_inst/counter_inst/ is absorbed into DSP button_0_inst/counter_inst/.
DSP Report: operator button_0_inst/counter_inst/ is absorbed into DSP button_0_inst/counter_inst/.
DSP Report: Generating DSP button_0_inst/counter_inst/count_middleware_reg[0], operation Mode is: (C+A*B2)'.
DSP Report: register button_0_inst/counter_inst/count_middleware_reg[0] is absorbed into DSP button_0_inst/counter_inst/count_middleware_reg[0].
DSP Report: register button_0_inst/counter_inst/count_middleware_reg[0] is absorbed into DSP button_0_inst/counter_inst/count_middleware_reg[0].
DSP Report: operator button_0_inst/counter_inst/ is absorbed into DSP button_0_inst/counter_inst/count_middleware_reg[0].
DSP Report: operator button_0_inst/counter_inst/ is absorbed into DSP button_0_inst/counter_inst/count_middleware_reg[0].
---------------------------------------------------------------------------------
Finished Cross Boundary and Area Optimization : Time (s): cpu = 00:00:18 ; elapsed = 00:00:19 . Memory (MB): peak = 2005.871 ; gain = 346.422
---------------------------------------------------------------------------------
---------------------------------------------------------------------------------
Start ROM, RAM, DSP, Shift Register and Retiming Reporting
---------------------------------------------------------------------------------

DSP: Preliminary Mapping	Report (see note below)
+------------+-------------+--------+--------+--------+--------+--------+------+------+------+------+-------+------+------+
|Module Name | DSP Mapping | A Size | B Size | C Size | D Size | P Size | AREG | BREG | CREG | DREG | ADREG | MREG | PREG | 
+------------+-------------+--------+--------+--------+--------+--------+------+------+------+------+-------+------+------+
|XVIII_top   | A2*B        | 27     | 18     | -      | -      | 48     | 1    | 0    | -    | -    | -     | 0    | 0    | 
|XVIII_top   | (C+A*B2)'   | 18     | 5      | 48     | -      | 48     | 0    | 1    | 0    | -    | -     | 0    | 1    | 
|XVIII_top   | A2*B2       | 27     | 18     | -      | -      | 48     | 1    | 1    | -    | -    | -     | 0    | 0    | 
|XVIII_top   | (C+A2*B2)'  | 18     | 5      | 48     | -      | 48     | 1    | 1    | 0    | -    | -     | 0    | 1    | 
|XVIII_top   | A2*B        | 27     | 18     | -      | -      | 48     | 1    | 0    | -    | -    | -     | 0    | 0    | 
|XVIII_top   | (C+A*B2)'   | 18     | 5      | 48     | -      | 48     | 0    | 1    | 0    | -    | -     | 0    | 1    | 
|XVIII_top   | A2*B        | 27     | 18     | -      | -      | 48     | 1    | 0    | -    | -    | -     | 0    | 0    | 
|XVIII_top   | (C+A*B2)'   | 18     | 5      | 48     | -      | 48     | 0    | 1    | 0    | -    | -     | 0    | 1    | 
+------------+-------------+--------+--------+--------+--------+--------+------+------+------+------+-------+------+------+

Note: The table above is a preliminary report that shows the DSPs inferred at the current stage of the synthesis flow. Some DSP may be reimplemented as non DSP primitives later in the synthesis flow. Multiple instantiated DSPs are reported only once.
---------------------------------------------------------------------------------
Finished ROM, RAM, DSP, Shift Register and Retiming Reporting
---------------------------------------------------------------------------------
---------------------------------------------------------------------------------
Start Applying XDC Timing Constraints
---------------------------------------------------------------------------------
---------------------------------------------------------------------------------
Finished Applying XDC Timing Constraints : Time (s): cpu = 00:00:29 ; elapsed = 00:00:30 . Memory (MB): peak = 2451.199 ; gain = 791.750
---------------------------------------------------------------------------------
---------------------------------------------------------------------------------
Start Timing Optimization
---------------------------------------------------------------------------------
---------------------------------------------------------------------------------
Finished Timing Optimization : Time (s): cpu = 00:00:29 ; elapsed = 00:00:30 . Memory (MB): peak = 2451.199 ; gain = 791.750
---------------------------------------------------------------------------------
---------------------------------------------------------------------------------
Start Technology Mapping
---------------------------------------------------------------------------------
---------------------------------------------------------------------------------
Finished Technology Mapping : Time (s): cpu = 00:00:29 ; elapsed = 00:00:31 . Memory (MB): peak = 2466.375 ; gain = 806.926
---------------------------------------------------------------------------------
---------------------------------------------------------------------------------
Start IO Insertion
---------------------------------------------------------------------------------
---------------------------------------------------------------------------------
Start Flattening Before IO Insertion
---------------------------------------------------------------------------------
---------------------------------------------------------------------------------
Finished Flattening Before IO Insertion
---------------------------------------------------------------------------------
---------------------------------------------------------------------------------
Start Final Netlist Cleanup
---------------------------------------------------------------------------------
---------------------------------------------------------------------------------
Finished Final Netlist Cleanup
---------------------------------------------------------------------------------
---------------------------------------------------------------------------------
Finished IO Insertion : Time (s): cpu = 00:00:33 ; elapsed = 00:00:34 . Memory (MB): peak = 2475.262 ; gain = 815.812
---------------------------------------------------------------------------------
---------------------------------------------------------------------------------
Start Renaming Generated Instances
---------------------------------------------------------------------------------
---------------------------------------------------------------------------------
Finished Renaming Generated Instances : Time (s): cpu = 00:00:33 ; elapsed = 00:00:34 . Memory (MB): peak = 2475.262 ; gain = 815.812
---------------------------------------------------------------------------------
---------------------------------------------------------------------------------
Start Rebuilding User Hierarchy
---------------------------------------------------------------------------------
---------------------------------------------------------------------------------
Finished Rebuilding User Hierarchy : Time (s): cpu = 00:00:33 ; elapsed = 00:00:35 . Memory (MB): peak = 2475.262 ; gain = 815.812
---------------------------------------------------------------------------------
---------------------------------------------------------------------------------
Start Renaming Generated Ports
---------------------------------------------------------------------------------
---------------------------------------------------------------------------------
Finished Renaming Generated Ports : Time (s): cpu = 00:00:33 ; elapsed = 00:00:35 . Memory (MB): peak = 2475.262 ; gain = 815.812
---------------------------------------------------------------------------------
---------------------------------------------------------------------------------
Start Handling Custom Attributes
---------------------------------------------------------------------------------
---------------------------------------------------------------------------------
Finished Handling Custom Attributes : Time (s): cpu = 00:00:33 ; elapsed = 00:00:35 . Memory (MB): peak = 2475.262 ; gain = 815.812
---------------------------------------------------------------------------------
---------------------------------------------------------------------------------
Start Renaming Generated Nets
---------------------------------------------------------------------------------
---------------------------------------------------------------------------------
Finished Renaming Generated Nets : Time (s): cpu = 00:00:33 ; elapsed = 00:00:35 . Memory (MB): peak = 2475.262 ; gain = 815.812
---------------------------------------------------------------------------------
---------------------------------------------------------------------------------
Start Writing Synthesis Report
---------------------------------------------------------------------------------

Report BlackBoxes: 
+-+--------------+----------+
| |BlackBox name |Instances |
+-+--------------+----------+
+-+--------------+----------+

Report Cell Usage: 
+------+----------------+------+
|      |Cell            |Count |
+------+----------------+------+
|1     |BUFG            |     1|
|2     |CARRY8          |    35|
|3     |DSP_ALU         |     8|
|4     |DSP_A_B_DATA    |     8|
|6     |DSP_C_DATA      |     8|
|8     |DSP_MULTIPLIER  |     8|
|9     |DSP_M_DATA      |     8|
|10    |DSP_OUTPUT      |     8|
|12    |DSP_PREADD      |     8|
|13    |DSP_PREADD_DATA |     8|
|14    |LUT1            |    50|
|15    |LUT2            |   143|
|16    |LUT3            |     5|
|17    |LUT4            |    54|
|18    |LUT5            |     5|
|19    |LUT6            |    28|
|20    |FDCE            |     5|
|21    |FDRE            |   350|
|22    |IBUF            |     2|
|23    |IBUFDS          |     1|
|24    |OBUF            |     1|
+------+----------------+------+
---------------------------------------------------------------------------------
Finished Writing Synthesis Report : Time (s): cpu = 00:00:33 ; elapsed = 00:00:35 . Memory (MB): peak = 2475.262 ; gain = 815.812
---------------------------------------------------------------------------------
Synthesis finished with 0 errors, 0 critical warnings and 0 warnings.
Synthesis Optimization Runtime : Time (s): cpu = 00:00:22 ; elapsed = 00:00:29 . Memory (MB): peak = 2475.262 ; gain = 695.312
Synthesis Optimization Complete : Time (s): cpu = 00:00:33 ; elapsed = 00:00:35 . Memory (MB): peak = 2475.262 ; gain = 815.812
INFO: [Project 1-571] Translating synthesized netlist
Netlist sorting complete. Time (s): cpu = 00:00:00 ; elapsed = 00:00:00.012 . Memory (MB): peak = 2483.285 ; gain = 0.000
INFO: [Netlist 29-17] Analyzing 47 Unisim elements for replacement
INFO: [Netlist 29-28] Unisim Transformation completed in 1 CPU seconds
INFO: [Project 1-570] Preparing netlist for logic optimization
INFO: [Opt 31-138] Pushed 0 inverter(s) to 0 load pin(s).
Netlist sorting complete. Time (s): cpu = 00:00:00 ; elapsed = 00:00:00 . Memory (MB): peak = 2506.605 ; gain = 0.000
INFO: [Project 1-111] Unisim Transformation Summary:
  A total of 12 instances were transformed.
  BUFG => BUFGCE: 1 instance 
  DSP48E2 => DSP48E2 (DSP_ALU, DSP_A_B_DATA, DSP_C_DATA, DSP_MULTIPLIER, DSP_M_DATA, DSP_OUTPUT, DSP_PREADD, DSP_PREADD_DATA): 8 instances
  IBUF => IBUF (IBUFCTRL, INBUF): 2 instances
  IBUFDS => IBUFDS (DIFFINBUF, IBUFCTRL): 1 instance 

INFO: [Common 17-83] Releasing license: Synthesis
29 Infos, 0 Warnings, 0 Critical Warnings and 0 Errors encountered.
synth_design completed successfully
synth_design: Time (s): cpu = 00:00:46 ; elapsed = 00:00:49 . Memory (MB): peak = 2506.605 ; gain = 1338.160
INFO: [Common 17-1381] The checkpoint 'D:/GitHub/fpga_learing/XVIII_beep_piano/XVIII_beep_piano.runs/synth_1/XVIII_top.dcp' has been generated.
INFO: [runtcl-4] Executing : report_utilization -file XVIII_top_utilization_synth.rpt -pb XVIII_top_utilization_synth.pb
INFO: [Common 17-206] Exiting Vivado at Fri Oct 10 12:04:17 2025...
