# do {tb_run_led_compile.do}
# Model Technology ModelSim SE-64 vmap 2020.4 Lib Mapping Utility 2020.10 Oct 13 2020
# vmap xil_defaultlib modelsim_lib/msim/xil_defaultlib 
# Modifying modelsim.ini
# Model Technology ModelSim SE-64 vlog 2020.4 Compiler 2020.10 Oct 13 2020
# Start time: 13:47:43 on Aug 05,2025
# vlog -incr -work xil_defaultlib ../../../../XI_run_led.srcs/sources_1/new/run_led.v ../../../../XI_run_led.srcs/sim_1/new/tb_run_led.v 
# -- Compiling module run_led
# -- Compiling module tb_run_led
# 
# Top level modules:
# 	tb_run_led
# End time: 13:47:43 on Aug 05,2025, Elapsed time: 0:00:00
# Errors: 0, Warnings: 0
# Model Technology ModelSim SE-64 vlog 2020.4 Compiler 2020.10 Oct 13 2020
# Start time: 13:47:43 on Aug 05,2025
# vlog -work xil_defaultlib glbl.v 
# -- Compiling module glbl
# 
# Top level modules:
# 	glbl
# End time: 13:47:43 on Aug 05,2025, Elapsed time: 0:00:00
# Errors: 0, Warnings: 0
