
****** Vivado v2023.1 (64-bit)
  **** SW Build 3865809 on Sun May  7 15:04:56 MDT 2023
  **** IP Build 3864474 on Sun May  7 20:36:21 MDT 2023
  **** SharedData Build 3865790 on Sun May 07 13:33:03 MDT 2023
    ** Copyright 1986-2022 Xilinx, Inc. All Rights Reserved.
    ** Copyright 2022-2023 Advanced Micro Devices, Inc. All Rights Reserved.

source /home/tgspock/Github/fpga_learing/xx_fft_lab/xx_fft_lab.runs/impl_1/.Xil/Vivado-6150-tgspock-BOHK-WAX9X/dc_drv.0/dc/debug_ip_core.tcl
# set_param project.singleFileAddWarning.threshold 0
# set_param runs.launchOptions { -jobs 6  }
# set_param chipscope.maxJobs 2
# set_param synth.enableIncremental 0
# set_param chipscope.flow 0
# set_param ips.addSpecialDataToCacheID 0
# set script_paths /home/tgspock/Github/fpga_learing/xx_fft_lab/xx_fft_lab.runs/impl_1/.Xil/Vivado-6150-tgspock-BOHK-WAX9X/dbg_hub_CV.0/out/get_cs_ip.tcl
# foreach script_path $script_paths { 
#     source $script_path
#     lappend debug_ip_vlnv $ip_vlnv 
#     lappend debug_ip_module_name $ip_module_name
#     lappend debug_params $params
#     lappend debug_intf_params $intf_params
#     lappend debug_connectivity $connectivity
#     lappend debug_output_xci $output_xci
#     lappend debug_output_dcp $output_dcp
#     lappend debug_output_dir $output_dir
#     lappend debug_synth_opts $synth_opts
#     lappend debug_xdc_files $xdc_files
# }
## set_param project.singleFileAddWarning.threshold 0
## set_param runs.launchOptions { -jobs 6  }
## set_param chipscope.maxJobs 2
## set_param synth.enableIncremental 0
## set_param chipscope.flow 0
## set part xczu19eg-ffvc1760-2-i
## set board_part_repo_paths {}
## set board_part {}
## set board_connections {}
## set tool_flow Vivado
## set ip_vlnv xilinx.com:ip:xsdbm:3.0
## set ip_module_name dbg_hub
## set params {{{PARAM_VALUE.C_BSCAN_MODE} {false} {PARAM_VALUE.C_BSCAN_MODE_WITH_CORE} {false} {PARAM_VALUE.C_CLK_INPUT_FREQ_HZ} {300000000} {PARAM_VALUE.C_ENABLE_CLK_DIVIDER} {false} {PARAM_VALUE.C_EN_BSCANID_VEC} {false} {PARAM_VALUE.C_NUM_BSCAN_MASTER_PORTS} {0} {PARAM_VALUE.C_TWO_PRIM_MODE} {false} {PARAM_VALUE.C_USER_SCAN_CHAIN} {1} {PARAM_VALUE.C_USE_EXT_BSCAN} {false} {PARAM_VALUE.C_XSDB_NUM_SLAVES} {1}}}
## set intf_params {}
## set connectivity {}
## set output_xci /home/tgspock/Github/fpga_learing/xx_fft_lab/xx_fft_lab.runs/impl_1/.Xil/Vivado-6150-tgspock-BOHK-WAX9X/dbg_hub_CV.0/out/result.xci
## set output_dcp /home/tgspock/Github/fpga_learing/xx_fft_lab/xx_fft_lab.runs/impl_1/.Xil/Vivado-6150-tgspock-BOHK-WAX9X/dbg_hub_CV.0/out/result.dcp
## set output_dir /home/tgspock/Github/fpga_learing/xx_fft_lab/xx_fft_lab.runs/impl_1/.Xil/Vivado-6150-tgspock-BOHK-WAX9X/dbg_hub_CV.0/out
## set ip_repo_paths {}
## set ip_output_repo /home/tgspock/Github/fpga_learing/xx_fft_lab/xx_fft_lab.cache/ip
## set ip_cache_permissions {read write}
## set oopbus_ip_repo_paths [get_param chipscope.oopbus_ip_repo_paths]
## set synth_opts {}
## set xdc_files {}
# set debug_ip_repo_paths $ip_repo_paths
# set debug_ip_output_repo $ip_output_repo
# set debug_ip_cache_permissions $ip_cache_permissions
# set debug_oopbus_ip_repo_paths [get_param chipscope.oopbus_ip_repo_paths]
# set ordering_constrs 1
# set jobs 2
# source {/tools/Xilinx/Vivado/2023.1/scripts/ip/ipxchipscope.tcl}
create_project: Time (s): cpu = 00:00:10 ; elapsed = 00:00:11 . Memory (MB): peak = 2413.449 ; gain = 112.023 ; free physical = 2222 ; free virtual = 2777
INFO: [IP_Flow 19-234] Refreshing IP repositories
INFO: [IP_Flow 19-1704] No user IP repositories specified
INFO: [IP_Flow 19-2313] Loaded Vivado IP repository '/tools/Xilinx/Vivado/2023.1/data/ip'.
IP SYNTH XDC FILES = 
Current synth_xdc_files = 
DBG: creating temporary IP: dbg_hub
INFO: [Device 21-403] Loading part xczu19eg-ffvc1760-2-i
create_ip: Time (s): cpu = 00:00:08 ; elapsed = 00:00:11 . Memory (MB): peak = 3704.270 ; gain = 1255.133 ; free physical = 710 ; free virtual = 1534
/home/tgspock/Github/fpga_learing/xx_fft_lab/xx_fft_lab.runs/impl_1/.Xil/Vivado-6150-tgspock-BOHK-WAX9X/dc_drv.0/dc/prj_ip.srcs/sources_1/ip/dbg_hub/dbg_hub.xci
INFO: [IP_Flow 19-1686] Generating 'Instantiation Template' target for IP 'dbg_hub'...
INFO: [IP_Flow 19-1686] Generating 'Synthesis' target for IP 'dbg_hub'...
INFO: [IP_Flow 19-1686] Generating 'Simulation' target for IP 'dbg_hub'...
generation completed successfully
Succeeded copying xdc_files
Succeeded copying xci files
INFO: [IP_Flow 19-6924] IPCACHE: Running cache check for IP inst: dbg_hub
created run dbg_hub_synth_1
launching all runs dbg_hub_synth_1
INFO: [IP_Flow 19-6924] IPCACHE: Running cache check for IP inst: dbg_hub
[Thu Apr  2 00:30:55 2026] Launched dbg_hub_synth_1...
Run output will be captured here: /home/tgspock/Github/fpga_learing/xx_fft_lab/xx_fft_lab.runs/impl_1/.Xil/Vivado-6150-tgspock-BOHK-WAX9X/dc_drv.0/dc/prj_ip.runs/dbg_hub_synth_1/runme.log
INFO: [InternalPartition_RunlogStart-1] dbg_hub
[Thu Apr  2 00:30:55 2026] Waiting for dbg_hub_synth_1 to finish...

*** Running vivado
    with args -log dbg_hub.vds -m64 -product Vivado -mode batch -messageDb vivado.pb -notrace -source dbg_hub.tcl


****** Vivado v2023.1 (64-bit)
  **** SW Build 3865809 on Sun May  7 15:04:56 MDT 2023
  **** IP Build 3864474 on Sun May  7 20:36:21 MDT 2023
  **** SharedData Build 3865790 on Sun May 07 13:33:03 MDT 2023
    ** Copyright 1986-2022 Xilinx, Inc. All Rights Reserved.
    ** Copyright 2022-2023 Advanced Micro Devices, Inc. All Rights Reserved.

source dbg_hub.tcl -notrace
/tools/Xilinx/Vivado/2023.1/bin/rdiArgs.sh: line 352:  6269 Killed                  "$RDI_PROG" "$@"
