Copyright 1986-2023 Xilinx, Inc. All Rights Reserved.
--------------------------------------------------------------------------------------
| Tool Version : Vivado v.2022.2.2 (win64) Build 3788238 Tue Feb 21 20:00:34 MST 2023
| Date         : Sun Nov 16 12:47:14 2025
| Host         : DESKTOP-IMB8E6N running 64-bit major release  (build 9200)
| Command      : report_control_sets -verbose -file xviii_top_control_sets_placed.rpt
| Design       : xviii_top
| Device       : xczu19eg
--------------------------------------------------------------------------------------

Control Set Information

Table of Contents
-----------------
1. Summary
2. Histogram
3. Flip-Flop Distribution
4. Detailed Control Set Information

1. Summary
----------

+----------------------------------------------------------+-------+
|                          Status                          | Count |
+----------------------------------------------------------+-------+
| Total control sets                                       |    89 |
|    Minimum number of control sets                        |    89 |
|    Addition due to synthesis replication                 |     0 |
|    Addition due to physical synthesis replication        |     0 |
| Unused register locations in slices containing registers |    78 |
+----------------------------------------------------------+-------+
* Control sets can be merged at opt_design using control_set_merge or merge_equivalent_drivers
** Run report_qor_suggestions for automated merging and remapping suggestions


2. Histogram
------------

+--------------------+-------+
|       Fanout       | Count |
+--------------------+-------+
| Total control sets |    89 |
| >= 0 to < 4        |    26 |
| >= 4 to < 6        |     7 |
| >= 6 to < 8        |     0 |
| >= 8 to < 10       |     0 |
| >= 10 to < 12      |     0 |
| >= 12 to < 14      |     0 |
| >= 14 to < 16      |     0 |
| >= 16              |    56 |
+--------------------+-------+
* Control sets can be remapped at either synth_design or opt_design


3. Flip-Flop Distribution
-------------------------

+--------------+-----------------------+------------------------+-----------------+--------------+
| Clock Enable | Synchronous Set/Reset | Asynchronous Set/Reset | Total Registers | Total Slices |
+--------------+-----------------------+------------------------+-----------------+--------------+
| No           | No                    | No                     |            8238 |         1091 |
| No           | No                    | Yes                    |             116 |           47 |
| No           | Yes                   | No                     |            1741 |          237 |
| Yes          | No                    | No                     |               0 |            0 |
| Yes          | No                    | Yes                    |              87 |           31 |
| Yes          | Yes                   | No                     |            1584 |          232 |
+--------------+-----------------------+------------------------+-----------------+--------------+


4. Detailed Control Set Information
-----------------------------------

+--------------+---------------------------------------------------------------------------------------------------+------------------------------------------------------------------------------------------------------+------------------+----------------+--------------+
| Clock Signal |                                           Enable Signal                                           |                                           Set/Reset Signal                                           | Slice Load Count | Bel Load Count | Bels / Slice |
+--------------+---------------------------------------------------------------------------------------------------+------------------------------------------------------------------------------------------------------+------------------+----------------+--------------+
|  clk_sys     | button_top_inst/button_debounce_array[3].button_debounce_inst/counter_inst/E[0]                   | rst_sys_n_IBUF_inst/O                                                                                |                1 |              2 |         2.00 |
|  clk_sys     | button_top_inst/button_debounce_array[24].button_debounce_inst/counter_inst/E[0]                  | rst_sys_n_IBUF_inst/O                                                                                |                1 |              2 |         2.00 |
|  clk_sys     | button_top_inst/button_debounce_array[23].button_debounce_inst/counter_inst/E[0]                  | rst_sys_n_IBUF_inst/O                                                                                |                1 |              2 |         2.00 |
|  clk_sys     | button_top_inst/button_debounce_array[22].button_debounce_inst/counter_inst/E[0]                  | rst_sys_n_IBUF_inst/O                                                                                |                1 |              2 |         2.00 |
|  clk_sys     | button_top_inst/button_debounce_array[2].button_debounce_inst/counter_inst/E[0]                   | rst_sys_n_IBUF_inst/O                                                                                |                1 |              2 |         2.00 |
|  clk_sys     | button_top_inst/button_debounce_array[25].button_debounce_inst/counter_inst/E[0]                  | rst_sys_n_IBUF_inst/O                                                                                |                1 |              2 |         2.00 |
|  clk_sys     | button_top_inst/button_debounce_array[19].button_debounce_inst/counter_inst/E[0]                  | rst_sys_n_IBUF_inst/O                                                                                |                1 |              2 |         2.00 |
|  clk_sys     | button_top_inst/button_debounce_array[1].button_debounce_inst/counter_inst/E[0]                   | rst_sys_n_IBUF_inst/O                                                                                |                1 |              2 |         2.00 |
|  clk_sys     | button_top_inst/button_debounce_array[5].button_debounce_inst/counter_inst/E[0]                   | rst_sys_n_IBUF_inst/O                                                                                |                1 |              2 |         2.00 |
|  clk_sys     | button_top_inst/button_debounce_array[4].button_debounce_inst/counter_inst/E[0]                   | rst_sys_n_IBUF_inst/O                                                                                |                1 |              2 |         2.00 |
|  clk_sys     | button_top_inst/button_debounce_array[7].button_debounce_inst/counter_inst/E[0]                   | rst_sys_n_IBUF_inst/O                                                                                |                1 |              2 |         2.00 |
|  clk_sys     | button_top_inst/button_debounce_array[14].button_debounce_inst/counter_inst/E[0]                  | rst_sys_n_IBUF_inst/O                                                                                |                1 |              2 |         2.00 |
|  clk_sys     | button_top_inst/button_debounce_array[6].button_debounce_inst/counter_inst/E[0]                   | rst_sys_n_IBUF_inst/O                                                                                |                1 |              2 |         2.00 |
|  clk_sys     | button_top_inst/button_debounce_array[10].button_debounce_inst/counter_inst/E[0]                  | rst_sys_n_IBUF_inst/O                                                                                |                1 |              2 |         2.00 |
|  clk_sys     | button_top_inst/button_debounce_array[18].button_debounce_inst/counter_inst/E[0]                  | rst_sys_n_IBUF_inst/O                                                                                |                1 |              2 |         2.00 |
|  clk_sys     | button_top_inst/button_debounce_array[11].button_debounce_inst/counter_inst/E[0]                  | rst_sys_n_IBUF_inst/O                                                                                |                1 |              2 |         2.00 |
|  clk_sys     | button_top_inst/button_debounce_array[12].button_debounce_inst/counter_inst/E[0]                  | rst_sys_n_IBUF_inst/O                                                                                |                1 |              2 |         2.00 |
|  clk_sys     | button_top_inst/button_debounce_array[9].button_debounce_inst/counter_inst/E[0]                   | rst_sys_n_IBUF_inst/O                                                                                |                1 |              2 |         2.00 |
|  clk_sys     | button_top_inst/button_debounce_array[8].button_debounce_inst/counter_inst/E[0]                   | rst_sys_n_IBUF_inst/O                                                                                |                1 |              2 |         2.00 |
|  clk_sys     | button_top_inst/button_debounce_array[0].button_debounce_inst/counter_inst/E[0]                   | rst_sys_n_IBUF_inst/O                                                                                |                1 |              2 |         2.00 |
|  clk_sys     | button_top_inst/button_debounce_array[13].button_debounce_inst/counter_inst/E[0]                  | rst_sys_n_IBUF_inst/O                                                                                |                1 |              2 |         2.00 |
|  clk_sys     | button_top_inst/button_debounce_array[15].button_debounce_inst/counter_inst/E[0]                  | rst_sys_n_IBUF_inst/O                                                                                |                1 |              2 |         2.00 |
|  clk_sys     | button_top_inst/button_debounce_array[16].button_debounce_inst/counter_inst/E[0]                  | rst_sys_n_IBUF_inst/O                                                                                |                1 |              2 |         2.00 |
|  clk_sys     | button_top_inst/button_debounce_array[17].button_debounce_inst/counter_inst/E[0]                  | rst_sys_n_IBUF_inst/O                                                                                |                1 |              2 |         2.00 |
|  clk_sys     | button_top_inst/button_debounce_array[20].button_debounce_inst/counter_inst/E[0]                  | rst_sys_n_IBUF_inst/O                                                                                |                1 |              2 |         2.00 |
|  clk_sys     | button_top_inst/button_debounce_array[21].button_debounce_inst/counter_inst/E[0]                  | rst_sys_n_IBUF_inst/O                                                                                |                1 |              2 |         2.00 |
|  clk_sys     | button_top_inst/which_button_buffer_0[1][4]_i_1_n_0                                               | rst_sys_n_IBUF_inst/O                                                                                |                1 |              5 |         5.00 |
|  clk_sys     | button_top_inst/which_button_buffer_0[0][4]_i_1_n_0                                               | rst_sys_n_IBUF_inst/O                                                                                |                1 |              5 |         5.00 |
|  clk_sys     | button_top_inst/which_button_buffer_0[2][4]_i_1_n_0                                               | rst_sys_n_IBUF_inst/O                                                                                |                1 |              5 |         5.00 |
|  clk_sys     | button_top_inst/which_button_buffer_0[5][4]_i_1_n_0                                               | rst_sys_n_IBUF_inst/O                                                                                |                1 |              5 |         5.00 |
|  clk_sys     | button_top_inst/which_button_buffer_0[3][4]_i_1_n_0                                               | rst_sys_n_IBUF_inst/O                                                                                |                1 |              5 |         5.00 |
|  clk_sys     | button_top_inst/which_button_buffer_0[4][4]_i_1_n_0                                               | rst_sys_n_IBUF_inst/O                                                                                |                1 |              5 |         5.00 |
|  clk_sys     | button_top_inst/which_button_buffer_0[6][4]_i_1_n_0                                               | rst_sys_n_IBUF_inst/O                                                                                |                1 |              5 |         5.00 |
|  clk_sys     |                                                                                                   | button_top_inst/button_debounce_array[10].button_debounce_inst/counter_inst/reg_count[0]_i_1__14_n_0 |                6 |             48 |         8.00 |
|  clk_sys     |                                                                                                   | button_top_inst/button_debounce_array[18].button_debounce_inst/counter_inst/reg_count[0]_i_1__19_n_0 |                6 |             48 |         8.00 |
|  clk_sys     |                                                                                                   | button_top_inst/button_debounce_array[11].button_debounce_inst/counter_inst/reg_count[0]_i_1__15_n_0 |                6 |             48 |         8.00 |
|  clk_sys     |                                                                                                   | button_top_inst/button_debounce_array[12].button_debounce_inst/counter_inst/reg_count[0]_i_1__2_n_0  |                6 |             48 |         8.00 |
|  clk_sys     |                                                                                                   | buzzer_top_inst/buzzer_array[0].buzzer_inst/counter_inst/reg_count[0]_i_1__25_n_0                    |                6 |             48 |         8.00 |
|  clk_sys     |                                                                                                   | buzzer_top_inst/buzzer_array[1].buzzer_inst/counter_inst/reg_count[0]_i_1__26_n_0                    |                6 |             48 |         8.00 |
|  clk_sys     |                                                                                                   | buzzer_top_inst/buzzer_array[2].buzzer_inst/counter_inst/reg_count[0]_i_1__27_n_0                    |                6 |             48 |         8.00 |
|  clk_sys     |                                                                                                   | buzzer_top_inst/buzzer_array[3].buzzer_inst/counter_inst/reg_count[0]_i_1__28_n_0                    |                6 |             48 |         8.00 |
|  clk_sys     |                                                                                                   | buzzer_top_inst/buzzer_array[4].buzzer_inst/counter_inst/reg_count[0]_i_1__29_n_0                    |                6 |             48 |         8.00 |
|  clk_sys     |                                                                                                   | buzzer_top_inst/buzzer_array[5].buzzer_inst/counter_inst/reg_count[0]_i_1__30_n_0                    |                6 |             48 |         8.00 |
|  clk_sys     | button_top_inst/button_debounce_array[5].button_debounce_inst/counter_inst/reg_valid_reg_n_0_[3]  | rst_sys_n_IBUF_inst/O                                                                                |                7 |             48 |         6.86 |
|  clk_sys     |                                                                                                   | button_top_inst/button_debounce_array[14].button_debounce_inst/counter_inst/reg_count[0]_i_1__0_n_0  |                6 |             48 |         8.00 |
|  clk_sys     | button_top_inst/button_debounce_array[7].button_debounce_inst/counter_inst/reg_valid_reg_n_0_[3]  | rst_sys_n_IBUF_inst/O                                                                                |                6 |             48 |         8.00 |
|  clk_sys     | button_top_inst/button_debounce_array[6].button_debounce_inst/counter_inst/reg_valid_reg_n_0_[3]  | rst_sys_n_IBUF_inst/O                                                                                |                5 |             48 |         9.60 |
|  clk_sys     |                                                                                                   | button_top_inst/button_debounce_array[8].button_debounce_inst/counter_inst/reg_count[0]_i_1__12_n_0  |                6 |             48 |         8.00 |
|  clk_sys     |                                                                                                   | button_top_inst/button_debounce_array[23].button_debounce_inst/counter_inst/reg_count[0]_i_1__5_n_0  |                6 |             48 |         8.00 |
|  clk_sys     |                                                                                                   | button_top_inst/button_debounce_array[22].button_debounce_inst/counter_inst/reg_count[0]_i_1__6_n_0  |                6 |             48 |         8.00 |
|  clk_sys     |                                                                                                   | buzzer_top_inst/buzzer_array[6].buzzer_inst/counter_inst/reg_count[0]_i_1__31_n_0                    |                6 |             48 |         8.00 |
|  clk_sys     |                                                                                                   | button_top_inst/button_debounce_array[2].button_debounce_inst/counter_inst/reg_count[0]_i_1__22_n_0  |                6 |             48 |         8.00 |
|  clk_sys     |                                                                                                   | button_top_inst/button_debounce_array[25].button_debounce_inst/counter_inst/reg_count[0]_i_1__3_n_0  |                6 |             48 |         8.00 |
|  clk_sys     |                                                                                                   | button_top_inst/button_debounce_array[5].button_debounce_inst/counter_inst/reg_count[0]_i_1__9_n_0   |                6 |             48 |         8.00 |
|  clk_sys     |                                                                                                   | button_top_inst/button_debounce_array[4].button_debounce_inst/counter_inst/reg_count[0]_i_1__20_n_0  |                6 |             48 |         8.00 |
|  clk_sys     | button_top_inst/button_debounce_array[9].button_debounce_inst/counter_inst/reg_valid_reg_n_0_[3]  | rst_sys_n_IBUF_inst/O                                                                                |                7 |             48 |         6.86 |
|  clk_sys     |                                                                                                   | button_top_inst/button_debounce_array[3].button_debounce_inst/counter_inst/reg_count[0]_i_1__21_n_0  |                6 |             48 |         8.00 |
|  clk_sys     |                                                                                                   | button_top_inst/button_debounce_array[1].button_debounce_inst/counter_inst/reg_count[0]_i_1__23_n_0  |                6 |             48 |         8.00 |
|  clk_sys     | button_top_inst/button_debounce_array[8].button_debounce_inst/counter_inst/reg_valid_reg_n_0_[3]  | rst_sys_n_IBUF_inst/O                                                                                |                6 |             48 |         8.00 |
|  clk_sys     |                                                                                                   | button_top_inst/button_debounce_array[19].button_debounce_inst/counter_inst/reg_count[0]_i_1_n_0     |                6 |             48 |         8.00 |
|  clk_sys     |                                                                                                   | button_top_inst/button_debounce_array[24].button_debounce_inst/counter_inst/reg_count[0]_i_1__4_n_0  |                6 |             48 |         8.00 |
|  clk_sys     |                                                                                                   | button_top_inst/button_debounce_array[7].button_debounce_inst/counter_inst/reg_count[0]_i_1__11_n_0  |                6 |             48 |         8.00 |
|  clk_sys     | button_top_inst/button_debounce_array[15].button_debounce_inst/counter_inst/reg_valid_reg_n_0_[3] | rst_sys_n_IBUF_inst/O                                                                                |                7 |             48 |         6.86 |
|  clk_sys     | button_top_inst/button_debounce_array[16].button_debounce_inst/counter_inst/reg_valid_reg_n_0_[3] | rst_sys_n_IBUF_inst/O                                                                                |                4 |             48 |        12.00 |
|  clk_sys     |                                                                                                   | button_top_inst/button_debounce_array[6].button_debounce_inst/counter_inst/reg_count[0]_i_1__10_n_0  |                6 |             48 |         8.00 |
|  clk_sys     |                                                                                                   | button_top_inst/button_debounce_array[9].button_debounce_inst/counter_inst/reg_count[0]_i_1__13_n_0  |                6 |             48 |         8.00 |
|  clk_sys     | button_top_inst/button_debounce_array[17].button_debounce_inst/counter_inst/reg_valid_reg_n_0_[3] | rst_sys_n_IBUF_inst/O                                                                                |                8 |             48 |         6.00 |
|  clk_sys     |                                                                                                   | button_top_inst/button_debounce_array[0].button_debounce_inst/counter_inst/reg_count[0]_i_1__24_n_0  |                6 |             48 |         8.00 |
|  clk_sys     |                                                                                                   | button_top_inst/button_debounce_array[13].button_debounce_inst/counter_inst/reg_count[0]_i_1__1_n_0  |                6 |             48 |         8.00 |
|  clk_sys     |                                                                                                   | button_top_inst/button_debounce_array[15].button_debounce_inst/counter_inst/reg_count[0]_i_1__16_n_0 |                6 |             48 |         8.00 |
|  clk_sys     | button_top_inst/button_debounce_array[10].button_debounce_inst/counter_inst/reg_valid_reg_n_0_[3] | rst_sys_n_IBUF_inst/O                                                                                |                8 |             48 |         6.00 |
|  clk_sys     |                                                                                                   | button_top_inst/button_debounce_array[16].button_debounce_inst/counter_inst/reg_count[0]_i_1__17_n_0 |                6 |             48 |         8.00 |
|  clk_sys     | button_top_inst/button_debounce_array[18].button_debounce_inst/counter_inst/reg_valid_reg_n_0_[3] | rst_sys_n_IBUF_inst/O                                                                                |                6 |             48 |         8.00 |
|  clk_sys     |                                                                                                   | button_top_inst/button_debounce_array[17].button_debounce_inst/counter_inst/reg_count[0]_i_1__18_n_0 |                6 |             48 |         8.00 |
|  clk_sys     | button_top_inst/button_debounce_array[11].button_debounce_inst/counter_inst/reg_valid_reg_n_0_[3] | rst_sys_n_IBUF_inst/O                                                                                |                4 |             48 |        12.00 |
|  clk_sys     |                                                                                                   | button_top_inst/button_debounce_array[20].button_debounce_inst/counter_inst/reg_count[0]_i_1__8_n_0  |                6 |             48 |         8.00 |
|  clk_sys     |                                                                                                   | button_top_inst/button_debounce_array[21].button_debounce_inst/counter_inst/reg_count[0]_i_1__7_n_0  |                6 |             48 |         8.00 |
|  clk_sys     | buzzer_top_inst/buzzer_array[3].buzzer_inst/counter_inst/reg_valid_reg_n_0_[3]                    | rst_sys_n_IBUF_inst/O                                                                                |                9 |             48 |         5.33 |
|  clk_sys     | buzzer_top_inst/buzzer_array[0].buzzer_inst/counter_inst/reg_valid_reg_n_0_[3]                    | rst_sys_n_IBUF_inst/O                                                                                |               12 |             48 |         4.00 |
|  clk_sys     | buzzer_top_inst/buzzer_array[1].buzzer_inst/counter_inst/reg_valid_reg_n_0_[3]                    | rst_sys_n_IBUF_inst/O                                                                                |               10 |             48 |         4.80 |
|  clk_sys     | buzzer_top_inst/buzzer_array[2].buzzer_inst/counter_inst/reg_valid_reg_n_0_[3]                    | rst_sys_n_IBUF_inst/O                                                                                |                5 |             48 |         9.60 |
|  clk_sys     | buzzer_top_inst/buzzer_array[4].buzzer_inst/counter_inst/reg_valid_reg_n_0_[3]                    | rst_sys_n_IBUF_inst/O                                                                                |                6 |             48 |         8.00 |
|  clk_sys     | buzzer_top_inst/buzzer_array[5].buzzer_inst/counter_inst/reg_valid_reg_n_0_[3]                    | rst_sys_n_IBUF_inst/O                                                                                |               10 |             48 |         4.80 |
|  clk_sys     | buzzer_top_inst/buzzer_array[6].buzzer_inst/counter_inst/reg_valid_reg_n_0_[3]                    | rst_sys_n_IBUF_inst/O                                                                                |                8 |             48 |         6.00 |
|  clk_sys     | button_top_inst/button_debounce_array[19].button_debounce_inst/counter_inst/reg_valid_reg[3]_0[0] | rst_sys_n_IBUF_inst/O                                                                                |               25 |            192 |         7.68 |
|  clk_sys     | button_top_inst/button_debounce_array[4].button_debounce_inst/counter_inst/reg_valid_reg[3]_0[0]  | rst_sys_n_IBUF_inst/O                                                                                |               36 |            240 |         6.67 |
|  clk_sys     |                                                                                                   | rst_sys_n_IBUF_inst/O                                                                                |               85 |            273 |         3.21 |
|  clk_sys     | button_top_inst/button_debounce_array[25].button_debounce_inst/counter_inst/reg_valid_reg[3]_0[0] | rst_sys_n_IBUF_inst/O                                                                                |               43 |            288 |         6.70 |
|  clk_sys     |                                                                                                   |                                                                                                      |             1091 |           8259 |         7.57 |
+--------------+---------------------------------------------------------------------------------------------------+------------------------------------------------------------------------------------------------------+------------------+----------------+--------------+


