Copyright 1986-2023 Xilinx, Inc. All Rights Reserved.
-------------------------------------------------------------------------------------------------------------------------------------------------
| Tool Version     : Vivado v.2022.2.2 (win64) Build 3788238 Tue Feb 21 20:00:34 MST 2023
| Date             : Sun Nov 16 12:50:01 2025
| Host             : DESKTOP-IMB8E6N running 64-bit major release  (build 9200)
| Command          : report_power -file xviii_top_power_routed.rpt -pb xviii_top_power_summary_routed.pb -rpx xviii_top_power_routed.rpx
| Design           : xviii_top
| Device           : xczu19eg-ffvc1760-2-i
| Design State     : routed
| Grade            : industrial
| Process          : typical
| Characterization : Production
-------------------------------------------------------------------------------------------------------------------------------------------------

Power Report

Table of Contents
-----------------
1. Summary
1.1 On-Chip Components
1.2 Power Supply Summary
1.3 Confidence Level
2. Settings
2.1 Environment
2.2 Clock Constraints
3. Detailed Reports
3.1 By Hierarchy

1. Summary
----------

+--------------------------+--------------+
| Total On-Chip Power (W)  | 1.258        |
| Design Power Budget (W)  | Unspecified* |
| Power Budget Margin (W)  | NA           |
| Dynamic (W)              | 0.152        |
| Device Static (W)        | 1.106        |
| Effective TJA (C/W)      | 0.7          |
| Max Ambient (C)          | 99.1         |
| Junction Temperature (C) | 25.9         |
| Confidence Level         | Low          |
| Setting File             | ---          |
| Simulation Activity File | ---          |
| Design Nets Matched      | NA           |
+--------------------------+--------------+
* Specify Design Power Budget using, set_operating_conditions -design_power_budget <value in Watts>


1.1 On-Chip Components
----------------------

+-------------------------+-----------+----------+-----------+-----------------+
| On-Chip                 | Power (W) | Used     | Available | Utilization (%) |
+-------------------------+-----------+----------+-----------+-----------------+
| Clocks                  |     0.073 |        3 |       --- |             --- |
| CLB Logic               |     0.009 |    22470 |       --- |             --- |
|   LUT as Logic          |     0.007 |     8407 |    522720 |            1.61 |
|   CARRY8                |     0.001 |     1169 |     65340 |            1.79 |
|   Register              |    <0.001 |    11766 |   1045440 |            1.13 |
|   LUT as Shift Register |    <0.001 |       21 |    161280 |            0.01 |
|   Others                |     0.000 |      169 |       --- |             --- |
|   F7/F8 Muxes           |     0.000 |        2 |    522720 |           <0.01 |
| Signals                 |     0.008 |    24160 |       --- |             --- |
| DSPs                    |     0.055 |      264 |      1968 |           13.41 |
| I/O                     |     0.006 |       36 |       512 |            7.03 |
| Static Power            |     1.106 |          |           |                 |
| Total                   |     1.258 |          |           |                 |
+-------------------------+-----------+----------+-----------+-----------------+


1.2 Power Supply Summary
------------------------

+-----------------+-------------+-----------+-------------+------------+-------------+-------------+------------+
| Source          | Voltage (V) | Total (A) | Dynamic (A) | Static (A) | Powerup (A) | Budget (A)  | Margin (A) |
+-----------------+-------------+-----------+-------------+------------+-------------+-------------+------------+
| Vccint          |       0.850 |     0.470 |       0.171 |      0.299 |       NA    | Unspecified | NA         |
| Vccint_io       |       0.850 |     0.097 |       0.001 |      0.096 |       NA    | Unspecified | NA         |
| Vccbram         |       0.850 |     0.004 |       0.000 |      0.004 |       NA    | Unspecified | NA         |
| Vccaux          |       1.800 |     0.338 |       0.000 |      0.338 |       NA    | Unspecified | NA         |
| Vccaux_io       |       1.800 |     0.075 |       0.002 |      0.073 |       NA    | Unspecified | NA         |
| Vcco33          |       3.300 |     0.000 |       0.000 |      0.000 |       NA    | Unspecified | NA         |
| Vcco25          |       2.500 |     0.000 |       0.000 |      0.000 |       NA    | Unspecified | NA         |
| Vcco18          |       1.800 |     0.001 |       0.001 |      0.000 |       NA    | Unspecified | NA         |
| Vcco15          |       1.500 |     0.000 |       0.000 |      0.000 |       NA    | Unspecified | NA         |
| Vcco135         |       1.350 |     0.000 |       0.000 |      0.000 |       NA    | Unspecified | NA         |
| Vcco12          |       1.200 |     0.000 |       0.000 |      0.000 |       NA    | Unspecified | NA         |
| Vcco10          |       1.000 |     0.000 |       0.000 |      0.000 |       NA    | Unspecified | NA         |
| Vccadc          |       1.800 |     0.008 |       0.000 |      0.008 |       NA    | Unspecified | NA         |
| VCC_PSINTFP     |       0.850 |     0.000 |       0.000 |      0.000 |       NA    | Unspecified | NA         |
| VCC_PSINTLP     |       0.850 |     0.005 |       0.000 |      0.005 |       NA    | Unspecified | NA         |
| VPS_MGTRAVCC    |       0.850 |     0.000 |       0.000 |      0.000 |       NA    | Unspecified | NA         |
| VCC_PSINTFP_DDR |       0.850 |     0.000 |       0.000 |      0.000 |       NA    | Unspecified | NA         |
| VCC_PSPLL       |       1.200 |     0.002 |       0.000 |      0.002 |       NA    | Unspecified | NA         |
| VPS_MGTRAVTT    |       1.800 |     0.000 |       0.000 |      0.000 |       NA    | Unspecified | NA         |
| VCCO_PSDDR_504  |       1.200 |     0.000 |       0.000 |      0.000 |       NA    | Unspecified | NA         |
| VCC_PSAUX       |       1.800 |     0.002 |       0.000 |      0.002 |       NA    | Unspecified | NA         |
| VCC_PSBATT      |       1.200 |     0.000 |       0.000 |      0.000 |       NA    | Unspecified | NA         |
| VCC_PSDDR_PLL   |       1.800 |     0.000 |       0.000 |      0.000 |       NA    | Unspecified | NA         |
| VCCO_PSIO0_500  |       3.300 |     0.000 |       0.000 |      0.000 |       NA    | Unspecified | NA         |
| VCCO_PSIO1_501  |       3.300 |     0.000 |       0.000 |      0.000 |       NA    | Unspecified | NA         |
| VCCO_PSIO2_502  |       3.300 |     0.000 |       0.000 |      0.000 |       NA    | Unspecified | NA         |
| VCCO_PSIO3_503  |       3.300 |     0.000 |       0.000 |      0.000 |       NA    | Unspecified | NA         |
| VCC_PSADC       |       1.800 |     0.002 |       0.000 |      0.002 |       NA    | Unspecified | NA         |
| MGTAVcc         |       0.900 |     0.000 |       0.000 |      0.000 |       NA    | Unspecified | NA         |
| MGTAVtt         |       1.200 |     0.000 |       0.000 |      0.000 |       NA    | Unspecified | NA         |
| MGTVccaux       |       1.800 |     0.000 |       0.000 |      0.000 |       NA    | Unspecified | NA         |
| MGTYAVcc        |       0.900 |     0.000 |       0.000 |      0.000 |       NA    | Unspecified | NA         |
| MGTYAVtt        |       1.200 |     0.000 |       0.000 |      0.000 |       NA    | Unspecified | NA         |
| MGTYVccaux      |       1.800 |     0.000 |       0.000 |      0.000 |       NA    | Unspecified | NA         |
+-----------------+-------------+-----------+-------------+------------+-------------+-------------+------------+


1.3 Confidence Level
--------------------

+-----------------------------+------------+--------------------------------------------------------+------------------------------------------------------------------------------------------------------------+
| User Input Data             | Confidence | Details                                                | Action                                                                                                     |
+-----------------------------+------------+--------------------------------------------------------+------------------------------------------------------------------------------------------------------------+
| Design implementation state | High       | Design is routed                                       |                                                                                                            |
| Clock nodes activity        | High       | User specified more than 95% of clocks                 |                                                                                                            |
| I/O nodes activity          | Low        | More than 75% of inputs are missing user specification | Provide missing input activity with simulation results or by editing the "By Resource Type -> I/Os" view   |
| Internal nodes activity     | Medium     | User specified less than 25% of internal nodes         | Provide missing internal nodes activity with simulation results or by editing the "By Resource Type" views |
| Device models               | High       | Device models are Production                           |                                                                                                            |
|                             |            |                                                        |                                                                                                            |
| Overall confidence level    | Low        |                                                        |                                                                                                            |
+-----------------------------+------------+--------------------------------------------------------+------------------------------------------------------------------------------------------------------------+


2. Settings
-----------

2.1 Environment
---------------

+-----------------------+--------------------------+
| Ambient Temp (C)      | 25.0                     |
| ThetaJA (C/W)         | 0.7                      |
| Airflow (LFM)         | 250                      |
| Heat Sink             | medium (Medium Profile)  |
| ThetaSA (C/W)         | 0.9                      |
| Board Selection       | medium (10"x10")         |
| # of Board Layers     | 12to15 (12 to 15 Layers) |
| Board Temperature (C) | 25.0                     |
+-----------------------+--------------------------+


2.2 Clock Constraints
---------------------

+---------+-----------+-----------------+
| Clock   | Domain    | Constraint (ns) |
+---------+-----------+-----------------+
| sys_clk | clk_sys_p |             5.0 |
+---------+-----------+-----------------+


3. Detailed Reports
-------------------

3.1 By Hierarchy
----------------

+----------------------------------------------------+-----------+
| Name                                               | Power (W) |
+----------------------------------------------------+-----------+
| xviii_top                                          |     0.152 |
|   IBUFGDS_SYS                                      |     0.004 |
|   button_top_inst                                  |     0.116 |
|     button_debounce_array[0].button_debounce_inst  |     0.004 |
|       counter_inst                                 |     0.004 |
|     button_debounce_array[10].button_debounce_inst |     0.004 |
|       counter_inst                                 |     0.004 |
|     button_debounce_array[11].button_debounce_inst |     0.004 |
|       counter_inst                                 |     0.004 |
|     button_debounce_array[12].button_debounce_inst |     0.004 |
|       counter_inst                                 |     0.004 |
|     button_debounce_array[13].button_debounce_inst |     0.004 |
|       counter_inst                                 |     0.004 |
|     button_debounce_array[14].button_debounce_inst |     0.004 |
|       counter_inst                                 |     0.004 |
|     button_debounce_array[15].button_debounce_inst |     0.004 |
|       counter_inst                                 |     0.004 |
|     button_debounce_array[16].button_debounce_inst |     0.004 |
|       counter_inst                                 |     0.004 |
|     button_debounce_array[17].button_debounce_inst |     0.004 |
|       counter_inst                                 |     0.004 |
|     button_debounce_array[18].button_debounce_inst |     0.004 |
|       counter_inst                                 |     0.004 |
|     button_debounce_array[19].button_debounce_inst |     0.004 |
|       counter_inst                                 |     0.004 |
|     button_debounce_array[1].button_debounce_inst  |     0.004 |
|       counter_inst                                 |     0.004 |
|     button_debounce_array[20].button_debounce_inst |     0.004 |
|       counter_inst                                 |     0.004 |
|     button_debounce_array[21].button_debounce_inst |     0.004 |
|       counter_inst                                 |     0.004 |
|     button_debounce_array[22].button_debounce_inst |     0.004 |
|       counter_inst                                 |     0.004 |
|     button_debounce_array[23].button_debounce_inst |     0.004 |
|       counter_inst                                 |     0.004 |
|     button_debounce_array[24].button_debounce_inst |     0.004 |
|       counter_inst                                 |     0.004 |
|     button_debounce_array[25].button_debounce_inst |     0.004 |
|       counter_inst                                 |     0.004 |
|     button_debounce_array[2].button_debounce_inst  |     0.004 |
|       counter_inst                                 |     0.004 |
|     button_debounce_array[3].button_debounce_inst  |     0.004 |
|       counter_inst                                 |     0.004 |
|     button_debounce_array[4].button_debounce_inst  |     0.004 |
|       counter_inst                                 |     0.004 |
|     button_debounce_array[5].button_debounce_inst  |     0.004 |
|       counter_inst                                 |     0.004 |
|     button_debounce_array[6].button_debounce_inst  |     0.004 |
|       counter_inst                                 |     0.004 |
|     button_debounce_array[7].button_debounce_inst  |     0.004 |
|       counter_inst                                 |     0.004 |
|     button_debounce_array[8].button_debounce_inst  |     0.004 |
|       counter_inst                                 |     0.004 |
|     button_debounce_array[9].button_debounce_inst  |     0.004 |
|       counter_inst                                 |     0.004 |
|   buzzer_top_inst                                  |     0.030 |
|     buzzer_array[0].buzzer_inst                    |     0.004 |
|       counter_inst                                 |     0.004 |
|     buzzer_array[1].buzzer_inst                    |     0.004 |
|       counter_inst                                 |     0.004 |
|     buzzer_array[2].buzzer_inst                    |     0.004 |
|       counter_inst                                 |     0.004 |
|     buzzer_array[3].buzzer_inst                    |     0.004 |
|       counter_inst                                 |     0.004 |
|     buzzer_array[4].buzzer_inst                    |     0.004 |
|       counter_inst                                 |     0.004 |
|     buzzer_array[5].buzzer_inst                    |     0.004 |
|       counter_inst                                 |     0.004 |
|     buzzer_array[6].buzzer_inst                    |     0.004 |
|       counter_inst                                 |     0.004 |
+----------------------------------------------------+-----------+


